Component: ARM Compiler 5.06 update 5 (build 528) Tool: armlink [4d35e2]

==============================================================================

Section Cross References

    main.o(.text) refers to delay.o(.text) for delay_init
    main.o(.text) refers to button4_4.o(.text) for Button4_4_Init
    main.o(.text) refers to timer_key.o(.text) for TimerKey_Init
    main.o(.text) refers to oled.o(.text) for OLED_Init
    main.o(.text) refers to servo.o(.text) for PCA9685_Init
    main.o(.text) refers to rc522.o(.text) for rc522Init
    main.o(.text) refers to user_logic.o(.text) for UserLogic_Init
    main.o(.text) refers to main.o(.data) for .data
    system_stm32f10x.o(.text) refers to system_stm32f10x.o(.data) for .data
    timer_key.o(.text) refers to stm32f10x_gpio.o(.text) for GPIO_ResetBits
    timer_key.o(.text) refers to stm32f10x_rcc.o(.text) for RCC_APB1PeriphClockCmd
    timer_key.o(.text) refers to stm32f10x_tim.o(.text) for TIM_TimeBaseInit
    timer_key.o(.text) refers to misc.o(.text) for NVIC_Init
    timer_key.o(.text) refers to timer_key.o(.data) for .data
    timer_key.o(.text) refers to system_stm32f10x.o(.data) for SystemCoreClock
    rc522.o(.text) refers to stm32f10x_gpio.o(.text) for GPIO_ResetBits
    rc522.o(.text) refers to delay.o(.text) for delay_ms
    rc522.o(.text) refers to stm32f10x_rcc.o(.text) for RCC_APB2PeriphClockCmd
    oled.o(.text) refers to stm32f10x_gpio.o(.text) for GPIO_WriteBit
    oled.o(.text) refers to stm32f10x_rcc.o(.text) for RCC_APB2PeriphClockCmd
    oled.o(.text) refers to dflt_clz.o(x$fpl$dflt) for __aeabi_i2d
    oled.o(.text) refers to atan2.o(i.atan2) for atan2
    oled.o(.text) refers to ddiv.o(x$fpl$ddiv) for __aeabi_ddiv
    oled.o(.text) refers to dmul.o(x$fpl$dmul) for __aeabi_dmul
    oled.o(.text) refers to dfix.o(x$fpl$dfix) for __aeabi_d2iz
    oled.o(.text) refers to oled.o(.bss) for .bss
    oled.o(.text) refers to drleqf.o(x$fpl$drleqf) for __aeabi_cdrcmple
    oled.o(.text) refers to dfixu.o(x$fpl$dfixu) for __aeabi_d2uiz
    oled.o(.text) refers to dflt_clz.o(x$fpl$dfltu) for __aeabi_ui2d
    oled.o(.text) refers to daddsub_clz.o(x$fpl$drsb) for __aeabi_drsub
    oled.o(.text) refers to round.o(i.round) for round
    oled.o(.text) refers to strcmpv7m.o(.text) for strcmp
    oled.o(.text) refers to vsprintf.o(.text) for vsprintf
    oled.o(.text) refers to oled_data.o(.constdata) for OLED_F6x8
    oled.o(.text) refers to oled_data.o(.constdata) for OLED_F8x16
    oled.o(.text) refers to oled_data.o(.constdata) for OLED_CF16x16
    oled.o(.text) refers to daddsub_clz.o(x$fpl$dadd) for __aeabi_dadd
    oled.o(.text) refers to d2f.o(x$fpl$d2f) for __aeabi_d2f
    oled.o(.text) refers to fflt_clz.o(x$fpl$fflt) for __aeabi_i2f
    oled.o(.text) refers to faddsub_clz.o(x$fpl$fadd) for __aeabi_fadd
    oled.o(.text) refers to daddsub_clz.o(x$fpl$dsub) for __aeabi_dsub
    oled.o(.text) refers to dleqf.o(x$fpl$dleqf) for __aeabi_cdcmple
    servo.o(.text) refers to stm32f10x_i2c.o(.text) for I2C_GenerateSTART
    servo.o(.text) refers to scalbnf.o(x$fpl$scalbnf) for __ARM_scalbnf
    servo.o(.text) refers to fdiv.o(x$fpl$fdiv) for __aeabi_fdiv
    servo.o(.text) refers to ffixu.o(x$fpl$ffixu) for __aeabi_f2uiz
    servo.o(.text) refers to stm32f10x_rcc.o(.text) for RCC_APB2PeriphClockCmd
    servo.o(.text) refers to stm32f10x_gpio.o(.text) for GPIO_Init
    servo.o(.text) refers to f2d.o(x$fpl$f2d) for __aeabi_f2d
    servo.o(.text) refers to ddiv.o(x$fpl$ddiv) for __aeabi_ddiv
    servo.o(.text) refers to dmul.o(x$fpl$dmul) for __aeabi_dmul
    servo.o(.text) refers to daddsub_clz.o(x$fpl$dadd) for __aeabi_dadd
    servo.o(.text) refers to d2f.o(x$fpl$d2f) for __aeabi_d2f
    button4_4.o(.text) refers to stm32f10x_gpio.o(.text) for GPIO_ReadInputDataBit
    button4_4.o(.text) refers to delay.o(.text) for delay_ms
    button4_4.o(.text) refers to stm32f10x_rcc.o(.text) for RCC_APB2PeriphClockCmd
    button4_4.o(.text) refers to button4_4.o(.data) for .data
    user_logic.o(.text) refers to stm32f10x_flash.o(.text) for FLASH_Unlock
    user_logic.o(.text) refers to oled.o(.text) for OLED_ClearArea
    user_logic.o(.text) refers to atoi.o(.text) for atoi
    user_logic.o(.text) refers to rt_memclr_w.o(.text) for __aeabi_memclr4
    user_logic.o(.text) refers to servo.o(.text) for PCA9685_SetAngle
    user_logic.o(.text) refers to rand.o(.emb_text) for rand
    user_logic.o(.text) refers to __2sprintf.o(.text) for __2sprintf
    user_logic.o(.text) refers to user_logic.o(.bss) for .bss
    user_logic.o(.text) refers to user_logic.o(.data) for .data
    user_logic.o(.text) refers to main.o(.data) for CardA_UID
    user_logic.o(.text) refers to user_logic.o(.constdata) for .constdata
    delay.o(.text) refers to misc.o(.text) for SysTick_CLKSourceConfig
    delay.o(.text) refers to system_stm32f10x.o(.data) for SystemCoreClock
    delay.o(.text) refers to delay.o(.data) for .data
[...]
    __main                                   0x080000ed   Thumb Code     8  __main.o(!!!main)
    __scatterload                            0x080000f5   Thumb Code     0  __scatter.o(!!!scatter)
    __scatterload_rt2                        0x080000f5   Thumb Code    44  __scatter.o(!!!scatter)
    __scatterload_rt2_thumb_only             0x080000f5   Thumb Code     0  __scatter.o(!!!scatter)
    __scatterload_null                       0x08000103   Thumb Code     0  __scatter.o(!!!scatter)
    __scatterload_copy                       0x08000129   Thumb Code    26  __scatter_copy.o(!!handler_copy)
    __scatterload_zeroinit                   0x08000145   Thumb Code    28  __scatter_zi.o(!!handler_zi)
    _printf_n                                0x08000161   Thumb Code     0  _printf_n.o(.ARM.Collect$$_printf_percent$$00000001)
    _printf_percent                          0x08000161   Thumb Code     0  _printf_percent.o(.ARM.Collect$$_printf_percent$$00000000)
    _printf_p                                0x08000167   Thumb Code     0  _printf_p.o(.ARM.Collect$$_printf_percent$$00000002)
    _printf_f                                0x0800016d   Thumb Code     0  _printf_f.o(.ARM.Collect$$_printf_percent$$00000003)
    _printf_e                                0x08000173   Thumb Code     0  _printf_e.o(.ARM.Collect$$_printf_percent$$00000004)
    _printf_g                                0x08000179   Thumb Code     0  _printf_g.o(.ARM.Collect$$_printf_percent$$00000005)
    _printf_a                                0x0800017f   Thumb Code     0  _printf_a.o(.ARM.Collect$$_printf_percent$$00000006)
    _printf_ll                               0x08000185   Thumb Code     0  _printf_ll.o(.ARM.Collect$$_printf_percent$$00000007)
    _printf_i                                0x0800018f   Thumb Code     0  _printf_i.o(.ARM.Collect$$_printf_percent$$00000008)
    _printf_d                                0x08000195   Thumb Code     0  _printf_d.o(.ARM.Collect$$_printf_percent$$00000009)
    _printf_u                                0x0800019b   Thumb Code     0  _printf_u.o(.ARM.Collect$$_printf_percent$$0000000A)
    _printf_o                                0x080001a1   Thumb Code     0  _printf_o.o(.ARM.Collect$$_printf_percent$$0000000B)
    _printf_x                                0x080001a7   Thumb Code     0  _printf_x.o(.ARM.Collect$$_printf_percent$$0000000C)
    _printf_lli                              0x080001ad   Thumb Code     0  _printf_lli.o(.ARM.Collect$$_printf_percent$$0000000D)
    _printf_lld                              0x080001b3   Thumb Code     0  _printf_lld.o(.ARM.Collect$$_printf_percent$$0000000E)
    _printf_llu                              0x080001b9   Thumb Code     0  _printf_llu.o(.ARM.Collect$$_printf_percent$$0000000F)
    _printf_llo                              0x080001bf   Thumb Code     0  _printf_llo.o(.ARM.Collect$$_printf_percent$$00000010)
    _printf_llx                              0x080001c5   Thumb Code     0  _printf_llx.o(.ARM.Collect$$_printf_percent$$00000011)
    _printf_l                                0x080001cb   Thumb Code     0  _printf_l.o(.ARM.Collect$$_printf_percent$$00000012)
    _printf_c                                0x080001d5   Thumb Code     0  _printf_c.o(.ARM.Collect$$_printf_percent$$00000013)
    _printf_s                                0x080001db   Thumb Code     0  _printf_s.o(.ARM.Collect$$_printf_percent$$00000014)
    _printf_lc                               0x080001e1   Thumb Code     0  _printf_lc.o(.ARM.Collect$$_printf_percent$$00000015)
    _printf_ls                               0x080001e7   Thumb Code     0  _printf_ls.o(.ARM.Collect$$_printf_percent$$00000016)
    _printf_percent_end                      0x080001ed   Thumb Code     0  _printf_percent_end.o(.ARM.Collect$$_printf_percent$$00000017)
    __rt_lib_init                            0x080001f1   Thumb Code     0  libinit.o(.ARM.Collect$$libinit$$00000000)
    __rt_lib_init_fp_1                       0x080001f3   Thumb Code     0  libinit2.o(.ARM.Collect$$libinit$$00000002)
    __rt_lib_init_heap_1                     0x080001f3   Thumb Code     0  libinit2.o(.ARM.Collect$$libinit$$0000000A)
    __rt_lib_init_preinit_1                  0x080001f3   Thumb Code     0  libinit2.o(.ARM.Collect$$libinit$$00000004)
    __rt_lib_init_rand_2                     0x080001f3   Thumb Code     0  libinit2.o(.ARM.Collect$$libinit$$0000000D)
    __rt_lib_init_user_alloc_1               0x080001f3   Thumb Code     0  libinit2.o(.ARM.Collect$$libinit$$0000000C)
    __rt_lib_init_lc_common                  0x080001f7   Thumb Code     0  libinit2.o(.ARM.Collect$$libinit$$0000000F)
    __rt_lib_init_rand_1                     0x080001f7   Thumb Code     0  libinit2.o(.ARM.Collect$$libinit$$0000000E)
    __rt_lib_init_lc_collate_1               0x080001fd   Thumb Code     0  libinit2.o(.ARM.Collect$$libinit$$00000011)
    __rt_lib_init_lc_ctype_2                 0x080001fd   Thumb Code     0  libinit2.o(.ARM.Collect$$libinit$$00000012)
    __rt_lib_init_lc_ctype_1                 0x08000209   Thumb Code     0  libinit2.o(.ARM.Collect$$libinit$$00000013)
    __rt_lib_init_lc_monetary_1              0x08000209   Thumb Code     0  libinit2.o(.ARM.Collect$$libinit$$00000015)
    __rt_lib_init_lc_numeric_2               0x08000209   Thumb Code     0  libinit2.o(.ARM.Collect$$libinit$$00000016)
    __rt_lib_init_alloca_1                   0x08000213   Thumb Code     0  libinit2.o(.ARM.Collect$$libinit$$0000002E)
    __rt_lib_init_argv_1                     0x08000213   Thumb Code     0  libinit2.o(.ARM.Collect$$libinit$$0000002C)
    __rt_lib_init_atexit_1                   0x08000213   Thumb Code     0  libinit2.o(.ARM.Collect$$libinit$$0000001B)
    __rt_lib_init_clock_1                    0x08000213   Thumb Code     0  libinit2.o(.ARM.Collect$$libinit$$00000021)
    __rt_lib_init_cpp_1                      0x08000213   Thumb Code     0  libinit2.o(.ARM.Collect$$libinit$$00000032)
    __rt_lib_init_exceptions_1               0x08000213   Thumb Code     0  libinit2.o(.ARM.Collect$$libinit$$00000030)
    __rt_lib_init_fp_trap_1                  0x08000213   Thumb Code     0  libinit2.o(.ARM.Collect$$libinit$$0000001F)
    __rt_lib_init_getenv_1                   0x08000213   Thumb Code     0  libinit2.o(.ARM.Collect$$libinit$$00000023)
    __rt_lib_init_lc_numeric_1               0x08000213   Thumb Code     0  libinit2.o(.ARM.Collect$$libinit$$00000017)
    __rt_lib_init_lc_time_1                  0x08000213   Thumb Code     0  libinit2.o(.ARM.Collect$$libinit$$00000019)
    __rt_lib_init_return                     0x08000213   Thumb Code     0  libinit2.o(.ARM.Collect$$libinit$$00000033)
    __rt_lib_init_signal_1                   0x08000213   Thumb Code     0  libinit2.o(.ARM.Collect$$libinit$$0000001D)
    __rt_lib_init_stdio_1                    0x08000213   Thumb Code     0  libinit2.o(.ARM.Collect$$libinit$$00000025)
    __rt_lib_shutdown                        0x08000215   Thumb Code     0  libshutdown.o(.ARM.Collect$$libshutdown$$00000000)
    __rt_lib_shutdown_cpp_1                  0x08000217   Thumb Code     0  libshutdown2.o(.ARM.Collect$$libshutdown$$00000002)
    __rt_lib_shutdown_fp_trap_1              0x08000217   Thumb Code     0  libshutdown2.o(.ARM.Collect$$libshutdown$$00000007)
    __rt_lib_shutdown_heap_1                 0x08000217   Thumb Code     0  libshutdown2.o(.ARM.Collect$$libshutdown$$0000000F)
    __rt_lib_shutdown_return                 0x08000217   Thumb Code     0  libshutdown2.o(.ARM.Collect$$libshutdown$$00000010)
    __rt_lib_shutdown_signal_1               0x08000217   Thumb Code     0  libshutdown2.o(.ARM.Collect$$libshutdown$$0000000A)
    __rt_lib_shutdown_stdio_1                0x08000217   Thumb Code     0  libshutdown2.o(.ARM.Collect$$libshutdown$$00000004)
    __rt_lib_shutdown_user_alloc_1           0x08000217   Thumb Code     0  libshutdown2.o(.ARM.Collect$$libshutdown$$0000000C)
    __rt_entry                               0x08000219   Thumb Code     0  __rtentry.o(.ARM.Collect$$rtentry$$00000000)
    __rt_entry_presh_1                       0x08000219   Thumb Code     0  __rtentry2.o(.ARM.Collect$$rtentry$$00000002)
    __rt_entry_sh                            0x08000219   Thumb Code     0  __rtentry4.o(.ARM.Collect$$rtentry$$00000004)
    __rt_entry_li                            0x0800021f   Thumb Code     0  __rtentry2.o(.ARM.Collect$$rtentry$$0000000A)
    __rt_entry_postsh_1                      0x0800021f   Thumb Code     0  __rtentry2.o(.ARM.Collect$$rtentry$$00000009)
    __rt_entry_main                          0x08000223   Thumb Code     0  __rtentry2.o(.ARM.Collect$$rtentry$$0000000D)
    __rt_entry_postli_1                      0x08000223   Thumb Code     0  __rtentry2.o(.ARM.Collect$$rtentry$$0000000C)
    __rt_exit                                0x0800022b   Thumb Code     0  rtexit.o(.ARM.Collect$$rtexit$$00000000)
    __rt_exit_ls                             0x0800022d   Thumb Code     0  rtexit2.o(.ARM.Collect$$rtexit$$00000003)
    __rt_exit_prels_1                        0x0800022d   Thumb Code     0  rtexit2.o(.ARM.Collect$$rtexit$$00000002)
    __rt_exit_exit                           0x08000231   Thumb Code     0  rtexit2.o(.ARM.Collect$$rtexit$$00000004)
    rand                                     0x08000239   Thumb Code    48  rand.o(.emb_text)
    Check_CardA                              0x0800026d   Thumb Code    42  main.o(.text)
    main                                     0x08000297   Thumb Code    70  main.o(.text)
    NMI_Handler                              0x080002e5   Thumb Code     2  stm32f10x_it.o(.text)
    HardFault_Handler                        0x080002e7   Thumb Code     2  stm32f10x_it.o(.text)
    MemManage_Handler                        0x080002e9   Thumb Code     2  stm32f10x_it.o(.text)
    BusFault_Handler                         0x080002eb   Thumb Code     2  stm32f10x_it.o(.text)
    UsageFault_Handler                       0x080002ed   Thumb Code     2  stm32f10x_it.o(.text)
    SVC_Handler                              0x080002ef   Thumb Code     2  stm32f10x_it.o(.text)
    DebugMon_Handler                         0x080002f1   Thumb Code     2  stm32f10x_it.o(.text)
    PendSV_Handler                           0x080002f3   Thumb Code     2  stm32f10x_it.o(.text)
    SysTick_Handler                          0x080002f5   Thumb Code     2  stm32f10x_it.o(.text)
    SystemInit                               0x08000399   Thumb Code    64  system_stm32f10x.o(.text)
    SystemCoreClockUpdate                    0x080003d9   Thumb Code    86  system_stm32f10x.o(.text)
    TimerKey_GetKey                          0x08000603   Thumb Code    14  timer_key.o(.text)
    TimerKey_Init                            0x08000611   Thumb Code   112  timer_key.o(.text)
    TIM2_IRQHandler                          0x08000681   Thumb Code    34  timer_key.o(.text)
    rc522Init                                0x0800079d   Thumb Code   106  rc522.o(.text)
    rc522IsConnected                         0x0800091f   Thumb Code    20  rc522.o(.text)
    pcdRequest                               0x08000933   Thumb Code    80  rc522.o(.text)
    pcdAnticoll                              0x08000983   Thumb Code   106  rc522.o(.text)
    pcdSelectTag                             0x08000a53   Thumb Code    98  rc522.o(.text)
    pcdAuthPasswd                            0x08000ab5   Thumb Code    70  rc522.o(.text)
    pcdReadData                              0x08000afb   Thumb Code    72  rc522.o(.text)
    pcdWriteData                             0x08000b43   Thumb Code   126  rc522.o(.text)
    readCard                                 0x08000bc1   Thumb Code    42  rc522.o(.text)
    OLED_W_SCL                               0x08000d59   Thumb Code    12  oled.o(.text)
    OLED_W_SDA                               0x08000d65   Thumb Code    12  oled.o(.text)
    OLED_GPIO_Init                           0x08000d71   Thumb Code    88  oled.o(.text)
    OLED_I2C_Start                           0x08000dc9   Thumb Code    28  oled.o(.text)
    OLED_I2C_Stop                            0x08000de5   Thumb Code    22  oled.o(.text)
    OLED_I2C_SendByte                        0x08000dfb   Thumb Code    56  oled.o(.text)
    OLED_WriteCommand                        0x08000e33   Thumb Code    32  oled.o(.text)
    OLED_WriteData                           0x08000e53   Thumb Code    46  oled.o(.text)
    OLED_SetCursor                           0x08000e81   Thumb Code    32  oled.o(.text)
    OLED_Update                              0x08000ea1   Thumb Code    34  oled.o(.text)
    OLED_Clear                               0x08000ec3   Thumb Code    34  oled.o(.text)
    OLED_Init                                0x08000ee5   Thumb Code   154  oled.o(.text)
    OLED_Pow                                 0x08000f7f   Thumb Code    14  oled.o(.text)
    OLED_pnpoly                              0x08000f8d   Thumb Code   114  oled.o(.text)
    OLED_IsInAngle                           0x08000fff   Thumb Code    82  oled.o(.text)
    OLED_UpdateArea                          0x08001051   Thumb Code    90  oled.o(.text)
    OLED_ClearArea                           0x080010ab   Thumb Code    80  oled.o(.text)
    OLED_Reverse                             0x080010fb   Thumb Code    36  oled.o(.text)
    OLED_ReverseArea                         0x0800111f   Thumb Code   104  oled.o(.text)
    OLED_ShowImage                           0x08001187   Thumb Code   174  oled.o(.text)
    OLED_ShowChar                            0x08001235   Thumb Code    52  oled.o(.text)
    OLED_ShowString                          0x08001269   Thumb Code    42  oled.o(.text)
    OLED_ShowNum                             0x08001293   Thumb Code    70  oled.o(.text)
    OLED_ShowSignedNum                       0x080012d9   Thumb Code    90  oled.o(.text)
    OLED_ShowHexNum                          0x08001333   Thumb Code    72  oled.o(.text)
    OLED_ShowBinNum                          0x0800137b   Thumb Code    62  oled.o(.text)
    OLED_ShowFloatNum                        0x080013b9   Thumb Code   190  oled.o(.text)
    OLED_ShowChinese                         0x08001477   Thumb Code   128  oled.o(.text)
    OLED_Printf                              0x080014f7   Thumb Code    42  oled.o(.text)
    OLED_DrawPoint                           0x08001521   Thumb Code    48  oled.o(.text)
    OLED_GetPoint                            0x08001551   Thumb Code    52  oled.o(.text)
    OLED_DrawLine                            0x08001585   Thumb Code   252  oled.o(.text)
    OLED_DrawRectangle                       0x08001681   Thumb Code   118  oled.o(.text)
    OLED_DrawTriangle                        0x080016f7   Thumb Code   198  oled.o(.text)
    OLED_DrawCircle                          0x080017bd   Thumb Code   314  oled.o(.text)
    OLED_DrawEllipse                         0x080018f7   Thumb Code   684  oled.o(.text)
    OLED_DrawArc                             0x08001ba3   Thumb Code   588  oled.o(.text)
    PCA9685_Write                            0x08001df1   Thumb Code   184  servo.o(.text)
    PCA9685_SetPWMFreq                       0x08001ea9   Thumb Code    50  servo.o(.text)
    PCA9685_Init                             0x08001edb   Thumb Code   126  servo.o(.text)
    PCA9685_SetPWM                           0x08001f59   Thumb Code    66  servo.o(.text)
    AngleToPWM                               0x08001f9b   Thumb Code    42  servo.o(.text)
    PCA9685_SetAngle                         0x08001fc5   Thumb Code    22  servo.o(.text)
    Button4_4_Scan                           0x0800205b   Thumb Code   192  button4_4.o(.text)
    Button4_4_Init                           0x0800211b   Thumb Code    92  button4_4.o(.text)
    UserLogic_Init                           0x080021f9   Thumb Code   108  user_logic.o(.text)
    UserLogic_HandleRFID                     0x080022e9   Thumb Code    44  user_logic.o(.text)
    UserLogic_HandleKey                      0x08002315   Thumb Code   576  user_logic.o(.text)
    UserLogic_Loop                           0x08002555   Thumb Code     2  user_logic.o(.text)
    delay_init                               0x08002611   Thumb Code    46  delay.o(.text)
    delay_us                                 0x0800263f   Thumb Code    46  delay.o(.text)
    delay_ms                                 0x0800266d   Thumb Code    46  delay.o(.text)
    Reset_Handler                            0x080026a9   Thumb Code     8  startup_stm32f10x_md.o(.text)
    ADC1_2_IRQHandler                        0x080026c3   Thumb Code     0  startup_stm32f10x_md.o(.text)
    CAN1_RX1_IRQHandler                      0x080026c3   Thumb Code     0  startup_stm32f10x_md.o(.text)
    CAN1_SCE_IRQHandler                      0x080026c3   Thumb Code     0  startup_stm32f10x_md.o(.text)
    DMA1_Channel1_IRQHandler                 0x080026c3   Thumb Code     0  startup_stm32f10x_md.o(.text)
    DMA1_Channel2_IRQHandler                 0x080026c3   Thumb Code     0  startup_stm32f10x_md.o(.text)
    DMA1_Channel3_IRQHandler                 0x080026c3   Thumb Code     0  startup_stm32f10x_md.o(.text)
    DMA1_Channel4_IRQHandler                 0x080026c3   Thumb Code     0  startup_stm32f10x_md.o(.text)
    DMA1_Channel5_IRQHandler                 0x080026c3   Thumb Code     0  startup_stm32f10x_md.o(.text)
    DMA1_Channel6_IRQHandler                 0x080026c3   Thumb Code     0  startup_stm32f10x_md.o(.text)
    DMA1_Channel7_IRQHandler                 0x080026c3   Thumb Code     0  startup_stm32f10x_md.o(.text)
    EXTI0_IRQHandler                         0x080026c3   Thumb Code     0  startup_stm32f10x_md.o(.text)
    EXTI15_10_IRQHandler                     0x080026c3   Thumb Code     0  startup_stm32f10x_md.o(.text)
    EXTI1_IRQHandler                         0x080026c3   Thumb Code     0  startup_stm32f10x_md.o(.text)
    EXTI2_IRQHandler                         0x080026c3   Thumb Code     0  startup_stm32f10x_md.o(.text)
    EXTI3_IRQHandler                         0x080026c3   Thumb Code     0  startup_stm32f10x_md.o(.text)
    EXTI4_IRQHandler                         0x080026c3   Thumb Code     0  startup_stm32f10x_md.o(.text)
    EXTI9_5_IRQHandler                       0x080026c3   Thumb Code     0  startup_stm32f10x_md.o(.text)
    FLASH_IRQHandler                         0x080026c3   Thumb Code     0  startup_stm32f10x_md.o(.text)
    I2C1_ER_IRQHandler                       0x080026c3   Thumb Code     0  startup_stm32f10x_md.o(.text)
    I2C1_EV_IRQHandler                       0x080026c3   Thumb Code     0  startup_stm32f10x_md.o(.text)
    I2C2_ER_IRQHandler                       0x080026c3   Thumb Code     0  startup_stm32f10x_md.o(.text)
    I2C2_EV_IRQHandler                       0x080026c3   Thumb Code     0  startup_stm32f10x_md.o(.text)
    PVD_IRQHandler                           0x080026c3   Thumb Code     0  startup_stm32f10x_md.o(.text)
    RCC_IRQHandler                           0x080026c3   Thumb Code     0  startup_stm32f10x_md.o(.text)
    RTCAlarm_IRQHandler                      0x080026c3   Thumb Code     0  startup_stm32f10x_md.o(.text)
    RTC_IRQHandler                           0x080026c3   Thumb Code     0  startup_stm32f10x_md.o(.text)
    SPI1_IRQHandler                          0x080026c3   Thumb Code     0  startup_stm32f10x_md.o(.text)
    SPI2_IRQHandler                          0x080026c3   Thumb Code     0  startup_stm32f10x_md.o(.text)
    TAMPER_IRQHandler                        0x080026c3   Thumb Code     0  startup_stm32f10x_md.o(.text)
    TIM1_BRK_IRQHandler                      0x080026c3   Thumb Code     0  startup_stm32f10x_md.o(.text)
    TIM1_CC_IRQHandler                       0x080026c3   Thumb Code     0  startup_stm32f10x_md.o(.text)
    TIM1_TRG_COM_IRQHandler                  0x080026c3   Thumb Code     0  startup_stm32f10x_md.o(.text)
    TIM1_UP_IRQHandler                       0x080026c3   Thumb Code     0  startup_stm32f10x_md.o(.text)
    TIM3_IRQHandler                          0x080026c3   Thumb Code     0  startup_stm32f10x_md.o(.text)
    TIM4_IRQHandler                          0x080026c3   Thumb Code     0  startup_stm32f10x_md.o(.text)
    USART1_IRQHandler                        0x080026c3   Thumb Code     0  startup_stm32f10x_md.o(.text)
    USART2_IRQHandler                        0x080026c3   Thumb Code     0  startup_stm32f10x_md.o(.text)
    USART3_IRQHandler                        0x080026c3   Thumb Code     0  startup_stm32f10x_md.o(.text)
    USBWakeUp_IRQHandler                     0x080026c3   Thumb Code     0  startup_stm32f10x_md.o(.text)
    USB_HP_CAN1_TX_IRQHandler                0x080026c3   Thumb Code     0  startup_stm32f10x_md.o(.text)
    USB_LP_CAN1_RX0_IRQHandler               0x080026c3   Thumb Code     0  startup_stm32f10x_md.o(.text)
    WWDG_IRQHandler                          0x080026c3   Thumb Code     0  startup_stm32f10x_md.o(.text)
    __user_initial_stackheap                 0x080026c5   Thumb Code     0  startup_stm32f10x_md.o(.text)
    NVIC_PriorityGroupConfig                 0x080026e9   Thumb Code    10  misc.o(.text)
    NVIC_Init                                0x080026f3   Thumb Code    94  misc.o(.text)
    NVIC_SetVectorTable                      0x08002751   Thumb Code    14  misc.o(.text)
    NVIC_SystemLPConfig                      0x0800275f   Thumb Code    20  misc.o(.text)
    SysTick_CLKSourceConfig                  0x08002773   Thumb Code    24  misc.o(.text)
    GPIO_DeInit                              0x08002799   Thumb Code   152  stm32f10x_gpio.o(.text)
    GPIO_AFIODeInit                          0x08002831   Thumb Code    22  stm32f10x_gpio.o(.text)
    GPIO_Init                                0x08002847   Thumb Code   156  stm32f10x_gpio.o(.text)
    GPIO_StructInit                          0x080028e3   Thumb Code    16  stm32f10x_gpio.o(.text)
    GPIO_ReadInputDataBit                    0x080028f3   Thumb Code    14  stm32f10x_gpio.o(.text)
    GPIO_ReadInputData                       0x08002901   Thumb Code     6  stm32f10x_gpio.o(.text)
    GPIO_ReadOutputDataBit                   0x08002907   Thumb Code    14  stm32f10x_gpio.o(.text)
    GPIO_ReadOutputData                      0x08002915   Thumb Code     6  stm32f10x_gpio.o(.text)
    GPIO_SetBits                             0x0800291b   Thumb Code     4  stm32f10x_gpio.o(.text)
    GPIO_ResetBits                           0x0800291f   Thumb Code     4  stm32f10x_gpio.o(.text)
    GPIO_WriteBit                            0x08002923   Thumb Code    10  stm32f10x_gpio.o(.text)
    GPIO_Write                               0x0800292d   Thumb Code     4  stm32f10x_gpio.o(.text)
    GPIO_PinLockConfig                       0x08002931   Thumb Code    16  stm32f10x_gpio.o(.text)
    GPIO_EventOutputConfig                   0x08002941   Thumb Code    22  stm32f10x_gpio.o(.text)
    GPIO_EventOutputCmd                      0x08002957   Thumb Code     6  stm32f10x_gpio.o(.text)
    GPIO_PinRemapConfig                      0x0800295d   Thumb Code    82  stm32f10x_gpio.o(.text)
    GPIO_EXTILineConfig                      0x080029af   Thumb Code    34  stm32f10x_gpio.o(.text)
    GPIO_ETH_MediaInterfaceConfig            0x080029d1   Thumb Code     8  stm32f10x_gpio.o(.text)
    RCC_DeInit                               0x080029fd   Thumb Code    50  stm32f10x_rcc.o(.text)
    RCC_HSEConfig                            0x08002a2f   Thumb Code    48  stm32f10x_rcc.o(.text)
    RCC_GetFlagStatus                        0x08002a5f   Thumb Code    42  stm32f10x_rcc.o(.text)
    RCC_WaitForHSEStartUp                    0x08002a89   Thumb Code    44  stm32f10x_rcc.o(.text)
    RCC_AdjustHSICalibrationValue            0x08002ab5   Thumb Code    16  stm32f10x_rcc.o(.text)
    RCC_HSICmd                               0x08002ac5   Thumb Code     6  stm32f10x_rcc.o(.text)
    RCC_PLLConfig                            0x08002acb   Thumb Code    16  stm32f10x_rcc.o(.text)
    RCC_PLLCmd                               0x08002adb   Thumb Code     6  stm32f10x_rcc.o(.text)
    RCC_SYSCLKConfig                         0x08002ae1   Thumb Code    14  stm32f10x_rcc.o(.text)
    RCC_GetSYSCLKSource                      0x08002aef   Thumb Code    10  stm32f10x_rcc.o(.text)
    RCC_HCLKConfig                           0x08002af9   Thumb Code    14  stm32f10x_rcc.o(.text)
    RCC_PCLK1Config                          0x08002b07   Thumb Code    14  stm32f10x_rcc.o(.text)
    RCC_PCLK2Config                          0x08002b15   Thumb Code    16  stm32f10x_rcc.o(.text)
    RCC_ITConfig                             0x08002b25   Thumb Code    18  stm32f10x_rcc.o(.text)
    RCC_USBCLKConfig                         0x08002b37   Thumb Code     8  stm32f10x_rcc.o(.text)
    RCC_ADCCLKConfig                         0x08002b3f   Thumb Code    14  stm32f10x_rcc.o(.text)
    RCC_LSEConfig                            0x08002b4d   Thumb Code    28  stm32f10x_rcc.o(.text)
    RCC_LSICmd                               0x08002b69   Thumb Code     6  stm32f10x_rcc.o(.text)
    RCC_RTCCLKConfig                         0x08002b6f   Thumb Code    10  stm32f10x_rcc.o(.text)
    RCC_RTCCLKCmd                            0x08002b79   Thumb Code     8  stm32f10x_rcc.o(.text)
    RCC_GetClocksFreq                        0x08002b81   Thumb Code   132  stm32f10x_rcc.o(.text)
    RCC_AHBPeriphClockCmd                    0x08002c05   Thumb Code    18  stm32f10x_rcc.o(.text)
    RCC_APB2PeriphClockCmd                   0x08002c17   Thumb Code    18  stm32f10x_rcc.o(.text)
    RCC_APB1PeriphClockCmd                   0x08002c29   Thumb Code    18  stm32f10x_rcc.o(.text)
    RCC_APB2PeriphResetCmd                   0x08002c3b   Thumb Code    18  stm32f10x_rcc.o(.text)
    RCC_APB1PeriphResetCmd                   0x08002c4d   Thumb Code    18  stm32f10x_rcc.o(.text)
    RCC_BackupResetCmd                       0x08002c5f   Thumb Code     8  stm32f10x_rcc.o(.text)
    RCC_ClockSecuritySystemCmd               0x08002c67   Thumb Code     6  stm32f10x_rcc.o(.text)
    RCC_MCOConfig                            0x08002c6d   Thumb Code     6  stm32f10x_rcc.o(.text)
    RCC_ClearFlag                            0x08002c73   Thumb Code    12  stm32f10x_rcc.o(.text)
    RCC_GetITStatus                          0x08002c7f   Thumb Code    16  stm32f10x_rcc.o(.text)
    RCC_ClearITPendingBit                    0x08002c8f   Thumb Code     6  stm32f10x_rcc.o(.text)
    FLASH_SetLatency                         0x08002cb5   Thumb Code    14  stm32f10x_flash.o(.text)
    FLASH_HalfCycleAccessCmd                 0x08002cc3   Thumb Code    18  stm32f10x_flash.o(.text)
    FLASH_PrefetchBufferCmd                  0x08002cd5   Thumb Code    18  stm32f10x_flash.o(.text)
    FLASH_Unlock                             0x08002ce7   Thumb Code    12  stm32f10x_flash.o(.text)
    FLASH_UnlockBank1                        0x08002cf3   Thumb Code    12  stm32f10x_flash.o(.text)
    FLASH_Lock                               0x08002cff   Thumb Code    12  stm32f10x_flash.o(.text)
    FLASH_LockBank1                          0x08002d0b   Thumb Code    12  stm32f10x_flash.o(.text)
    FLASH_GetBank1Status                     0x08002d17   Thumb Code    34  stm32f10x_flash.o(.text)
    FLASH_WaitForLastOperation               0x08002d39   Thumb Code    34  stm32f10x_flash.o(.text)
    FLASH_ErasePage                          0x08002d5b   Thumb Code    56  stm32f10x_flash.o(.text)
    FLASH_EraseAllPages                      0x08002d93   Thumb Code    52  stm32f10x_flash.o(.text)
    FLASH_WaitForLastBank1Operation          0x08002dc7   Thumb Code    34  stm32f10x_flash.o(.text)
    FLASH_EraseAllBank1Pages                 0x08002de9   Thumb Code    52  stm32f10x_flash.o(.text)
    FLASH_GetReadOutProtectionStatus         0x08002e1d   Thumb Code    14  stm32f10x_flash.o(.text)
    FLASH_EraseOptionBytes                   0x08002e2b   Thumb Code   108  stm32f10x_flash.o(.text)
    FLASH_ProgramWord                        0x08002e97   Thumb Code    72  stm32f10x_flash.o(.text)
    FLASH_ProgramHalfWord                    0x08002edf   Thumb Code    48  stm32f10x_flash.o(.text)
    FLASH_ProgramOptionByteData              0x08002f0f   Thumb Code    62  stm32f10x_flash.o(.text)
    FLASH_EnableWriteProtection              0x08002f4d   Thumb Code   158  stm32f10x_flash.o(.text)
    FLASH_ReadOutProtection                  0x08002feb   Thumb Code   118  stm32f10x_flash.o(.text)
    FLASH_UserOptionByteConfig               0x08003061   Thumb Code    92  stm32f10x_flash.o(.text)
    FLASH_GetUserOptionByte                  0x080030bd   Thumb Code     8  stm32f10x_flash.o(.text)
    FLASH_GetWriteProtectionOptionByte       0x080030c5   Thumb Code     6  stm32f10x_flash.o(.text)
    FLASH_GetPrefetchBufferStatus            0x080030cb   Thumb Code    14  stm32f10x_flash.o(.text)
    FLASH_ITConfig                           0x080030d9   Thumb Code    18  stm32f10x_flash.o(.text)
    FLASH_GetFlagStatus                      0x080030eb   Thumb Code    28  stm32f10x_flash.o(.text)
    FLASH_ClearFlag                          0x08003107   Thumb Code     6  stm32f10x_flash.o(.text)
    FLASH_GetStatus                          0x0800310d   Thumb Code    34  stm32f10x_flash.o(.text)
    I2C_DeInit                               0x08003135   Thumb Code    38  stm32f10x_i2c.o(.text)
    I2C_Init                                 0x0800315b   Thumb Code   178  stm32f10x_i2c.o(.text)
    I2C_StructInit                           0x0800320d   Thumb Code    28  stm32f10x_i2c.o(.text)
    I2C_Cmd                                  0x08003229   Thumb Code    20  stm32f10x_i2c.o(.text)
    I2C_DMACmd                               0x0800323d   Thumb Code    20  stm32f10x_i2c.o(.text)
    I2C_DMALastTransferCmd                   0x08003251   Thumb Code    20  stm32f10x_i2c.o(.text)
    I2C_GenerateSTART                        0x08003265   Thumb Code    20  stm32f10x_i2c.o(.text)
    I2C_GenerateSTOP                         0x08003279   Thumb Code    20  stm32f10x_i2c.o(.text)
    I2C_AcknowledgeConfig                    0x0800328d   Thumb Code    20  stm32f10x_i2c.o(.text)
    I2C_OwnAddress2Config                    0x080032a1   Thumb Code    16  stm32f10x_i2c.o(.text)
    I2C_DualAddressCmd                       0x080032b1   Thumb Code    20  stm32f10x_i2c.o(.text)
    I2C_GeneralCallCmd                       0x080032c5   Thumb Code    20  stm32f10x_i2c.o(.text)
    I2C_ITConfig                             0x080032d9   Thumb Code    16  stm32f10x_i2c.o(.text)
    I2C_SendData                             0x080032e9   Thumb Code     4  stm32f10x_i2c.o(.text)
    I2C_ReceiveData                          0x080032ed   Thumb Code     6  stm32f10x_i2c.o(.text)
    I2C_Send7bitAddress                      0x080032f3   Thumb Code    16  stm32f10x_i2c.o(.text)
    I2C_ReadRegister                         0x08003303   Thumb Code    10  stm32f10x_i2c.o(.text)
    I2C_SoftwareResetCmd                     0x0800330d   Thumb Code    20  stm32f10x_i2c.o(.text)
    I2C_NACKPositionConfig                   0x08003321   Thumb Code    22  stm32f10x_i2c.o(.text)
    I2C_SMBusAlertConfig                     0x08003337   Thumb Code    22  stm32f10x_i2c.o(.text)
    I2C_TransmitPEC                          0x0800334d   Thumb Code    20  stm32f10x_i2c.o(.text)
    I2C_PECPositionConfig                    0x08003361   Thumb Code    22  stm32f10x_i2c.o(.text)
    I2C_CalculatePEC                         0x08003377   Thumb Code    20  stm32f10x_i2c.o(.text)
    I2C_GetPEC                               0x0800338b   Thumb Code     6  stm32f10x_i2c.o(.text)
    I2C_ARPCmd                               0x08003391   Thumb Code    20  stm32f10x_i2c.o(.text)
    I2C_StretchClockCmd                      0x080033a5   Thumb Code    20  stm32f10x_i2c.o(.text)
    I2C_FastModeDutyCycleConfig              0x080033b9   Thumb Code    22  stm32f10x_i2c.o(.text)
    I2C_CheckEvent                           0x080033cf   Thumb Code    24  stm32f10x_i2c.o(.text)
    I2C_GetLastEvent                         0x080033e7   Thumb Code    14  stm32f10x_i2c.o(.text)
    I2C_GetFlagStatus                        0x080033f5   Thumb Code    42  stm32f10x_i2c.o(.text)
    I2C_ClearFlag                            0x0800341f   Thumb Code     6  stm32f10x_i2c.o(.text)
    I2C_GetITStatus                          0x08003425   Thumb Code    36  stm32f10x_i2c.o(.text)
    I2C_ClearITPendingBit                    0x08003449   Thumb Code     6  stm32f10x_i2c.o(.text)
    TIM_DeInit                               0x0800345d   Thumb Code   304  stm32f10x_tim.o(.text)
    TIM_TimeBaseInit                         0x0800358d   Thumb Code   114  stm32f10x_tim.o(.text)
    TIM_OC1Init                              0x080035ff   Thumb Code   106  stm32f10x_tim.o(.text)
    TIM_OC2Init                              0x08003669   Thumb Code   120  stm32f10x_tim.o(.text)
    TIM_OC3Init                              0x080036e1   Thumb Code   116  stm32f10x_tim.o(.text)
    TIM_OC4Init                              0x08003755   Thumb Code    90  stm32f10x_tim.o(.text)
    TIM_SetIC4Prescaler                      0x080037af   Thumb Code    24  stm32f10x_tim.o(.text)
    TIM_SetIC3Prescaler                      0x080037c7   Thumb Code    16  stm32f10x_tim.o(.text)
    TIM_SetIC2Prescaler                      0x080037d7   Thumb Code    24  stm32f10x_tim.o(.text)
    TIM_SetIC1Prescaler                      0x08003895   Thumb Code    16  stm32f10x_tim.o(.text)
    TIM_ICInit                               0x080038fd   Thumb Code   270  stm32f10x_tim.o(.text)
    TIM_PWMIConfig                           0x08003a0b   Thumb Code   104  stm32f10x_tim.o(.text)
    TIM_BDTRConfig                           0x08003a73   Thumb Code    34  stm32f10x_tim.o(.text)
    TIM_TimeBaseStructInit                   0x08003a95   Thumb Code    18  stm32f10x_tim.o(.text)
    TIM_OCStructInit                         0x08003aa7   Thumb Code    20  stm32f10x_tim.o(.text)
    TIM_ICStructInit                         0x08003abb   Thumb Code    16  stm32f10x_tim.o(.text)
    TIM_BDTRStructInit                       0x08003acb   Thumb Code    18  stm32f10x_tim.o(.text)
    TIM_Cmd                                  0x08003add   Thumb Code    20  stm32f10x_tim.o(.text)
    TIM_CtrlPWMOutputs                       0x08003af1   Thumb Code    22  stm32f10x_tim.o(.text)
    TIM_ITConfig                             0x08003b07   Thumb Code    16  stm32f10x_tim.o(.text)
    TIM_GenerateEvent                        0x08003b17   Thumb Code     4  stm32f10x_tim.o(.text)
    TIM_DMAConfig                            0x08003b1b   Thumb Code     8  stm32f10x_tim.o(.text)
    TIM_DMACmd                               0x08003b23   Thumb Code    16  stm32f10x_tim.o(.text)
    TIM_InternalClockConfig                  0x08003b33   Thumb Code    10  stm32f10x_tim.o(.text)
    TIM_SelectInputTrigger                   0x08003b3d   Thumb Code    12  stm32f10x_tim.o(.text)
    TIM_ITRxExternalClockConfig              0x08003b49   Thumb Code    18  stm32f10x_tim.o(.text)
    TIM_TIxExternalClockConfig               0x08003b5b   Thumb Code    46  stm32f10x_tim.o(.text)
    TIM_ETRConfig                            0x08003b89   Thumb Code    24  stm32f10x_tim.o(.text)
    TIM_ETRClockMode1Config                  0x08003ba1   Thumb Code    18  stm32f10x_tim.o(.text)
    TIM_ETRClockMode2Config                  0x08003bb3   Thumb Code    18  stm32f10x_tim.o(.text)
    TIM_PrescalerConfig                      0x08003bc5   Thumb Code     6  stm32f10x_tim.o(.text)
    TIM_CounterModeConfig                    0x08003bcb   Thumb Code    12  stm32f10x_tim.o(.text)
    TIM_EncoderInterfaceConfig               0x08003bd7   Thumb Code    50  stm32f10x_tim.o(.text)
    TIM_ForcedOC1Config                      0x08003c09   Thumb Code    12  stm32f10x_tim.o(.text)
    TIM_ForcedOC2Config                      0x08003c15   Thumb Code    20  stm32f10x_tim.o(.text)
    TIM_ForcedOC3Config                      0x08003c29   Thumb Code    12  stm32f10x_tim.o(.text)
    TIM_ForcedOC4Config                      0x08003c35   Thumb Code    20  stm32f10x_tim.o(.text)
    TIM_ARRPreloadConfig                     0x08003c49   Thumb Code    20  stm32f10x_tim.o(.text)
    TIM_SelectCOM                            0x08003c5d   Thumb Code    20  stm32f10x_tim.o(.text)
    TIM_SelectCCDMA                          0x08003c71   Thumb Code    20  stm32f10x_tim.o(.text)
    TIM_CCPreloadControl                     0x08003c85   Thumb Code    20  stm32f10x_tim.o(.text)
    TIM_OC1PreloadConfig                     0x08003c99   Thumb Code    32  stm32f10x_tim.o(.text)
    TIM_OC2PreloadConfig                     0x08003cb9   Thumb Code    20  stm32f10x_tim.o(.text)
    TIM_OC3PreloadConfig                     0x08003ccd   Thumb Code    12  stm32f10x_tim.o(.text)
    TIM_OC4PreloadConfig                     0x08003cd9   Thumb Code    20  stm32f10x_tim.o(.text)
    TIM_OC1FastConfig                        0x08003ced   Thumb Code    12  stm32f10x_tim.o(.text)
    TIM_OC2FastConfig                        0x08003cf9   Thumb Code    20  stm32f10x_tim.o(.text)
    TIM_OC3FastConfig                        0x08003d0d   Thumb Code    12  stm32f10x_tim.o(.text)
    TIM_OC4FastConfig                        0x08003d19   Thumb Code    20  stm32f10x_tim.o(.text)
    TIM_ClearOC1Ref                          0x08003d2d   Thumb Code    12  stm32f10x_tim.o(.text)
    TIM_ClearOC2Ref                          0x08003d39   Thumb Code    20  stm32f10x_tim.o(.text)
    TIM_ClearOC3Ref                          0x08003d4d   Thumb Code    12  stm32f10x_tim.o(.text)
    TIM_ClearOC4Ref                          0x08003d59   Thumb Code    20  stm32f10x_tim.o(.text)
    TIM_OC1PolarityConfig                    0x08003d6d   Thumb Code    12  stm32f10x_tim.o(.text)
    TIM_OC1NPolarityConfig                   0x08003d79   Thumb Code    12  stm32f10x_tim.o(.text)
    TIM_OC2PolarityConfig                    0x08003d85   Thumb Code    20  stm32f10x_tim.o(.text)
    TIM_OC2NPolarityConfig                   0x08003d99   Thumb Code    20  stm32f10x_tim.o(.text)
    TIM_OC3PolarityConfig                    0x08003dad   Thumb Code    20  stm32f10x_tim.o(.text)
    TIM_OC3NPolarityConfig                   0x08003dc1   Thumb Code    20  stm32f10x_tim.o(.text)
    TIM_OC4PolarityConfig                    0x08003dd5   Thumb Code    20  stm32f10x_tim.o(.text)
    TIM_CCxCmd                               0x08003de9   Thumb Code    22  stm32f10x_tim.o(.text)
    TIM_CCxNCmd                              0x08003dff   Thumb Code    22  stm32f10x_tim.o(.text)
    TIM_SelectOCxM                           0x08003e15   Thumb Code    70  stm32f10x_tim.o(.text)
    TIM_UpdateDisableConfig                  0x08003e5b   Thumb Code    20  stm32f10x_tim.o(.text)
    TIM_UpdateRequestConfig                  0x08003e6f   Thumb Code    20  stm32f10x_tim.o(.text)
    TIM_SelectHallSensor                     0x08003e83   Thumb Code    20  stm32f10x_tim.o(.text)
    TIM_SelectOnePulseMode                   0x08003e97   Thumb Code    16  stm32f10x_tim.o(.text)
    TIM_SelectOutputTrigger                  0x08003ea7   Thumb Code    16  stm32f10x_tim.o(.text)
    TIM_SelectSlaveMode                      0x08003eb7   Thumb Code    16  stm32f10x_tim.o(.text)
    TIM_SelectMasterSlaveMode                0x08003ec7   Thumb Code    16  stm32f10x_tim.o(.text)
    TIM_SetCounter                           0x08003ed7   Thumb Code     4  stm32f10x_tim.o(.text)
    TIM_SetAutoreload                        0x08003edb   Thumb Code     4  stm32f10x_tim.o(.text)
    TIM_SetCompare1                          0x08003edf   Thumb Code     4  stm32f10x_tim.o(.text)
    TIM_SetCompare2                          0x08003ee3   Thumb Code     4  stm32f10x_tim.o(.text)
    TIM_SetCompare3                          0x08003ee7   Thumb Code     4  stm32f10x_tim.o(.text)
    TIM_SetCompare4                          0x08003eeb   Thumb Code     6  stm32f10x_tim.o(.text)
    TIM_SetClockDivision                     0x08003ef1   Thumb Code    16  stm32f10x_tim.o(.text)
    TIM_GetCapture1                          0x08003f01   Thumb Code     4  stm32f10x_tim.o(.text)
    TIM_GetCapture2                          0x08003f05   Thumb Code     4  stm32f10x_tim.o(.text)
    TIM_GetCapture3                          0x08003f09   Thumb Code     4  stm32f10x_tim.o(.text)
    TIM_GetCapture4                          0x08003f0d   Thumb Code     6  stm32f10x_tim.o(.text)
    TIM_GetCounter                           0x08003f13   Thumb Code     4  stm32f10x_tim.o(.text)
    TIM_GetPrescaler                         0x08003f17   Thumb Code     4  stm32f10x_tim.o(.text)
    TIM_GetFlagStatus                        0x08003f1b   Thumb Code    14  stm32f10x_tim.o(.text)
    TIM_ClearFlag                            0x08003f29   Thumb Code     6  stm32f10x_tim.o(.text)
    TIM_GetITStatus                          0x08003f2f   Thumb Code    24  stm32f10x_tim.o(.text)
    TIM_ClearITPendingBit                    0x08003f47   Thumb Code     6  stm32f10x_tim.o(.text)
    vsprintf                                 0x08003f4d   Thumb Code    32  vsprintf.o(.text)
    __2sprintf                               0x08003f71   Thumb Code    38  __2sprintf.o(.text)
    atoi                                     0x08003f9d   Thumb Code    26  atoi.o(.text)
    srand                                    0x08003fb9   Thumb Code    42  rand.o(.text)
    _rand_init                               0x08003fe3   Thumb Code     4  rand.o(.text)
    __aeabi_memclr4                          0x08003ff5   Thumb Code     0  rt_memclr_w.o(.text)
    __aeabi_memclr8                          0x08003ff5   Thumb Code     0  rt_memclr_w.o(.text)
    __rt_memclr_w                            0x08003ff5   Thumb Code    78  rt_memclr_w.o(.text)
    _memset_w                                0x08003ff9   Thumb Code     0  rt_memclr_w.o(.text)
    strcmp                                   0x08004045   Thumb Code   128  strcmpv7m.o(.text)
    __use_two_region_memory                  0x080040c5   Thumb Code     2  heapauxi.o(.text)
    __rt_heap_escrow$2region                 0x080040c7   Thumb Code     2  heapauxi.o(.text)
    __rt_heap_expand$2region                 0x080040c9   Thumb Code     2  heapauxi.o(.text)
    __aeabi_errno_addr                       0x080040cd   Thumb Code     8  rt_errno_addr_intlibspace.o(.text)
    __errno$intlibspace                      0x080040cd   Thumb Code     0  rt_errno_addr_intlibspace.o(.text)
    __rt_errno_addr$intlibspace              0x080040cd   Thumb Code     0  rt_errno_addr_intlibspace.o(.text)
    _printf_pre_padding                      0x080040d5   Thumb Code    44  _printf_pad.o(.text)
    _printf_post_padding                     0x08004101   Thumb Code    34  _printf_pad.o(.text)
    _printf_truncate_signed                  0x08004123   Thumb Code    18  _printf_truncate.o(.text)
    _printf_truncate_unsigned                0x08004135   Thumb Code    18  _printf_truncate.o(.text)
    _printf_str                              0x08004147   Thumb Code    82  _printf_str.o(.text)
    _printf_int_dec                          0x08004199   Thumb Code   104  _printf_dec.o(.text)
    _printf_charcount                        0x08004211   Thumb Code    40  _printf_charcount.o(.text)
    _printf_char_common                      0x08004243   Thumb Code    32  _printf_char_common.o(.text)
    _sputc                                   0x08004269   Thumb Code    10  _sputc.o(.text)
    _printf_wctomb                           0x08004275   Thumb Code   182  _printf_wctomb.o(.text)
    _printf_longlong_dec                     0x08004331   Thumb Code   108  _printf_longlong_dec.o(.text)
    _printf_longlong_oct                     0x080043ad   Thumb Code    66  _printf_oct_int_ll.o(.text)
    _printf_int_oct                          0x080043ef   Thumb Code    24  _printf_oct_int_ll.o(.text)
    _printf_ll_oct                           0x08004407   Thumb Code    12  _printf_oct_int_ll.o(.text)
    _printf_longlong_hex                     0x0800441d   Thumb Code    86  _printf_hex_int_ll_ptr.o(.text)
    _printf_int_hex                          0x08004473   Thumb Code    28  _printf_hex_int_ll_ptr.o(.text)
    _printf_ll_hex                           0x0800448f   Thumb Code    12  _printf_hex_int_ll_ptr.o(.text)
    _printf_hex_ptr                          0x0800449b   Thumb Code    18  _printf_hex_int_ll_ptr.o(.text)
    __printf                                 0x080044b1   Thumb Code   388  __printf_flags_ss_wp.o(.text)
    strtol                                   0x08004639   Thumb Code   112  strtol.o(.text)
    __user_libspace                          0x080046a9   Thumb Code     8  libspace.o(.text)
    __user_perproc_libspace                  0x080046a9   Thumb Code     0  libspace.o(.text)
    __user_perthread_libspace                0x080046a9   Thumb Code     0  libspace.o(.text)
    __rt_ctype_table                         0x080046b1   Thumb Code    16  rt_ctype_table.o(.text)
    _ll_udiv10                               0x080046c1   Thumb Code   138  lludiv10.o(.text)
    _printf_int_common                       0x0800474b   Thumb Code   178  _printf_intcommon.o(.text)
    __lib_sel_fp_printf                      0x080047fd   Thumb Code     2  _printf_fp_dec.o(.text)
    _printf_fp_dec_real                      0x080049af   Thumb Code   620  _printf_fp_dec.o(.text)
    _printf_fp_hex_real                      0x08004c1d   Thumb Code   756  _printf_fp_hex.o(.text)
    _printf_cs_common                        0x08004f19   Thumb Code    20  _printf_char.o(.text)
    _printf_char                             0x08004f2d   Thumb Code    16  _printf_char.o(.text)
    _printf_string                           0x08004f3d   Thumb Code     8  _printf_char.o(.text)
    _printf_lcs_common                       0x08004f45   Thumb Code    20  _printf_wchar.o(.text)
    _printf_wchar                            0x08004f59   Thumb Code    16  _printf_wchar.o(.text)
    _printf_wstring                          0x08004f69   Thumb Code     8  _printf_wchar.o(.text)
    _strtoul                                 0x08004f71   Thumb Code   158  _strtoul.o(.text)
    _wcrtomb                                 0x0800500f   Thumb Code    64  _wcrtomb.o(.text)
    __user_setup_stackheap                   0x0800504f   Thumb Code    74  sys_stackheap_outer.o(.text)
    __rt_locale                              0x08005099   Thumb Code     8  rt_locale_intlibspace.o(.text)
    _printf_fp_infnan                        0x080050a1   Thumb Code   112  _printf_fp_infnan.o(.text)
    _chval                                   0x08005121   Thumb Code    28  _chval.o(.text)
    _btod_etento                             0x0800513d   Thumb Code   224  bigflt0.o(.text)
    exit                                     0x08005221   Thumb Code    18  exit.o(.text)
    __I$use$semihosting                      0x08005233   Thumb Code     0  use_no_semi.o(.text)
    __use_no_semihosting_swi                 0x08005233   Thumb Code     2  use_no_semi.o(.text)
    __semihosting_library_function           0x08005235   Thumb Code     0  indicate_semi.o(.text)
    _sys_exit                                0x08005235   Thumb Code     8  sys_exit.o(.text)
    _btod_d2e                                0x08005241   Thumb Code    62  btod.o(CL$$btod_d2e)
    _d2e_denorm_low                          0x0800527f   Thumb Code    70  btod.o(CL$$btod_d2e_denorm_low)
    _d2e_norm_op1                            0x080052c5   Thumb Code    96  btod.o(CL$$btod_d2e_norm_op1)
    __btod_div_common                        0x08005325   Thumb Code   696  btod.o(CL$$btod_div_common)
    _e2e                                     0x0800565d   Thumb Code   220  btod.o(CL$$btod_e2e)
    _btod_ediv                               0x08005739   Thumb Code    42  btod.o(CL$$btod_ediv)
    _btod_emul                               0x08005763   Thumb Code    42  btod.o(CL$$btod_emul)
    __btod_mult_common                       0x0800578d   Thumb Code   580  btod.o(CL$$btod_mult_common)
    __ARM_fpclassify                         0x080059d1   Thumb Code    40  fpclassify.o(i.__ARM_fpclassify)
    __kernel_poly                            0x080059f9   Thumb Code   170  poly.o(i.__kernel_poly)
    __mathlib_dbl_infnan                     0x08005aa3   Thumb Code     6  dunder.o(i.__mathlib_dbl_infnan)
    __mathlib_dbl_infnan2                    0x08005aa9   Thumb Code     4  dunder.o(i.__mathlib_dbl_infnan2)
    __mathlib_dbl_underflow                  0x08005aad   Thumb Code    10  dunder.o(i.__mathlib_dbl_underflow)
    _is_digit                                0x08005abd   Thumb Code    14  __printf_wp.o(i._is_digit)
    atan                                     0x08005acd   Thumb Code   474  atan.o(i.atan)
    atan2                                    0x08005ced   Thumb Code   346  atan2.o(i.atan2)
    round                                    0x08005e6d   Thumb Code   136  round.o(i.round)
    _get_lc_ctype                            0x08005f01   Thumb Code    44  lc_ctype_c.o(locale$$code)
    _get_lc_numeric                          0x08005f2d   Thumb Code    44  lc_numeric_c.o(locale$$code)
    __aeabi_d2f                              0x08005f59   Thumb Code     0  d2f.o(x$fpl$d2f)
    _d2f                                     0x08005f59   Thumb Code    98  d2f.o(x$fpl$d2f)
    __aeabi_dadd                             0x08005fbd   Thumb Code     0  daddsub_clz.o(x$fpl$dadd)
    _dadd                                    0x08005fbd   Thumb Code   332  daddsub_clz.o(x$fpl$dadd)
    __fpl_dcheck_NaN1                        0x0800610d   Thumb Code    10  dcheck1.o(x$fpl$dcheck1)
    __fpl_dcmp_Inf                           0x0800611d   Thumb Code    24  dcmpi.o(x$fpl$dcmpinf)
    __aeabi_ddiv                             0x08006135   Thumb Code     0  ddiv.o(x$fpl$ddiv)
    _ddiv                                    0x08006135   Thumb Code   552  ddiv.o(x$fpl$ddiv)
    __aeabi_d2iz                             0x080063e5   Thumb Code     0  dfix.o(x$fpl$dfix)
    _dfix                                    0x080063e5   Thumb Code    94  dfix.o(x$fpl$dfix)
    __aeabi_d2uiz                            0x08006445   Thumb Code     0  dfixu.o(x$fpl$dfixu)
    _dfixu                                   0x08006445   Thumb Code    90  dfixu.o(x$fpl$dfixu)
    __aeabi_i2d                              0x0800649f   Thumb Code     0  dflt_clz.o(x$fpl$dflt)
    _dflt                                    0x0800649f   Thumb Code    46  dflt_clz.o(x$fpl$dflt)
    __aeabi_ui2d                             0x080064cd   Thumb Code     0  dflt_clz.o(x$fpl$dfltu)
    _dfltu                                   0x080064cd   Thumb Code    38  dflt_clz.o(x$fpl$dfltu)
    __aeabi_cdcmple                          0x080064f5   Thumb Code     0  dleqf.o(x$fpl$dleqf)
    _dcmple                                  0x080064f5   Thumb Code   120  dleqf.o(x$fpl$dleqf)
    __fpl_dcmple_InfNaN                      0x08006557   Thumb Code     0  dleqf.o(x$fpl$dleqf)
    __aeabi_dmul                             0x0800656d   Thumb Code     0  dmul.o(x$fpl$dmul)
    _dmul                                    0x0800656d   Thumb Code   332  dmul.o(x$fpl$dmul)
    __fpl_dnaninf                            0x080066c1   Thumb Code   156  dnaninf.o(x$fpl$dnaninf)
    __fpl_dretinf                            0x0800675d   Thumb Code    12  dretinf.o(x$fpl$dretinf)
    __aeabi_cdrcmple                         0x08006769   Thumb Code     0  drleqf.o(x$fpl$drleqf)
    _drcmple                                 0x08006769   Thumb Code   108  drleqf.o(x$fpl$drleqf)
    _drnd                                    0x080067d5   Thumb Code   180  drnd.o(x$fpl$drnd)
    __aeabi_drsub                            0x08006889   Thumb Code     0  daddsub_clz.o(x$fpl$drsb)
    _drsb                                    0x08006889   Thumb Code    22  daddsub_clz.o(x$fpl$drsb)
    __aeabi_dsub                             0x080068a1   Thumb Code     0  daddsub_clz.o(x$fpl$dsub)
    _dsub                                    0x080068a1   Thumb Code   464  daddsub_clz.o(x$fpl$dsub)
    __aeabi_f2d                              0x08006a75   Thumb Code     0  f2d.o(x$fpl$f2d)
    _f2d                                     0x08006a75   Thumb Code    86  f2d.o(x$fpl$f2d)
    __aeabi_fadd                             0x08006acd   Thumb Code     0  faddsub_clz.o(x$fpl$fadd)
    _fadd                                    0x08006acd   Thumb Code   196  faddsub_clz.o(x$fpl$fadd)
    __fpl_fcheck_NaN1                        0x08006b91   Thumb Code     6  fcheck1.o(x$fpl$fcheck1)
    __aeabi_fdiv                             0x08006b9d   Thumb Code     0  fdiv.o(x$fpl$fdiv)
    _fdiv                                    0x08006b9d   Thumb Code   384  fdiv.o(x$fpl$fdiv)
    __aeabi_f2uiz                            0x08006d21   Thumb Code     0  ffixu.o(x$fpl$ffixu)
    _ffixu                                   0x08006d21   Thumb Code    62  ffixu.o(x$fpl$ffixu)
    __aeabi_i2f                              0x08006d61   Thumb Code     0  fflt_clz.o(x$fpl$fflt)
    _fflt                                    0x08006d61   Thumb Code    48  fflt_clz.o(x$fpl$fflt)
    __fpl_fnaninf                            0x08006d91   Thumb Code   140  fnaninf.o(x$fpl$fnaninf)
    __fpl_fretinf                            0x08006e1d   Thumb Code    10  fretinf.o(x$fpl$fretinf)
    __aeabi_fsub                             0x08006e29   Thumb Code     0  faddsub_clz.o(x$fpl$fsub)
    _fsub                                    0x08006e29   Thumb Code   234  faddsub_clz.o(x$fpl$fsub)
    _printf_fp_dec                           0x08006f13   Thumb Code     4  printf1.o(x$fpl$printf1)
    _printf_fp_hex                           0x08006f17   Thumb Code     4  printf2.o(x$fpl$printf2)
    __fpl_return_NaN                         0x08006f1b   Thumb Code   100  retnan.o(x$fpl$retnan)
    __ARM_scalbn                             0x08006f7f   Thumb Code    92  scalbn.o(x$fpl$scalbn)
    __ARM_scalbnf                            0x08006fdb   Thumb Code    76  scalbnf.o(x$fpl$scalbnf)
    __fpl_cmpreturn                          0x08007027   Thumb Code    48  trapv.o(x$fpl$trapveneer)
    OLED_F8x16                               0x08007056   Data        1520  oled_data.o(.constdata)
    __I$use$fp                               0x08007056   Number         0  usenofp.o(x$fpl$usenofp)
    OLED_F6x8                                0x08007646   Data         570  oled_data.o(.constdata)
    OLED_CF16x16                             0x08007880   Data         252  oled_data.o(.constdata)
    __mathlib_zero                           0x08007aa0   Data           8  qnan.o(.constdata)
    Region$$Table$$Base                      0x08007b64   Number         0  anon$$obj.o(Region$$Table)
    Region$$Table$$Limit                     0x08007b84   Number         0  anon$$obj.o(Region$$Table)
    __ctype                                  0x08007b91   Data           0  lc_ctype_c.o(locale$$data)
    CardA_UID                                0x20000000   Data           4  main.o(.data)
    SystemCoreClock                          0x20000004   Data           4  system_stm32f10x.o(.data)
    AHBPrescTable                            0x20000008   Data          16  system_stm32f10x.o(.data)
    Key_Num                                  0x20000020   Data           1  button4_4.o(.data)
    key_row_num                              0x20000021   Data           1  button4_4.o(.data)
    OLED_DisplayBuf                          0x20000054   Data        1024  oled.o(.bss)
    _random_number_data                      0x200004a8   Data         228  rand.o(.bss)
    __libspace_start                         0x2000058c   Data          96  libspace.o(.bss)
    __temporary_stack_top$libspace           0x200005ec   Data           0  libspace.o(.bss)



==============================================================================

Memory Map of the image

  Image Entry point : 0x080000ed

  Load Region LR_IROM1 (Base: 0x08000000, Size: 0x00007d04, Max: 0x00010000, ABSOLUTE)

    Execution Region ER_IROM1 (Exec base: 0x08000000, Load base: 0x08000000, Size: 0x00007cb0, Max: 0x00010000, ABSOLUTE)

    Exec Addr    Load Addr    Size         Type   Attr      Idx    E Section Name        Object

    0x08000000   0x08000000   0x000000ec   Data   RO          390    RESET               startup_stm32f10x_md.o
    0x080000ec   0x080000ec   0x00000008   Code   RO          697  * !!!main             c_w.l(__main.o)
    0x080000f4   0x080000f4   0x00000034   Code   RO         1144    !!!scatter          c_w.l(__scatter.o)
    0x08000128   0x08000128   0x0000001a   Code   RO         1146    !!handler_copy      c_w.l(__scatter_copy.o)
    0x08000142   0x08000142   0x00000002   PAD
    0x08000144   0x08000144   0x0000001c   Code   RO         1148    !!handler_zi        c_w.l(__scatter_zi.o)
    0x08000160   0x08000160   0x00000000   Code   RO          854    .ARM.Collect$$_printf_percent$$00000000  c_w.l(_printf_percent.o)
    0x08000160   0x08000160   0x00000006   Code   RO          843    .ARM.Collect$$_printf_percent$$00000001  c_w.l(_printf_n.o)
    0x08000166   0x08000166   0x00000006   Code   RO          845    .ARM.Collect$$_printf_percent$$00000002  c_w.l(_printf_p.o)
    0x0800016c   0x0800016c   0x00000006   Code   RO          850    .ARM.Collect$$_printf_percent$$00000003  c_w.l(_printf_f.o)
    0x08000172   0x08000172   0x00000006   Code   RO          851    .ARM.Collect$$_printf_percent$$00000004  c_w.l(_printf_e.o)
    0x08000178   0x08000178   0x00000006   Code   RO          852    .ARM.Collect$$_printf_percent$$00000005  c_w.l(_printf_g.o)
    0x0800017e   0x0800017e   0x00000006   Code   RO          853    .ARM.Collect$$_printf_percent$$00000006  c_w.l(_printf_a.o)
    0x08000184   0x08000184   0x0000000a   Code   RO          858    .ARM.Collect$$_printf_percent$$00000007  c_w.l(_printf_ll.o)
    0x0800018e   0x0800018e   0x00000006   Code   RO          847    .ARM.Collect$$_printf_percent$$00000008  c_w.l(_printf_i.o)
    0x08000194   0x08000194   0x00000006   Code   RO          848    .ARM.Collect$$_printf_percent$$00000009  c_w.l(_printf_d.o)
    0x0800019a   0x0800019a   0x00000006   Code   RO          849    .ARM.Collect$$_printf_percent$$0000000A  c_w.l(_printf_u.o)
    0x080001a0   0x080001a0   0x00000006   Code   RO          846    .ARM.Collect$$_printf_percent$$0000000B  c_w.l(_printf_o.o)
    0x080001a6   0x080001a6   0x00000006   Code   RO          844    .ARM.Collect$$_printf_percent$$0000000C  c_w.l(_printf_x.o)
    0x080001ac   0x080001ac   0x00000006   Code   RO          855    .ARM.Collect$$_printf_percent$$0000000D  c_w.l(_printf_lli.o)
    0x080001b2   0x080001b2   0x00000006   Code   RO          856    .ARM.Collect$$_printf_percent$$0000000E  c_w.l(_printf_lld.o)
    0x080001b8   0x080001b8   0x00000006   Code   RO          857    .ARM.Collect$$_printf_percent$$0000000F  c_w.l(_printf_llu.o)
    0x080001be   0x080001be   0x00000006   Code   RO          862    .ARM.Collect$$_printf_percent$$00000010  c_w.l(_printf_llo.o)
    0x080001c4   0x080001c4   0x00000006   Code   RO          863    .ARM.Collect$$_printf_percent$$00000011  c_w.l(_printf_llx.o)
    0x080001ca   0x080001ca   0x0000000a   Code   RO          859    .ARM.Collect$$_printf_percent$$00000012  c_w.l(_printf_l.o)
    0x080001d4   0x080001d4   0x00000006   Code   RO          841    .ARM.Collect$$_printf_percent$$00000013  c_w.l(_printf_c.o)
    0x080001da   0x080001da   0x00000006   Code   RO          842    .ARM.Collect$$_printf_percent$$00000014  c_w.l(_printf_s.o)
    0x080001e0   0x080001e0   0x00000006   Code   RO          860    .ARM.Collect$$_printf_percent$$00000015  c_w.l(_printf_lc.o)
    0x080001e6   0x080001e6   0x00000006   Code   RO          861    .ARM.Collect$$_printf_percent$$00000016  c_w.l(_printf_ls.o)
    0x080001ec   0x080001ec   0x00000004   Code   RO          994    .ARM.Collect$$_printf_percent$$00000017  c_w.l(_printf_percent_end.o)
    0x080001f0   0x080001f0   0x00000002   Code   RO         1064    .ARM.Collect$$libinit$$00000000  c_w.l(libinit.o)
    0x080001f2   0x080001f2   0x00000000   Code   RO          867    .ARM.Collect$$libinit$$00000002  c_w.l(libinit2.o)
    0x080001f2   0x080001f2   0x00000000   Code   RO          869    .ARM.Collect$$libinit$$00000004  c_w.l(libinit2.o)
    0x080001f2   0x080001f2   0x00000000   Code   RO          872    .ARM.Collect$$libinit$$0000000A  c_w.l(libinit2.o)
    0x080001f2   0x080001f2   0x00000000   Code   RO          874    .ARM.Collect$$libinit$$0000000C  c_w.l(libinit2.o)
    0x080001f2   0x080001f2   0x00000004   Code   RO          875    .ARM.Collect$$libinit$$0000000D  c_w.l(libinit2.o)
    0x080001f6   0x080001f6   0x00000000   Code   RO          876    .ARM.Collect$$libinit$$0000000E  c_w.l(libinit2.o)
    0x080001f6   0x080001f6   0x00000006   Code   RO          877    .ARM.Collect$$libinit$$0000000F  c_w.l(libinit2.o)
    0x080001fc   0x080001fc   0x00000000   Code   RO          879    .ARM.Collect$$libinit$$00000011  c_w.l(libinit2.o)
    0x080001fc   0x080001fc   0x0000000c   Code   RO          880    .ARM.Collect$$libinit$$00000012  c_w.l(libinit2.o)
    0x08000208   0x08000208   0x00000000   Code   RO          881    .ARM.Collect$$libinit$$00000013  c_w.l(libinit2.o)
    0x08000208   0x08000208   0x00000000   Code   RO          883    .ARM.Collect$$libinit$$00000015  c_w.l(libinit2.o)
    0x08000208   0x08000208   0x0000000a   Code   RO          884    .ARM.Collect$$libinit$$00000016  c_w.l(libinit2.o)
    0x08000212   0x08000212   0x00000000   Code   RO          885    .ARM.Collect$$libinit$$00000017  c_w.l(libinit2.o)
    0x08000212   0x08000212   0x00000000   Code   RO          887    .ARM.Collect$$libinit$$00000019  c_w.l(libinit2.o)
    0x08000212   0x08000212   0x00000000   Code   RO          889    .ARM.Collect$$libinit$$0000001B  c_w.l(libinit2.o)
    0x08000212   0x08000212   0x00000000   Code   RO          891    .ARM.Collect$$libinit$$0000001D  c_w.l(libinit2.o)
    0x08000212   0x08000212   0x00000000   Code   RO          893    .ARM.Collect$$libinit$$0000001F  c_w.l(libinit2.o)
    0x08000212   0x08000212   0x00000000   Code   RO          895    .ARM.Collect$$libinit$$00000021  c_w.l(libinit2.o)
    0x08000212   0x08000212   0x00000000   Code   RO          897    .ARM.Collect$$libinit$$00000023  c_w.l(libinit2.o)
    0x08000212   0x08000212   0x00000000   Code   RO          899    .ARM.Collect$$libinit$$00000025  c_w.l(libinit2.o)
    0x08000212   0x08000212   0x00000000   Code   RO          903    .ARM.Collect$$libinit$$0000002C  c_w.l(libinit2.o)
    0x08000212   0x08000212   0x00000000   Code   RO          905    .ARM.Collect$$libinit$$0000002E  c_w.l(libinit2.o)
    0x08000212   0x08000212   0x00000000   Code   RO          907    .ARM.Collect$$libinit$$00000030  c_w.l(libinit2.o)
    0x08000212   0x08000212   0x00000000   Code   RO          909    .ARM.Collect$$libinit$$00000032  c_w.l(libinit2.o)
    0x08000212   0x08000212   0x00000002   Code   RO          910    .ARM.Collect$$libinit$$00000033  c_w.l(libinit2.o)
    0x08000214   0x08000214   0x00000002   Code   RO         1105    .ARM.Collect$$libshutdown$$00000000  c_w.l(libshutdown.o)
    0x08000216   0x08000216   0x00000000   Code   RO         1111    .ARM.Collect$$libshutdown$$00000002  c_w.l(libshutdown2.o)
    0x08000216   0x08000216   0x00000000   Code   RO         1113    .ARM.Collect$$libshutdown$$00000004  c_w.l(libshutdown2.o)
    0x08000216   0x08000216   0x00000000   Code   RO         1116    .ARM.Collect$$libshutdown$$00000007  c_w.l(libshutdown2.o)
    0x08000216   0x08000216   0x00000000   Code   RO         1119    .ARM.Collect$$libshutdown$$0000000A  c_w.l(libshutdown2.o)
    0x08000216   0x08000216   0x00000000   Code   RO         1121    .ARM.Collect$$libshutdown$$0000000C  c_w.l(libshutdown2.o)
    0x08000216   0x08000216   0x00000000   Code   RO         1124    .ARM.Collect$$libshutdown$$0000000F  c_w.l(libshutdown2.o)
    0x08000216   0x08000216   0x00000002   Code   RO         1125    .ARM.Collect$$libshutdown$$00000010  c_w.l(libshutdown2.o)
    0x08000218   0x08000218   0x00000000   Code   RO          765    .ARM.Collect$$rtentry$$00000000  c_w.l(__rtentry.o)
    0x08000218   0x08000218   0x00000000   Code   RO          963    .ARM.Collect$$rtentry$$00000002  c_w.l(__rtentry2.o)
    0x08000218   0x08000218   0x00000006   Code   RO          975    .ARM.Collect$$rtentry$$00000004  c_w.l(__rtentry4.o)
    0x0800021e   0x0800021e   0x00000000   Code   RO          965    .ARM.Collect$$rtentry$$00000009  c_w.l(__rtentry2.o)
    0x0800021e   0x0800021e   0x00000004   Code   RO          966    .ARM.Collect$$rtentry$$0000000A  c_w.l(__rtentry2.o)
    0x08000222   0x08000222   0x00000000   Code   RO          968    .ARM.Collect$$rtentry$$0000000C  c_w.l(__rtentry2.o)
    0x08000222   0x08000222   0x00000008   Code   RO          969    .ARM.Collect$$rtentry$$0000000D  c_w.l(__rtentry2.o)
    0x0800022a   0x0800022a   0x00000002   Code   RO         1073    .ARM.Collect$$rtexit$$00000000  c_w.l(rtexit.o)
    0x0800022c   0x0800022c   0x00000000   Code   RO         1085    .ARM.Collect$$rtexit$$00000002  c_w.l(rtexit2.o)
    0x0800022c   0x0800022c   0x00000004   Code   RO         1086    .ARM.Collect$$rtexit$$00000003  c_w.l(rtexit2.o)
    0x08000230   0x08000230   0x00000006   Code   RO         1087    .ARM.Collect$$rtexit$$00000004  c_w.l(rtexit2.o)
    0x08000236   0x08000236   0x00000002   PAD
    0x08000238   0x08000238   0x00000034   Code   RO          686    .emb_text           c_w.l(rand.o)
    0x0800026c   0x0800026c   0x00000078   Code   RO            1    .text               main.o
    0x080002e4   0x080002e4   0x00000012   Code   RO          156    .text               stm32f10x_it.o
    0x080002f6   0x080002f6   0x00000002   PAD
    0x080002f8   0x080002f8   0x00000158   Code   RO          171    .text               system_stm32f10x.o
    0x08000450   0x08000450   0x00000294   Code   RO          189    .text               timer_key.o
    0x080006e4   0x080006e4   0x00000674   Code   RO          203    .text               rc522.o
    0x08000d58   0x08000d58   0x00001096   Code   RO          251    .text               oled.o
    0x08001dee   0x08001dee   0x00000002   PAD
    0x08001df0   0x08001df0   0x00000214   Code   RO          274    .text               servo.o
    0x08002004   0x08002004   0x0000017c   Code   RO          286    .text               button4_4.o
    0x08002180   0x08002180   0x00000490   Code   RO          320    .text               user_logic.o
    0x08002610   0x08002610   0x00000098   Code   RO          347    .text               delay.o
    0x080026a8   0x080026a8   0x00000040   Code   RO          391    .text               startup_stm32f10x_md.o
    0x080026e8   0x080026e8   0x000000b0   Code   RO          395    .text               misc.o
    0x08002798   0x08002798   0x00000264   Code   RO          407    .text               stm32f10x_gpio.o
    0x080029fc   0x080029fc   0x000002b8   Code   RO          419    .text               stm32f10x_rcc.o
    0x08002cb4   0x08002cb4   0x00000480   Code   RO          565    .text               stm32f10x_flash.o
    0x08003134   0x08003134   0x00000328   Code   RO          578    .text               stm32f10x_i2c.o
    0x0800345c   0x0800345c   0x00000af0   Code   RO          651    .text               stm32f10x_tim.o
    0x08003f4c   0x08003f4c   0x00000024   Code   RO          678    .text               c_w.l(vsprintf.o)
    0x08003f70   0x08003f70   0x0000002c   Code   RO          680    .text               c_w.l(__2sprintf.o)
    0x08003f9c   0x08003f9c   0x0000001a   Code   RO          684    .text               c_w.l(atoi.o)
    0x08003fb6   0x08003fb6   0x00000002   PAD
    0x08003fb8   0x08003fb8   0x0000003c   Code   RO          687    .text               c_w.l(rand.o)
    0x08003ff4   0x08003ff4   0x0000004e   Code   RO          691    .text               c_w.l(rt_memclr_w.o)
    0x08004042   0x08004042   0x00000002   PAD
    0x08004044   0x08004044   0x00000080   Code   RO          693    .text               c_w.l(strcmpv7m.o)
    0x080040c4   0x080040c4   0x00000006   Code   RO          695    .text               c_w.l(heapauxi.o)
    0x080040ca   0x080040ca   0x00000002   PAD
    0x080040cc   0x080040cc   0x00000008   Code   RO          769    .text               c_w.l(rt_errno_addr_intlibspace.o)
    0x080040d4   0x080040d4   0x0000004e   Code   RO          775    .text               c_w.l(_printf_pad.o)
    0x08004122   0x08004122   0x00000024   Code   RO          777    .text               c_w.l(_printf_truncate.o)
    0x08004146   0x08004146   0x00000052   Code   RO          779    .text               c_w.l(_printf_str.o)
    0x08004198   0x08004198   0x00000078   Code   RO          781    .text               c_w.l(_printf_dec.o)
    0x08004210   0x08004210   0x00000028   Code   RO          783    .text               c_w.l(_printf_charcount.o)
    0x08004238   0x08004238   0x00000030   Code   RO          785    .text               c_w.l(_printf_char_common.o)
    0x08004268   0x08004268   0x0000000a   Code   RO          787    .text               c_w.l(_sputc.o)
    0x08004272   0x08004272   0x00000002   PAD
    0x08004274   0x08004274   0x000000bc   Code   RO          789    .text               c_w.l(_printf_wctomb.o)
    0x08004330   0x08004330   0x0000007c   Code   RO          792    .text               c_w.l(_printf_longlong_dec.o)
    0x080043ac   0x080043ac   0x00000070   Code   RO          798    .text               c_w.l(_printf_oct_int_ll.o)
    0x0800441c   0x0800441c   0x00000094   Code   RO          818    .text               c_w.l(_printf_hex_int_ll_ptr.o)
    0x080044b0   0x080044b0   0x00000188   Code   RO          838    .text               c_w.l(__printf_flags_ss_wp.o)
    0x08004638   0x08004638   0x00000070   Code   RO          864    .text               c_w.l(strtol.o)
    0x080046a8   0x080046a8   0x00000008   Code   RO          959    .text               c_w.l(libspace.o)
    0x080046b0   0x080046b0   0x00000010   Code   RO          977    .text               c_w.l(rt_ctype_table.o)
    0x080046c0   0x080046c0   0x0000008a   Code   RO          979    .text               c_w.l(lludiv10.o)
    0x0800474a   0x0800474a   0x000000b2   Code   RO          981    .text               c_w.l(_printf_intcommon.o)
    0x080047fc   0x080047fc   0x0000041e   Code   RO          983    .text               c_w.l(_printf_fp_dec.o)
    0x08004c1a   0x08004c1a   0x00000002   PAD
    0x08004c1c   0x08004c1c   0x000002fc   Code   RO          985    .text               c_w.l(_printf_fp_hex.o)
    0x08004f18   0x08004f18   0x0000002c   Code   RO          990    .text               c_w.l(_printf_char.o)
    0x08004f44   0x08004f44   0x0000002c   Code   RO          992    .text               c_w.l(_printf_wchar.o)
    0x08004f70   0x08004f70   0x0000009e   Code   RO          995    .text               c_w.l(_strtoul.o)
    0x0800500e   0x0800500e   0x00000040   Code   RO          997    .text               c_w.l(_wcrtomb.o)
    0x0800504e   0x0800504e   0x0000004a   Code   RO         1011    .text               c_w.l(sys_stackheap_outer.o)
    0x08005098   0x08005098   0x00000008   Code   RO         1016    .text               c_w.l(rt_locale_intlibspace.o)
    0x080050a0   0x080050a0   0x00000080   Code   RO         1018    .text               c_w.l(_printf_fp_infnan.o)
    0x08005120   0x08005120   0x0000001c   Code   RO         1020    .text               c_w.l(_chval.o)
    0x0800513c   0x0800513c   0x000000e4   Code   RO         1022    .text               c_w.l(bigflt0.o)
    0x08005220   0x08005220   0x00000012   Code   RO         1053    .text               c_w.l(exit.o)
    0x08005232   0x08005232   0x00000002   Code   RO         1081    .text               c_w.l(use_no_semi.o)
    0x08005234   0x08005234   0x00000000   Code   RO         1083    .text               c_w.l(indicate_semi.o)
    0x08005234   0x08005234   0x0000000c   Code   RO         1097    .text               c_w.l(sys_exit.o)
    0x08005240   0x08005240   0x0000003e   Code   RO         1025    CL$$btod_d2e        c_w.l(btod.o)
    0x0800527e   0x0800527e   0x00000046   Code   RO         1027    CL$$btod_d2e_denorm_low  c_w.l(btod.o)
    0x080052c4   0x080052c4   0x00000060   Code   RO         1026    CL$$btod_d2e_norm_op1  c_w.l(btod.o)
    0x08005324   0x08005324   0x00000338   Code   RO         1035    CL$$btod_div_common  c_w.l(btod.o)
    0x0800565c   0x0800565c   0x000000dc   Code   RO         1032    CL$$btod_e2e        c_w.l(btod.o)
    0x08005738   0x08005738   0x0000002a   Code   RO         1029    CL$$btod_ediv       c_w.l(btod.o)
    0x08005762   0x08005762   0x0000002a   Code   RO         1028    CL$$btod_emul       c_w.l(btod.o)
    0x0800578c   0x0800578c   0x00000244   Code   RO         1034    CL$$btod_mult_common  c_w.l(btod.o)
    0x080059d0   0x080059d0   0x00000028   Code   RO         1007    i.__ARM_fpclassify  m_ws.l(fpclassify.o)
    0x080059f8   0x080059f8   0x000000aa   Code   RO         1009    i.__kernel_poly     m_ws.l(poly.o)
    0x08005aa2   0x08005aa2   0x00000006   Code   RO          945    i.__mathlib_dbl_infnan  m_ws.l(dunder.o)
    0x08005aa8   0x08005aa8   0x00000004   Code   RO          946    i.__mathlib_dbl_infnan2  m_ws.l(dunder.o)
    0x08005aac   0x08005aac   0x00000010   Code   RO          950    i.__mathlib_dbl_underflow  m_ws.l(dunder.o)
    0x08005abc   0x08005abc   0x0000000e   Code   RO          831    i._is_digit         c_w.l(__printf_wp.o)
    0x08005aca   0x08005aca   0x00000002   PAD
    0x08005acc   0x08005acc   0x00000220   Code   RO          935    i.atan              m_ws.l(atan.o)
    0x08005cec   0x08005cec   0x00000180   Code   RO          756    i.atan2             m_ws.l(atan2.o)
    0x08005e6c   0x08005e6c   0x00000094   Code   RO          763    i.round             m_ws.l(round.o)
    0x08005f00   0x08005f00   0x0000002c   Code   RO         1048    locale$$code        c_w.l(lc_ctype_c.o)
    0x08005f2c   0x08005f2c   0x0000002c   Code   RO         1051    locale$$code        c_w.l(lc_numeric_c.o)
    0x08005f58   0x08005f58   0x00000062   Code   RO          699    x$fpl$d2f           fz_ws.l(d2f.o)
    0x08005fba   0x08005fba   0x00000002   PAD
    0x08005fbc   0x08005fbc   0x00000150   Code   RO          701    x$fpl$dadd          fz_ws.l(daddsub_clz.o)
    0x0800610c   0x0800610c   0x00000010   Code   RO         1065    x$fpl$dcheck1       fz_ws.l(dcheck1.o)
    0x0800611c   0x0800611c   0x00000018   Code   RO          911    x$fpl$dcmpinf       fz_ws.l(dcmpi.o)
    0x08006134   0x08006134   0x000002b0   Code   RO          708    x$fpl$ddiv          fz_ws.l(ddiv.o)
    0x080063e4   0x080063e4   0x0000005e   Code   RO          711    x$fpl$dfix          fz_ws.l(dfix.o)
    0x08006442   0x08006442   0x00000002   PAD
    0x08006444   0x08006444   0x0000005a   Code   RO          715    x$fpl$dfixu         fz_ws.l(dfixu.o)
    0x0800649e   0x0800649e   0x0000002e   Code   RO          720    x$fpl$dflt          fz_ws.l(dflt_clz.o)
    0x080064cc   0x080064cc   0x00000026   Code   RO          719    x$fpl$dfltu         fz_ws.l(dflt_clz.o)
    0x080064f2   0x080064f2   0x00000002   PAD
    0x080064f4   0x080064f4   0x00000078   Code   RO          725    x$fpl$dleqf         fz_ws.l(dleqf.o)
    0x0800656c   0x0800656c   0x00000154   Code   RO          727    x$fpl$dmul          fz_ws.l(dmul.o)
    0x080066c0   0x080066c0   0x0000009c   Code   RO          913    x$fpl$dnaninf       fz_ws.l(dnaninf.o)
    0x0800675c   0x0800675c   0x0000000c   Code   RO          915    x$fpl$dretinf       fz_ws.l(dretinf.o)
    0x08006768   0x08006768   0x0000006c   Code   RO          729    x$fpl$drleqf        fz_ws.l(drleqf.o)
    0x080067d4   0x080067d4   0x000000b4   Code   RO          917    x$fpl$drnd          fz_ws.l(drnd.o)
    0x08006888   0x08006888   0x00000016   Code   RO          702    x$fpl$drsb          fz_ws.l(daddsub_clz.o)
    0x0800689e   0x0800689e   0x00000002   PAD
    0x080068a0   0x080068a0   0x000001d4   Code   RO          703    x$fpl$dsub          fz_ws.l(daddsub_clz.o)
    0x08006a74   0x08006a74   0x00000056   Code   RO          731    x$fpl$f2d           fz_ws.l(f2d.o)
    0x08006aca   0x08006aca   0x00000002   PAD
    0x08006acc   0x08006acc   0x000000c4   Code   RO          733    x$fpl$fadd          fz_ws.l(faddsub_clz.o)
    0x08006b90   0x08006b90   0x0000000c   Code   RO          919    x$fpl$fcheck1       fz_ws.l(fcheck1.o)
    0x08006b9c   0x08006b9c   0x00000184   Code   RO          740    x$fpl$fdiv          fz_ws.l(fdiv.o)
    0x08006d20   0x08006d20   0x0000003e   Code   RO          743    x$fpl$ffixu         fz_ws.l(ffixu.o)
    0x08006d5e   0x08006d5e   0x00000002   PAD
    0x08006d60   0x08006d60   0x00000030   Code   RO          748    x$fpl$fflt          fz_ws.l(fflt_clz.o)
    0x08006d90   0x08006d90   0x0000008c   Code   RO          921    x$fpl$fnaninf       fz_ws.l(fnaninf.o)
    0x08006e1c   0x08006e1c   0x0000000a   Code   RO          923    x$fpl$fretinf       fz_ws.l(fretinf.o)
    0x08006e26   0x08006e26   0x00000002   PAD
    0x08006e28   0x08006e28   0x000000ea   Code   RO          735    x$fpl$fsub          fz_ws.l(faddsub_clz.o)
    0x08006f12   0x08006f12   0x00000004   Code   RO          925    x$fpl$printf1       fz_ws.l(printf1.o)
    0x08006f16   0x08006f16   0x00000004   Code   RO          927    x$fpl$printf2       fz_ws.l(printf2.o)
    0x08006f1a   0x08006f1a   0x00000064   Code   RO         1003    x$fpl$retnan        fz_ws.l(retnan.o)
    0x08006f7e   0x08006f7e   0x0000005c   Code   RO         1005    x$fpl$scalbn        fz_ws.l(scalbn.o)
    0x08006fda   0x08006fda   0x0000004c   Code   RO          753    x$fpl$scalbnf       fz_ws.l(scalbnf.o)
    0x08007026   0x08007026   0x00000030   Code   RO         1069    x$fpl$trapveneer    fz_ws.l(trapv.o)
    0x08007056   0x08007056   0x00000000   Code   RO          933    x$fpl$usenofp       fz_ws.l(usenofp.o)
    0x08007056   0x08007056   0x000005f0   Data   RO          305    .constdata          oled_data.o
    0x08007646   0x08007646   0x0000023a   Data   RO          306    .constdata          oled_data.o
    0x08007880   0x08007880   0x000000fc   Data   RO          307    .constdata          oled_data.o
    0x0800797c   0x0800797c   0x00000044   Data   RO          322    .constdata          user_logic.o
    0x080079c0   0x080079c0   0x00000008   Data   RO          790    .constdata          c_w.l(_printf_wctomb.o)
    0x080079c8   0x080079c8   0x00000028   Data   RO          819    .constdata          c_w.l(_printf_hex_int_ll_ptr.o)
    0x080079f0   0x080079f0   0x00000011   Data   RO          839    .constdata          c_w.l(__printf_flags_ss_wp.o)
    0x08007a01   0x08007a01   0x00000007   PAD
    0x08007a08   0x08007a08   0x00000098   Data   RO          936    .constdata          m_ws.l(atan.o)
    0x08007aa0   0x08007aa0   0x00000008   Data   RO          958    .constdata          m_ws.l(qnan.o)
    0x08007aa8   0x08007aa8   0x00000026   Data   RO          986    .constdata          c_w.l(_printf_fp_hex.o)
    0x08007ace   0x08007ace   0x00000002   PAD
    0x08007ad0   0x08007ad0   0x00000094   Data   RO         1023    .constdata          c_w.l(bigflt0.o)
    0x08007b64   0x08007b64   0x00000020   Data   RO         1142    Region$$Table       anon$$obj.o
    0x08007b84   0x08007b84   0x00000110   Data   RO         1047    locale$$data        c_w.l(lc_ctype_c.o)
    0x08007c94   0x08007c94   0x0000001c   Data   RO         1050    locale$$data        c_w.l(lc_numeric_c.o)


    Execution Region RW_IRAM1 (Exec base: 0x20000000, Load base: 0x08007cb0, Size: 0x00000bf0, Max: 0x00005000, ABSOLUTE)

    Exec Addr    Load Addr    Size         Type   Attr      Idx    E Section Name        Object

    0x20000000   0x08007cb0   0x00000004   Data   RW            4    .data               main.o
    0x20000004   0x08007cb4   0x00000014   Data   RW          172    .data               system_stm32f10x.o
    0x20000018   0x08007cc8   0x00000008   Data   RW          190    .data               timer_key.o
    0x20000020   0x08007cd0   0x00000002   Data   RW          287    .data               button4_4.o
    0x20000022   0x08007cd2   0x00000002   PAD
    0x20000024   0x08007cd4   0x00000018   Data   RW          323    .data               user_logic.o
    0x2000003c   0x08007cec   0x00000004   Data   RW          348    .data               delay.o
    0x20000040   0x08007cf0   0x00000014   Data   RW          420    .data               stm32f10x_rcc.o
    0x20000054        -       0x00000400   Zero   RW          252    .bss                oled.o
    0x20000454        -       0x00000051   Zero   RW          321    .bss                user_logic.o
    0x200004a5   0x08007d04   0x00000003   PAD
    0x200004a8        -       0x000000e4   Zero   RW          688    .bss                c_w.l(rand.o)
    0x2000058c        -       0x00000060   Zero   RW          960    .bss                c_w.l(libspace.o)
    0x200005ec   0x08007d04   0x00000004   PAD
    0x200005f0        -       0x00000200   Zero   RW          389    HEAP                startup_stm32f10x_md.o
    0x200007f0        -       0x00000400   Zero   RW          388    STACK               startup_stm32f10x_md.o


==============================================================================

Image component sizes


      Code (inc. data)   RO Data    RW Data    ZI Data      Debug   Object Name

       380         10          0          2          0       1358   button4_4.o
       152         14          0          4          0       1095   delay.o
       120          8          0          4          0     261494   main.o
       176         14          0          0          0       1905   misc.o
      4246         46          0          0       1024      18702   oled.o
         0          0       2342          0          0       1034   oled_data.o
      1652         12          0          0          0     210977   rc522.o
       532         42          0          0          0       2047   servo.o
        64         26        236          0       1536        796   startup_stm32f10x_md.o
      1152         22          0          0          0       9264   stm32f10x_flash.o
       612         36          0          0          0       6037   stm32f10x_gpio.o
       808         14          0          0          0       9703   stm32f10x_i2c.o
        18          0          0          0          0       1162   stm32f10x_it.o
       696         32          0         20          0       9020   stm32f10x_rcc.o
      2800         84          0          0          0      23970   stm32f10x_tim.o
         0          0          0          0          0         32   sys.o
       344         34          0         20          0       1791   system_stm32f10x.o
       660         12          0          8          0       2628   timer_key.o
      1168        172         68         24         81       5049   user_logic.o

    ----------------------------------------------------------------------
     15584        578       2678         84       2644     568064   Object Totals
         0          0         32          0          0          0   (incl. Generated)
         4          0          0          2          3          0   (incl. Padding)

    ----------------------------------------------------------------------

      Code (inc. data)   RO Data    RW Data    ZI Data      Debug   Library Member Name

        44          6          0          0          0         84   __2sprintf.o
         8          0          0          0          0         68   __main.o
       392          4         17          0          0         92   __printf_flags_ss_wp.o
        14          0          0          0          0         68   __printf_wp.o
         0          0          0          0          0          0   __rtentry.o
        12          0          0          0          0          0   __rtentry2.o
         6          0          0          0          0          0   __rtentry4.o
        52          8          0          0          0          0   __scatter.o
        26          0          0          0          0          0   __scatter_copy.o
        28          0          0          0          0          0   __scatter_zi.o
        28          0          0          0          0         68   _chval.o
         6          0          0          0          0          0   _printf_a.o
         6          0          0          0          0          0   _printf_c.o
        44          0          0          0          0        108   _printf_char.o
        48          6          0          0          0         96   _printf_char_common.o
        40          0          0          0          0         68   _printf_charcount.o
         6          0          0          0          0          0   _printf_d.o
       120         16          0          0          0         92   _printf_dec.o
         6          0          0          0          0          0   _printf_e.o
         6          0          0          0          0          0   _printf_f.o
      1054          0          0          0          0        216   _printf_fp_dec.o
       764          8         38          0          0        100   _printf_fp_hex.o
       128         16          0          0          0         84   _printf_fp_infnan.o
         6          0          0          0          0          0   _printf_g.o
       148          4         40          0          0        160   _printf_hex_int_ll_ptr.o
         6          0          0          0          0          0   _printf_i.o
       178          0          0          0          0         88   _printf_intcommon.o
        10          0          0          0          0          0   _printf_l.o
         6          0          0          0          0          0   _printf_lc.o
        10          0          0          0          0          0   _printf_ll.o
         6          0          0          0          0          0   _printf_lld.o
         6          0          0          0          0          0   _printf_lli.o
         6          0          0          0          0          0   _printf_llo.o
         6          0          0          0          0          0   _printf_llu.o
         6          0          0          0          0          0   _printf_llx.o
       124         16          0          0          0         92   _printf_longlong_dec.o
         6          0          0          0          0          0   _printf_ls.o
         6          0          0          0          0          0   _printf_n.o
         6          0          0          0          0          0   _printf_o.o
       112         10          0          0          0        124   _printf_oct_int_ll.o
         6          0          0          0          0          0   _printf_p.o
        78          0          0          0          0        108   _printf_pad.o
         0          0          0          0          0          0   _printf_percent.o
         4          0          0          0          0          0   _printf_percent_end.o
         6          0          0          0          0          0   _printf_s.o
        82          0          0          0          0         80   _printf_str.o
        36          0          0          0          0         84   _printf_truncate.o
         6          0          0          0          0          0   _printf_u.o
        44          0          0          0          0        108   _printf_wchar.o
       188          6          8          0          0         92   _printf_wctomb.o
         6          0          0          0          0          0   _printf_x.o
        10          0          0          0          0         68   _sputc.o
       158          0          0          0          0         92   _strtoul.o
        64          0          0          0          0         92   _wcrtomb.o
        26          0          0          0          0         80   atoi.o
       228          4        148          0          0         96   bigflt0.o
      1936        128          0          0          0        672   btod.o
        18          0          0          0          0         80   exit.o
         6          0          0          0          0        152   heapauxi.o
         0          0          0          0          0          0   indicate_semi.o
        44         10        272          0          0         76   lc_ctype_c.o
        44         10         28          0          0         76   lc_numeric_c.o
         2          0          0          0          0          0   libinit.o
        34          0          0          0          0          0   libinit2.o
         2          0          0          0          0          0   libshutdown.o
         2          0          0          0          0          0   libshutdown2.o
         8          4          0          0         96         68   libspace.o
       138          0          0          0          0         80   lludiv10.o
       112         18          0          0        228        160   rand.o
        16          4          0          0          0         76   rt_ctype_table.o
         8          4          0          0          0         68   rt_errno_addr_intlibspace.o
         8          4          0          0          0         68   rt_locale_intlibspace.o
        78          0          0          0          0         80   rt_memclr_w.o
         2          0          0          0          0          0   rtexit.o
        10          0          0          0          0          0   rtexit2.o
       128          0          0          0          0         68   strcmpv7m.o
       112          0          0          0          0         88   strtol.o
        12          4          0          0          0         68   sys_exit.o
        74          0          0          0          0         80   sys_stackheap_outer.o
         2          0          0          0          0         68   use_no_semi.o
        36          4          0          0          0         76   vsprintf.o
        98          4          0          0          0         92   d2f.o
       826         16          0          0          0        348   daddsub_clz.o
        16          4          0          0          0         68   dcheck1.o
        24          0          0          0          0         68   dcmpi.o
       688        140          0          0          0        208   ddiv.o
        94          4          0          0          0         92   dfix.o
        90          4          0          0          0         92   dfixu.o
        84          0          0          0          0        136   dflt_clz.o
       120          4          0          0          0         92   dleqf.o
       340         12          0          0          0        104   dmul.o
       156          4          0          0          0         92   dnaninf.o
        12          0          0          0          0         68   dretinf.o
       108          0          0          0          0         80   drleqf.o
       180          4          0          0          0         80   drnd.o
        86          4          0          0          0         84   f2d.o
       430          8          0          0          0        168   faddsub_clz.o
        12          4          0          0          0         68   fcheck1.o
       388         76          0          0          0         96   fdiv.o
        62          4          0          0          0         84   ffixu.o
        48          0          0          0          0         68   fflt_clz.o
       140          4          0          0          0         84   fnaninf.o
        10          0          0          0          0         68   fretinf.o
         4          0          0          0          0         68   printf1.o
         4          0          0          0          0         68   printf2.o
       100          0          0          0          0         68   retnan.o
        92          0          0          0          0         68   scalbn.o
        76          0          0          0          0         68   scalbnf.o
        48          0          0          0          0         68   trapv.o
         0          0          0          0          0          0   usenofp.o
       544         70        152          0          0        124   atan.o
       384         38          0          0          0        144   atan2.o
        26          6          0          0          0        204   dunder.o
        40          0          0          0          0         68   fpclassify.o
       170          0          0          0          0         96   poly.o
         0          0          8          0          0          0   qnan.o
       148         12          0          0          0         88   round.o

    ----------------------------------------------------------------------
     12938        716        720          0        328       8084   Library Totals
        30          0          9          0          4          0   (incl. Padding)

    ----------------------------------------------------------------------

      Code (inc. data)   RO Data    RW Data    ZI Data      Debug   Library Name

      7260        294        551          0        324       4612   c_w.l
      4336        296          0          0          0       2748   fz_ws.l
      1312        126        160          0          0        724   m_ws.l

    ----------------------------------------------------------------------
     12938        716        720          0        328       8084   Library Totals

    ----------------------------------------------------------------------

==============================================================================


      Code (inc. data)   RO Data    RW Data    ZI Data      Debug   

     28522       1294       3398         84       2972     569540   Grand Totals
     28522       1294       3398         84       2972     569540   ELF Image Totals
     28522       1294       3398         84          0          0   ROM Totals

==============================================================================

    Total RO  Size (Code + RO Data)                31920 (  31.17kB)
    Total RW  Size (RW Data + ZI Data)              3056 (   2.98kB)
    Total ROM Size (Code + RO Data + RW Data)      32004 (  31.25kB)

==============================================================================

