Component: ARM Compiler 5.05 update 1 (build 106) Tool: armlink [4d0efa]

==============================================================================

Section Cross References

    main.o(.text) refers to delay.o(.text) for delay_init
    main.o(.text) refers to button4_4.o(.text) for Button4_4_Init
    main.o(.text) refers to timer_key.o(.text) for TimerKey_Init
    main.o(.text) refers to oled.o(.text) for OLED_Init
    main.o(.text) refers to servo.o(.text) for PCA9685_Init
    main.o(.text) refers to rc522.o(.text) for rc522Init
    main.o(.text) refers to user_logic.o(.text) for UserLogic_Init
    main.o(.text) refers to main.o(.data) for .data
    system_stm32f10x.o(.text) refers to system_stm32f10x.o(.data) for .data
    timer_key.o(.text) refers to stm32f10x_gpio.o(.text) for GPIO_ResetBits
    timer_key.o(.text) refers to stm32f10x_rcc.o(.text) for RCC_APB1PeriphClockCmd
    timer_key.o(.text) refers to stm32f10x_tim.o(.text) for TIM_TimeBaseInit
    timer_key.o(.text) refers to misc.o(.text) for NVIC_Init
    timer_key.o(.text) refers to timer_key.o(.data) for .data
    timer_key.o(.text) refers to system_stm32f10x.o(.data) for SystemCoreClock
    rc522.o(.text) refers to stm32f10x_gpio.o(.text) for GPIO_ResetBits
    rc522.o(.text) refers to delay.o(.text) for delay_ms
    rc522.o(.text) refers to stm32f10x_rcc.o(.text) for RCC_APB2PeriphClockCmd
    oled.o(.text) refers to stm32f10x_gpio.o(.text) for GPIO_WriteBit
    oled.o(.text) refers to stm32f10x_rcc.o(.text) for RCC_APB2PeriphClockCmd
    oled.o(.text) refers to dflt_clz.o(x$fpl$dflt) for __aeabi_i2d
    oled.o(.text) refers to atan2.o(i.atan2) for atan2
    oled.o(.text) refers to ddiv.o(x$fpl$ddiv) for __aeabi_ddiv
    oled.o(.text) refers to dmul.o(x$fpl$dmul) for __aeabi_dmul
    oled.o(.text) refers to dfix.o(x$fpl$dfix) for __aeabi_d2iz
    oled.o(.text) refers to oled.o(.bss) for .bss
    oled.o(.text) refers to drleqf.o(x$fpl$drleqf) for __aeabi_cdrcmple
    oled.o(.text) refers to dfixu.o(x$fpl$dfixu) for __aeabi_d2uiz
    oled.o(.text) refers to dflt_clz.o(x$fpl$dfltu) for __aeabi_ui2d
    oled.o(.text) refers to daddsub_clz.o(x$fpl$drsb) for __aeabi_drsub
    oled.o(.text) refers to round.o(i.round) for round
    oled.o(.text) refers to strcmpv7m.o(.text) for strcmp
    oled.o(.text) refers to vsprintf.o(.text) for vsprintf
    oled.o(.text) refers to oled_data.o(.constdata) for OLED_F6x8
    oled.o(.text) refers to oled_data.o(.constdata) for OLED_F8x16
    oled.o(.text) refers to oled_data.o(.constdata) for OLED_CF16x16
    oled.o(.text) refers to daddsub_clz.o(x$fpl$dadd) for __aeabi_dadd
    oled.o(.text) refers to d2f.o(x$fpl$d2f) for __aeabi_d2f
    oled.o(.text) refers to fflt_clz.o(x$fpl$fflt) for __aeabi_i2f
    oled.o(.text) refers to faddsub_clz.o(x$fpl$fadd) for __aeabi_fadd
    oled.o(.text) refers to daddsub_clz.o(x$fpl$dsub) for __aeabi_dsub
    oled.o(.text) refers to dleqf.o(x$fpl$dleqf) for __aeabi_cdcmple
    servo.o(.text) refers to stm32f10x_i2c.o(.text) for I2C_GenerateSTART
    servo.o(.text) refers to scalbnf.o(x$fpl$scalbnf) for __ARM_scalbnf
    servo.o(.text) refers to fdiv.o(x$fpl$fdiv) for __aeabi_fdiv
    servo.o(.text) refers to ffixu.o(x$fpl$ffixu) for __aeabi_f2uiz
    servo.o(.text) refers to stm32f10x_rcc.o(.text) for RCC_APB2PeriphClockCmd
    servo.o(.text) refers to stm32f10x_gpio.o(.text) for GPIO_Init
    servo.o(.text) refers to f2d.o(x$fpl$f2d) for __aeabi_f2d
    servo.o(.text) refers to ddiv.o(x$fpl$ddiv) for __aeabi_ddiv
    servo.o(.text) refers to dmul.o(x$fpl$dmul) for __aeabi_dmul
    servo.o(.text) refers to daddsub_clz.o(x$fpl$dadd) for __aeabi_dadd
    servo.o(.text) refers to d2f.o(x$fpl$d2f) for __aeabi_d2f
    button4_4.o(.text) refers to stm32f10x_gpio.o(.text) for GPIO_ReadInputDataBit
    button4_4.o(.text) refers to delay.o(.text) for delay_ms
    button4_4.o(.text) refers to stm32f10x_rcc.o(.text) for RCC_APB2PeriphClockCmd
    button4_4.o(.text) refers to button4_4.o(.data) for .data
    user_logic.o(.text) refers to _printf_percent.o(.ARM.Collect$$_printf_percent$$00000000) for _printf_percent
    user_logic.o(.text) refers to _printf_d.o(.ARM.Collect$$_printf_percent$$00000009) for _printf_d
    user_logic.o(.text) refers to _printf_c.o(.ARM.Collect$$_printf_percent$$00000013) for _printf_c
    user_logic.o(.text) refers to _printf_dec.o(.text) for _printf_int_dec
    user_logic.o(.text) refers to _printf_str.o(.text) for _printf_str
    user_logic.o(.text) refers to stm32f10x_flash.o(.text) for FLASH_Unlock
    user_logic.o(.text) refers to oled.o(.text) for OLED_ClearArea
    user_logic.o(.text) refers to atoi.o(.text) for atoi
    user_logic.o(.text) refers to __2snprintf.o(.text) for __2snprintf
    user_logic.o(.text) refers to delay.o(.text) for delay_ms
    user_logic.o(.text) refers to user_logic.o(.bss) for .bss
    user_logic.o(.text) refers to user_logic.o(.data) for .data
    user_logic.o(.text) refers to main.o(.data) for CardA_UID
[...]
    APBAHBPrescTable                         0x2000004c   Data          16  stm32f10x_rcc.o(.data)
    .bss                                     0x2000005c   Section     1024  oled.o(.bss)
    .bss                                     0x2000045c   Section       97  user_logic.o(.bss)
    codes                                    0x2000045c   Data          52  user_logic.o(.bss)
    door_occupied                            0x20000490   Data          13  user_logic.o(.bss)
    take_input_buf                           0x2000049d   Data          16  user_logic.o(.bss)
    store_input_buf                          0x200004ad   Data          16  user_logic.o(.bss)
    .bss                                     0x200004c0   Section       96  libspace.o(.bss)
    HEAP                                     0x20000520   Section      512  startup_stm32f10x_md.o(HEAP)
    Heap_Mem                                 0x20000520   Data         512  startup_stm32f10x_md.o(HEAP)
    STACK                                    0x20000720   Section     1024  startup_stm32f10x_md.o(STACK)
    Stack_Mem                                0x20000720   Data        1024  startup_stm32f10x_md.o(STACK)
    __initial_sp                             0x20000b20   Data           0  startup_stm32f10x_md.o(STACK)

    Global Symbols

    Symbol Name                              Value     Ov Type        Size  Object(Section)

    BuildAttributes$$THM_ISAv4$P$D$K$B$S$PE$A:L22UL41UL21$X:L11$S22US41US21$IEEE1$IW$USESV6$~STKCKD$USESV7$~SHL$OTIME$ROPI$IEEEX$EBA8$UX$STANDARDLIB$REQ8$PRES8$EABIv2 0x00000000   Number         0  anon$$obj.o ABSOLUTE
    __ARM_use_no_argv                        0x00000000   Number         0  main.o ABSOLUTE
    _printf_flags                            0x00000000   Number         0  printf_stubs.o ABSOLUTE
    _printf_return_value                     0x00000000   Number         0  printf_stubs.o ABSOLUTE
    _printf_sizespec                         0x00000000   Number         0  printf_stubs.o ABSOLUTE
    _printf_widthprec                        0x00000000   Number         0  printf_stubs.o ABSOLUTE
    __ARM_exceptions_init                     - Undefined Weak Reference
    __alloca_initialize                       - Undefined Weak Reference
    __arm_preinit_                            - Undefined Weak Reference
    __cpp_initialize__aeabi_                  - Undefined Weak Reference
    __cxa_finalize                            - Undefined Weak Reference
    __sigvec_lookup                           - Undefined Weak Reference
    _atexit_init                              - Undefined Weak Reference
    _call_atexit_fns                          - Undefined Weak Reference
    _clock_init                               - Undefined Weak Reference
    _fp_trap_init                             - Undefined Weak Reference
    _fp_trap_shutdown                         - Undefined Weak Reference
    _get_lc_collate                           - Undefined Weak Reference
    _get_lc_monetary                          - Undefined Weak Reference
    _get_lc_time                              - Undefined Weak Reference
    _getenv_init                              - Undefined Weak Reference
    _handle_redirection                       - Undefined Weak Reference
    _init_alloc                               - Undefined Weak Reference
    _init_user_alloc                          - Undefined Weak Reference
    _initio                                   - Undefined Weak Reference
    _printf_mbtowc                            - Undefined Weak Reference
    _printf_wc                                - Undefined Weak Reference
    _rand_init                                - Undefined Weak Reference
    _signal_finish                            - Undefined Weak Reference
    _signal_init                              - Undefined Weak Reference
    _terminate_alloc                          - Undefined Weak Reference
    _terminate_user_alloc                     - Undefined Weak Reference
    _terminateio                              - Undefined Weak Reference
    __Vectors_Size                           0x000000ec   Number         0  startup_stm32f10x_md.o ABSOLUTE
    __Vectors                                0x08000000   Data           4  startup_stm32f10x_md.o(RESET)
    __Vectors_End                            0x080000ec   Data           0  startup_stm32f10x_md.o(RESET)
    __main                                   0x080000ed   Thumb Code     8  __main.o(!!!main)
    __scatterload                            0x080000f5   Thumb Code     0  __scatter.o(!!!scatter)
    __scatterload_rt2                        0x080000f5   Thumb Code    44  __scatter.o(!!!scatter)
    __scatterload_rt2_thumb_only             0x080000f5   Thumb Code     0  __scatter.o(!!!scatter)
    __scatterload_null                       0x08000103   Thumb Code     0  __scatter.o(!!!scatter)
    __scatterload_copy                       0x08000129   Thumb Code    26  __scatter_copy.o(!!handler_copy)
    __scatterload_zeroinit                   0x08000145   Thumb Code    28  __scatter_zi.o(!!handler_zi)
    _printf_n                                0x08000161   Thumb Code     0  _printf_n.o(.ARM.Collect$$_printf_percent$$00000001)
    _printf_percent                          0x08000161   Thumb Code     0  _printf_percent.o(.ARM.Collect$$_printf_percent$$00000000)
    _printf_p                                0x08000167   Thumb Code     0  _printf_p.o(.ARM.Collect$$_printf_percent$$00000002)
    _printf_f                                0x0800016d   Thumb Code     0  _printf_f.o(.ARM.Collect$$_printf_percent$$00000003)
    _printf_e                                0x08000173   Thumb Code     0  _printf_e.o(.ARM.Collect$$_printf_percent$$00000004)
    _printf_g                                0x08000179   Thumb Code     0  _printf_g.o(.ARM.Collect$$_printf_percent$$00000005)
    _printf_a                                0x0800017f   Thumb Code     0  _printf_a.o(.ARM.Collect$$_printf_percent$$00000006)
    _printf_ll                               0x08000185   Thumb Code     0  _printf_ll.o(.ARM.Collect$$_printf_percent$$00000007)
    _printf_i                                0x0800018f   Thumb Code     0  _printf_i.o(.ARM.Collect$$_printf_percent$$00000008)
    _printf_d                                0x08000195   Thumb Code     0  _printf_d.o(.ARM.Collect$$_printf_percent$$00000009)
    _printf_u                                0x0800019b   Thumb Code     0  _printf_u.o(.ARM.Collect$$_printf_percent$$0000000A)
    _printf_o                                0x080001a1   Thumb Code     0  _printf_o.o(.ARM.Collect$$_printf_percent$$0000000B)
    _printf_x                                0x080001a7   Thumb Code     0  _printf_x.o(.ARM.Collect$$_printf_percent$$0000000C)
    _printf_lli                              0x080001ad   Thumb Code     0  _printf_lli.o(.ARM.Collect$$_printf_percent$$0000000D)
    _printf_lld                              0x080001b3   Thumb Code     0  _printf_lld.o(.ARM.Collect$$_printf_percent$$0000000E)
    _printf_llu                              0x080001b9   Thumb Code     0  _printf_llu.o(.ARM.Collect$$_printf_percent$$0000000F)
    _printf_llo                              0x080001bf   Thumb Code     0  _printf_llo.o(.ARM.Collect$$_printf_percent$$00000010)
    _printf_llx                              0x080001c5   Thumb Code     0  _printf_llx.o(.ARM.Collect$$_printf_percent$$00000011)
    _printf_l                                0x080001cb   Thumb Code     0  _printf_l.o(.ARM.Collect$$_printf_percent$$00000012)
    _printf_c                                0x080001d5   Thumb Code     0  _printf_c.o(.ARM.Collect$$_printf_percent$$00000013)
    _printf_s                                0x080001db   Thumb Code     0  _printf_s.o(.ARM.Collect$$_printf_percent$$00000014)
    _printf_lc                               0x080001e1   Thumb Code     0  _printf_lc.o(.ARM.Collect$$_printf_percent$$00000015)
    _printf_ls                               0x080001e7   Thumb Code     0  _printf_ls.o(.ARM.Collect$$_printf_percent$$00000016)
    _printf_percent_end                      0x080001ed   Thumb Code     0  _printf_percent_end.o(.ARM.Collect$$_printf_percent$$00000017)
    __rt_lib_init                            0x080001f1   Thumb Code     0  libinit.o(.ARM.Collect$$libinit$$00000000)
    __rt_lib_init_fp_1                       0x080001f3   Thumb Code     0  libinit2.o(.ARM.Collect$$libinit$$00000002)
    __rt_lib_init_heap_1                     0x080001f3   Thumb Code     0  libinit2.o(.ARM.Collect$$libinit$$0000000A)
    __rt_lib_init_lc_common                  0x080001f3   Thumb Code     0  libinit2.o(.ARM.Collect$$libinit$$0000000F)
    __rt_lib_init_preinit_1                  0x080001f3   Thumb Code     0  libinit2.o(.ARM.Collect$$libinit$$00000004)
    __rt_lib_init_rand_1                     0x080001f3   Thumb Code     0  libinit2.o(.ARM.Collect$$libinit$$0000000E)
    __rt_lib_init_user_alloc_1               0x080001f3   Thumb Code     0  libinit2.o(.ARM.Collect$$libinit$$0000000C)
    __rt_lib_init_lc_collate_1               0x080001f9   Thumb Code     0  libinit2.o(.ARM.Collect$$libinit$$00000011)
    __rt_lib_init_lc_ctype_2                 0x080001f9   Thumb Code     0  libinit2.o(.ARM.Collect$$libinit$$00000012)
    __rt_lib_init_lc_ctype_1                 0x08000205   Thumb Code     0  libinit2.o(.ARM.Collect$$libinit$$00000013)
    __rt_lib_init_lc_monetary_1              0x08000205   Thumb Code     0  libinit2.o(.ARM.Collect$$libinit$$00000015)
    __rt_lib_init_lc_numeric_2               0x08000205   Thumb Code     0  libinit2.o(.ARM.Collect$$libinit$$00000016)
    __rt_lib_init_alloca_1                   0x0800020f   Thumb Code     0  libinit2.o(.ARM.Collect$$libinit$$0000002E)
    __rt_lib_init_argv_1                     0x0800020f   Thumb Code     0  libinit2.o(.ARM.Collect$$libinit$$0000002C)
    __rt_lib_init_atexit_1                   0x0800020f   Thumb Code     0  libinit2.o(.ARM.Collect$$libinit$$0000001B)
    __rt_lib_init_clock_1                    0x0800020f   Thumb Code     0  libinit2.o(.ARM.Collect$$libinit$$00000021)
    __rt_lib_init_cpp_1                      0x0800020f   Thumb Code     0  libinit2.o(.ARM.Collect$$libinit$$00000032)
    __rt_lib_init_exceptions_1               0x0800020f   Thumb Code     0  libinit2.o(.ARM.Collect$$libinit$$00000030)
    __rt_lib_init_fp_trap_1                  0x0800020f   Thumb Code     0  libinit2.o(.ARM.Collect$$libinit$$0000001F)
    __rt_lib_init_getenv_1                   0x0800020f   Thumb Code     0  libinit2.o(.ARM.Collect$$libinit$$00000023)
    __rt_lib_init_lc_numeric_1               0x0800020f   Thumb Code     0  libinit2.o(.ARM.Collect$$libinit$$00000017)
    __rt_lib_init_lc_time_1                  0x0800020f   Thumb Code     0  libinit2.o(.ARM.Collect$$libinit$$00000019)
    __rt_lib_init_return                     0x0800020f   Thumb Code     0  libinit2.o(.ARM.Collect$$libinit$$00000033)
    __rt_lib_init_signal_1                   0x0800020f   Thumb Code     0  libinit2.o(.ARM.Collect$$libinit$$0000001D)
    __rt_lib_init_stdio_1                    0x0800020f   Thumb Code     0  libinit2.o(.ARM.Collect$$libinit$$00000025)
    __rt_lib_shutdown                        0x08000211   Thumb Code     0  libshutdown.o(.ARM.Collect$$libshutdown$$00000000)
    __rt_lib_shutdown_fp_trap_1              0x08000213   Thumb Code     0  libshutdown2.o(.ARM.Collect$$libshutdown$$00000006)
    __rt_lib_shutdown_heap_1                 0x08000213   Thumb Code     0  libshutdown2.o(.ARM.Collect$$libshutdown$$0000000E)
    __rt_lib_shutdown_return                 0x08000213   Thumb Code     0  libshutdown2.o(.ARM.Collect$$libshutdown$$0000000F)
    __rt_lib_shutdown_signal_1               0x08000213   Thumb Code     0  libshutdown2.o(.ARM.Collect$$libshutdown$$00000009)
    __rt_lib_shutdown_stdio_1                0x08000213   Thumb Code     0  libshutdown2.o(.ARM.Collect$$libshutdown$$00000003)
    __rt_lib_shutdown_user_alloc_1           0x08000213   Thumb Code     0  libshutdown2.o(.ARM.Collect$$libshutdown$$0000000B)
    __rt_entry                               0x08000215   Thumb Code     0  __rtentry.o(.ARM.Collect$$rtentry$$00000000)
    __rt_entry_presh_1                       0x08000215   Thumb Code     0  __rtentry2.o(.ARM.Collect$$rtentry$$00000002)
    __rt_entry_sh                            0x08000215   Thumb Code     0  __rtentry4.o(.ARM.Collect$$rtentry$$00000004)
    __rt_entry_li                            0x0800021b   Thumb Code     0  __rtentry2.o(.ARM.Collect$$rtentry$$0000000A)
    __rt_entry_postsh_1                      0x0800021b   Thumb Code     0  __rtentry2.o(.ARM.Collect$$rtentry$$00000009)
    __rt_entry_main                          0x0800021f   Thumb Code     0  __rtentry2.o(.ARM.Collect$$rtentry$$0000000D)
    __rt_entry_postli_1                      0x0800021f   Thumb Code     0  __rtentry2.o(.ARM.Collect$$rtentry$$0000000C)
    __rt_exit                                0x08000227   Thumb Code     0  rtexit.o(.ARM.Collect$$rtexit$$00000000)
    __rt_exit_ls                             0x08000229   Thumb Code     0  rtexit2.o(.ARM.Collect$$rtexit$$00000003)
    __rt_exit_prels_1                        0x08000229   Thumb Code     0  rtexit2.o(.ARM.Collect$$rtexit$$00000002)
    __rt_exit_exit                           0x0800022d   Thumb Code     0  rtexit2.o(.ARM.Collect$$rtexit$$00000004)
    Check_CardA                              0x08000235   Thumb Code    42  main.o(.text)
    main                                     0x0800025f   Thumb Code    70  main.o(.text)
    NMI_Handler                              0x080002ad   Thumb Code     2  stm32f10x_it.o(.text)
    HardFault_Handler                        0x080002af   Thumb Code     2  stm32f10x_it.o(.text)
    MemManage_Handler                        0x080002b1   Thumb Code     2  stm32f10x_it.o(.text)
    BusFault_Handler                         0x080002b3   Thumb Code     2  stm32f10x_it.o(.text)
    UsageFault_Handler                       0x080002b5   Thumb Code     2  stm32f10x_it.o(.text)
    SVC_Handler                              0x080002b7   Thumb Code     2  stm32f10x_it.o(.text)
    DebugMon_Handler                         0x080002b9   Thumb Code     2  stm32f10x_it.o(.text)
    PendSV_Handler                           0x080002bb   Thumb Code     2  stm32f10x_it.o(.text)
    SysTick_Handler                          0x080002bd   Thumb Code     2  stm32f10x_it.o(.text)
    SystemInit                               0x08000361   Thumb Code    64  system_stm32f10x.o(.text)
    SystemCoreClockUpdate                    0x080003a1   Thumb Code    86  system_stm32f10x.o(.text)
    TimerKey_GetKey                          0x080005cb   Thumb Code    14  timer_key.o(.text)
    TimerKey_Init                            0x080005d9   Thumb Code   112  timer_key.o(.text)
    TIM2_IRQHandler                          0x08000649   Thumb Code    34  timer_key.o(.text)
    rc522Init                                0x08000765   Thumb Code   106  rc522.o(.text)
    rc522IsConnected                         0x080008e7   Thumb Code    20  rc522.o(.text)
    pcdRequest                               0x080008fb   Thumb Code    80  rc522.o(.text)
    pcdAnticoll                              0x0800094b   Thumb Code   106  rc522.o(.text)
    pcdSelectTag                             0x08000a1b   Thumb Code    98  rc522.o(.text)
    pcdAuthPasswd                            0x08000a7d   Thumb Code    70  rc522.o(.text)
    pcdReadData                              0x08000ac3   Thumb Code    72  rc522.o(.text)
    pcdWriteData                             0x08000b0b   Thumb Code   126  rc522.o(.text)
    readCard                                 0x08000b89   Thumb Code    42  rc522.o(.text)
    OLED_W_SCL                               0x08000d21   Thumb Code    12  oled.o(.text)
    OLED_W_SDA                               0x08000d2d   Thumb Code    12  oled.o(.text)
    OLED_GPIO_Init                           0x08000d39   Thumb Code    88  oled.o(.text)
    OLED_I2C_Start                           0x08000d91   Thumb Code    28  oled.o(.text)
    OLED_I2C_Stop                            0x08000dad   Thumb Code    22  oled.o(.text)
    OLED_I2C_SendByte                        0x08000dc3   Thumb Code    56  oled.o(.text)
    OLED_WriteCommand                        0x08000dfb   Thumb Code    32  oled.o(.text)
    OLED_WriteData                           0x08000e1b   Thumb Code    46  oled.o(.text)
    OLED_SetCursor                           0x08000e49   Thumb Code    32  oled.o(.text)
    OLED_Update                              0x08000e69   Thumb Code    34  oled.o(.text)
    OLED_Clear                               0x08000e8b   Thumb Code    34  oled.o(.text)
    OLED_Init                                0x08000ead   Thumb Code   154  oled.o(.text)
    OLED_Pow                                 0x08000f47   Thumb Code    14  oled.o(.text)
    OLED_pnpoly                              0x08000f55   Thumb Code   114  oled.o(.text)
    OLED_IsInAngle                           0x08000fc7   Thumb Code    82  oled.o(.text)
    OLED_UpdateArea                          0x08001019   Thumb Code    90  oled.o(.text)
    OLED_ClearArea                           0x08001073   Thumb Code    80  oled.o(.text)
    OLED_Reverse                             0x080010c3   Thumb Code    36  oled.o(.text)
    OLED_ReverseArea                         0x080010e7   Thumb Code   104  oled.o(.text)
    OLED_ShowImage                           0x0800114f   Thumb Code   174  oled.o(.text)
    OLED_ShowChar                            0x080011fd   Thumb Code    52  oled.o(.text)
    OLED_ShowString                          0x08001231   Thumb Code    42  oled.o(.text)
    OLED_ShowNum                             0x0800125b   Thumb Code    70  oled.o(.text)
    OLED_ShowSignedNum                       0x080012a1   Thumb Code    90  oled.o(.text)
    OLED_ShowHexNum                          0x080012fb   Thumb Code    72  oled.o(.text)
    OLED_ShowBinNum                          0x08001343   Thumb Code    62  oled.o(.text)
    OLED_ShowFloatNum                        0x08001381   Thumb Code   190  oled.o(.text)
    OLED_ShowChinese                         0x0800143f   Thumb Code   128  oled.o(.text)
    OLED_Printf                              0x080014bf   Thumb Code    42  oled.o(.text)
    OLED_DrawPoint                           0x080014e9   Thumb Code    48  oled.o(.text)
    OLED_GetPoint                            0x08001519   Thumb Code    52  oled.o(.text)
    OLED_DrawLine                            0x0800154d   Thumb Code   252  oled.o(.text)
    OLED_DrawRectangle                       0x08001649   Thumb Code   118  oled.o(.text)
    OLED_DrawTriangle                        0x080016bf   Thumb Code   198  oled.o(.text)
    OLED_DrawCircle                          0x08001785   Thumb Code   314  oled.o(.text)
    OLED_DrawEllipse                         0x080018bf   Thumb Code   684  oled.o(.text)
    OLED_DrawArc                             0x08001b6b   Thumb Code   588  oled.o(.text)
    PCA9685_Write                            0x08001db9   Thumb Code   184  servo.o(.text)
    PCA9685_SetPWMFreq                       0x08001e71   Thumb Code    50  servo.o(.text)
    PCA9685_Init                             0x08001ea3   Thumb Code   126  servo.o(.text)
    PCA9685_SetPWM                           0x08001f21   Thumb Code    66  servo.o(.text)
    AngleToPWM                               0x08001f63   Thumb Code    42  servo.o(.text)
    PCA9685_SetAngle                         0x08001f8d   Thumb Code    22  servo.o(.text)
    Button4_4_Scan                           0x08002023   Thumb Code   192  button4_4.o(.text)
    Button4_4_Init                           0x080020e3   Thumb Code    92  button4_4.o(.text)
    UserLogic_Init                           0x0800223d   Thumb Code   132  user_logic.o(.text)
    UserLogic_HandleRFID                     0x0800233d   Thumb Code   114  user_logic.o(.text)
    UserLogic_HandleKey                      0x080023af   Thumb Code   836  user_logic.o(.text)
    UserLogic_Loop                           0x080026f3   Thumb Code     2  user_logic.o(.text)
    delay_init                               0x080028a9   Thumb Code    46  delay.o(.text)
    delay_us                                 0x080028d7   Thumb Code    46  delay.o(.text)
    delay_ms                                 0x08002905   Thumb Code    46  delay.o(.text)
    Reset_Handler                            0x08002941   Thumb Code     8  startup_stm32f10x_md.o(.text)
    ADC1_2_IRQHandler                        0x0800295b   Thumb Code     0  startup_stm32f10x_md.o(.text)
    CAN1_RX1_IRQHandler                      0x0800295b   Thumb Code     0  startup_stm32f10x_md.o(.text)
    CAN1_SCE_IRQHandler                      0x0800295b   Thumb Code     0  startup_stm32f10x_md.o(.text)
    DMA1_Channel1_IRQHandler                 0x0800295b   Thumb Code     0  startup_stm32f10x_md.o(.text)
    DMA1_Channel2_IRQHandler                 0x0800295b   Thumb Code     0  startup_stm32f10x_md.o(.text)
    DMA1_Channel3_IRQHandler                 0x0800295b   Thumb Code     0  startup_stm32f10x_md.o(.text)
    DMA1_Channel4_IRQHandler                 0x0800295b   Thumb Code     0  startup_stm32f10x_md.o(.text)
    DMA1_Channel5_IRQHandler                 0x0800295b   Thumb Code     0  startup_stm32f10x_md.o(.text)
    DMA1_Channel6_IRQHandler                 0x0800295b   Thumb Code     0  startup_stm32f10x_md.o(.text)
    DMA1_Channel7_IRQHandler                 0x0800295b   Thumb Code     0  startup_stm32f10x_md.o(.text)
    EXTI0_IRQHandler                         0x0800295b   Thumb Code     0  startup_stm32f10x_md.o(.text)
    EXTI15_10_IRQHandler                     0x0800295b   Thumb Code     0  startup_stm32f10x_md.o(.text)
    EXTI1_IRQHandler                         0x0800295b   Thumb Code     0  startup_stm32f10x_md.o(.text)
    EXTI2_IRQHandler                         0x0800295b   Thumb Code     0  startup_stm32f10x_md.o(.text)
    EXTI3_IRQHandler                         0x0800295b   Thumb Code     0  startup_stm32f10x_md.o(.text)
    EXTI4_IRQHandler                         0x0800295b   Thumb Code     0  startup_stm32f10x_md.o(.text)
    EXTI9_5_IRQHandler                       0x0800295b   Thumb Code     0  startup_stm32f10x_md.o(.text)
    FLASH_IRQHandler                         0x0800295b   Thumb Code     0  startup_stm32f10x_md.o(.text)
    I2C1_ER_IRQHandler                       0x0800295b   Thumb Code     0  startup_stm32f10x_md.o(.text)
    I2C1_EV_IRQHandler                       0x0800295b   Thumb Code     0  startup_stm32f10x_md.o(.text)
    I2C2_ER_IRQHandler                       0x0800295b   Thumb Code     0  startup_stm32f10x_md.o(.text)
    I2C2_EV_IRQHandler                       0x0800295b   Thumb Code     0  startup_stm32f10x_md.o(.text)
    PVD_IRQHandler                           0x0800295b   Thumb Code     0  startup_stm32f10x_md.o(.text)
    RCC_IRQHandler                           0x0800295b   Thumb Code     0  startup_stm32f10x_md.o(.text)
    RTCAlarm_IRQHandler                      0x0800295b   Thumb Code     0  startup_stm32f10x_md.o(.text)
    RTC_IRQHandler                           0x0800295b   Thumb Code     0  startup_stm32f10x_md.o(.text)
    SPI1_IRQHandler                          0x0800295b   Thumb Code     0  startup_stm32f10x_md.o(.text)
    SPI2_IRQHandler                          0x0800295b   Thumb Code     0  startup_stm32f10x_md.o(.text)
    TAMPER_IRQHandler                        0x0800295b   Thumb Code     0  startup_stm32f10x_md.o(.text)
    TIM1_BRK_IRQHandler                      0x0800295b   Thumb Code     0  startup_stm32f10x_md.o(.text)
    TIM1_CC_IRQHandler                       0x0800295b   Thumb Code     0  startup_stm32f10x_md.o(.text)
    TIM1_TRG_COM_IRQHandler                  0x0800295b   Thumb Code     0  startup_stm32f10x_md.o(.text)
    TIM1_UP_IRQHandler                       0x0800295b   Thumb Code     0  startup_stm32f10x_md.o(.text)
    TIM3_IRQHandler                          0x0800295b   Thumb Code     0  startup_stm32f10x_md.o(.text)
    TIM4_IRQHandler                          0x0800295b   Thumb Code     0  startup_stm32f10x_md.o(.text)
    USART1_IRQHandler                        0x0800295b   Thumb Code     0  startup_stm32f10x_md.o(.text)
    USART2_IRQHandler                        0x0800295b   Thumb Code     0  startup_stm32f10x_md.o(.text)
    USART3_IRQHandler                        0x0800295b   Thumb Code     0  startup_stm32f10x_md.o(.text)
    USBWakeUp_IRQHandler                     0x0800295b   Thumb Code     0  startup_stm32f10x_md.o(.text)
    USB_HP_CAN1_TX_IRQHandler                0x0800295b   Thumb Code     0  startup_stm32f10x_md.o(.text)
    USB_LP_CAN1_RX0_IRQHandler               0x0800295b   Thumb Code     0  startup_stm32f10x_md.o(.text)
    WWDG_IRQHandler                          0x0800295b   Thumb Code     0  startup_stm32f10x_md.o(.text)
    __user_initial_stackheap                 0x0800295d   Thumb Code     0  startup_stm32f10x_md.o(.text)
    NVIC_PriorityGroupConfig                 0x08002981   Thumb Code    10  misc.o(.text)
    NVIC_Init                                0x0800298b   Thumb Code    94  misc.o(.text)
    NVIC_SetVectorTable                      0x080029e9   Thumb Code    14  misc.o(.text)
    NVIC_SystemLPConfig                      0x080029f7   Thumb Code    20  misc.o(.text)
    SysTick_CLKSourceConfig                  0x08002a0b   Thumb Code    24  misc.o(.text)
    GPIO_DeInit                              0x08002a31   Thumb Code   152  stm32f10x_gpio.o(.text)
    GPIO_AFIODeInit                          0x08002ac9   Thumb Code    22  stm32f10x_gpio.o(.text)
    GPIO_Init                                0x08002adf   Thumb Code   156  stm32f10x_gpio.o(.text)
    GPIO_StructInit                          0x08002b7b   Thumb Code    16  stm32f10x_gpio.o(.text)
    GPIO_ReadInputDataBit                    0x08002b8b   Thumb Code    14  stm32f10x_gpio.o(.text)
    GPIO_ReadInputData                       0x08002b99   Thumb Code     6  stm32f10x_gpio.o(.text)
    GPIO_ReadOutputDataBit                   0x08002b9f   Thumb Code    14  stm32f10x_gpio.o(.text)
    GPIO_ReadOutputData                      0x08002bad   Thumb Code     6  stm32f10x_gpio.o(.text)
    GPIO_SetBits                             0x08002bb3   Thumb Code     4  stm32f10x_gpio.o(.text)
    GPIO_ResetBits                           0x08002bb7   Thumb Code     4  stm32f10x_gpio.o(.text)
    GPIO_WriteBit                            0x08002bbb   Thumb Code    10  stm32f10x_gpio.o(.text)
    GPIO_Write                               0x08002bc5   Thumb Code     4  stm32f10x_gpio.o(.text)
    GPIO_PinLockConfig                       0x08002bc9   Thumb Code    16  stm32f10x_gpio.o(.text)
    GPIO_EventOutputConfig                   0x08002bd9   Thumb Code    22  stm32f10x_gpio.o(.text)
    GPIO_EventOutputCmd                      0x08002bef   Thumb Code     6  stm32f10x_gpio.o(.text)
    GPIO_PinRemapConfig                      0x08002bf5   Thumb Code    82  stm32f10x_gpio.o(.text)
    GPIO_EXTILineConfig                      0x08002c47   Thumb Code    34  stm32f10x_gpio.o(.text)
    GPIO_ETH_MediaInterfaceConfig            0x08002c69   Thumb Code     8  stm32f10x_gpio.o(.text)
    RCC_DeInit                               0x08002c95   Thumb Code    50  stm32f10x_rcc.o(.text)
    RCC_HSEConfig                            0x08002cc7   Thumb Code    48  stm32f10x_rcc.o(.text)
    RCC_GetFlagStatus                        0x08002cf7   Thumb Code    42  stm32f10x_rcc.o(.text)
    RCC_WaitForHSEStartUp                    0x08002d21   Thumb Code    44  stm32f10x_rcc.o(.text)
    RCC_AdjustHSICalibrationValue            0x08002d4d   Thumb Code    16  stm32f10x_rcc.o(.text)
    RCC_HSICmd                               0x08002d5d   Thumb Code     6  stm32f10x_rcc.o(.text)
    RCC_PLLConfig                            0x08002d63   Thumb Code    16  stm32f10x_rcc.o(.text)
    RCC_PLLCmd                               0x08002d73   Thumb Code     6  stm32f10x_rcc.o(.text)
    RCC_SYSCLKConfig                         0x08002d79   Thumb Code    14  stm32f10x_rcc.o(.text)
    RCC_GetSYSCLKSource                      0x08002d87   Thumb Code    10  stm32f10x_rcc.o(.text)
    RCC_HCLKConfig                           0x08002d91   Thumb Code    14  stm32f10x_rcc.o(.text)
    RCC_PCLK1Config                          0x08002d9f   Thumb Code    14  stm32f10x_rcc.o(.text)
    RCC_PCLK2Config                          0x08002dad   Thumb Code    16  stm32f10x_rcc.o(.text)
    RCC_ITConfig                             0x08002dbd   Thumb Code    18  stm32f10x_rcc.o(.text)
    RCC_USBCLKConfig                         0x08002dcf   Thumb Code     8  stm32f10x_rcc.o(.text)
    RCC_ADCCLKConfig                         0x08002dd7   Thumb Code    14  stm32f10x_rcc.o(.text)
    RCC_LSEConfig                            0x08002de5   Thumb Code    28  stm32f10x_rcc.o(.text)
    RCC_LSICmd                               0x08002e01   Thumb Code     6  stm32f10x_rcc.o(.text)
    RCC_RTCCLKConfig                         0x08002e07   Thumb Code    10  stm32f10x_rcc.o(.text)
    RCC_RTCCLKCmd                            0x08002e11   Thumb Code     8  stm32f10x_rcc.o(.text)
    RCC_GetClocksFreq                        0x08002e19   Thumb Code   132  stm32f10x_rcc.o(.text)
    RCC_AHBPeriphClockCmd                    0x08002e9d   Thumb Code    18  stm32f10x_rcc.o(.text)
    RCC_APB2PeriphClockCmd                   0x08002eaf   Thumb Code    18  stm32f10x_rcc.o(.text)
    RCC_APB1PeriphClockCmd                   0x08002ec1   Thumb Code    18  stm32f10x_rcc.o(.text)
    RCC_APB2PeriphResetCmd                   0x08002ed3   Thumb Code    18  stm32f10x_rcc.o(.text)
    RCC_APB1PeriphResetCmd                   0x08002ee5   Thumb Code    18  stm32f10x_rcc.o(.text)
    RCC_BackupResetCmd                       0x08002ef7   Thumb Code     8  stm32f10x_rcc.o(.text)
    RCC_ClockSecuritySystemCmd               0x08002eff   Thumb Code     6  stm32f10x_rcc.o(.text)
    RCC_MCOConfig                            0x08002f05   Thumb Code     6  stm32f10x_rcc.o(.text)
    RCC_ClearFlag                            0x08002f0b   Thumb Code    12  stm32f10x_rcc.o(.text)
    RCC_GetITStatus                          0x08002f17   Thumb Code    16  stm32f10x_rcc.o(.text)
    RCC_ClearITPendingBit                    0x08002f27   Thumb Code     6  stm32f10x_rcc.o(.text)
    FLASH_SetLatency                         0x08002f4d   Thumb Code    14  stm32f10x_flash.o(.text)
    FLASH_HalfCycleAccessCmd                 0x08002f5b   Thumb Code    18  stm32f10x_flash.o(.text)
    FLASH_PrefetchBufferCmd                  0x08002f6d   Thumb Code    18  stm32f10x_flash.o(.text)
    FLASH_Unlock                             0x08002f7f   Thumb Code    12  stm32f10x_flash.o(.text)
    FLASH_UnlockBank1                        0x08002f8b   Thumb Code    12  stm32f10x_flash.o(.text)
    FLASH_Lock                               0x08002f97   Thumb Code    12  stm32f10x_flash.o(.text)
    FLASH_LockBank1                          0x08002fa3   Thumb Code    12  stm32f10x_flash.o(.text)
    FLASH_GetBank1Status                     0x08002faf   Thumb Code    34  stm32f10x_flash.o(.text)
    FLASH_WaitForLastOperation               0x08002fd1   Thumb Code    34  stm32f10x_flash.o(.text)
    FLASH_ErasePage                          0x08002ff3   Thumb Code    56  stm32f10x_flash.o(.text)
    FLASH_EraseAllPages                      0x0800302b   Thumb Code    52  stm32f10x_flash.o(.text)
    FLASH_WaitForLastBank1Operation          0x0800305f   Thumb Code    34  stm32f10x_flash.o(.text)
    FLASH_EraseAllBank1Pages                 0x08003081   Thumb Code    52  stm32f10x_flash.o(.text)
    FLASH_GetReadOutProtectionStatus         0x080030b5   Thumb Code    14  stm32f10x_flash.o(.text)
    FLASH_EraseOptionBytes                   0x080030c3   Thumb Code   108  stm32f10x_flash.o(.text)
    FLASH_ProgramWord                        0x0800312f   Thumb Code    72  stm32f10x_flash.o(.text)
    FLASH_ProgramHalfWord                    0x08003177   Thumb Code    48  stm32f10x_flash.o(.text)
    FLASH_ProgramOptionByteData              0x080031a7   Thumb Code    62  stm32f10x_flash.o(.text)
    FLASH_EnableWriteProtection              0x080031e5   Thumb Code   158  stm32f10x_flash.o(.text)
    FLASH_ReadOutProtection                  0x08003283   Thumb Code   118  stm32f10x_flash.o(.text)
    FLASH_UserOptionByteConfig               0x080032f9   Thumb Code    92  stm32f10x_flash.o(.text)
    FLASH_GetUserOptionByte                  0x08003355   Thumb Code     8  stm32f10x_flash.o(.text)
    FLASH_GetWriteProtectionOptionByte       0x0800335d   Thumb Code     6  stm32f10x_flash.o(.text)
    FLASH_GetPrefetchBufferStatus            0x08003363   Thumb Code    14  stm32f10x_flash.o(.text)
    FLASH_ITConfig                           0x08003371   Thumb Code    18  stm32f10x_flash.o(.text)
    FLASH_GetFlagStatus                      0x08003383   Thumb Code    28  stm32f10x_flash.o(.text)
    FLASH_ClearFlag                          0x0800339f   Thumb Code     6  stm32f10x_flash.o(.text)
    FLASH_GetStatus                          0x080033a5   Thumb Code    34  stm32f10x_flash.o(.text)
    I2C_DeInit                               0x080033cd   Thumb Code    38  stm32f10x_i2c.o(.text)
    I2C_Init                                 0x080033f3   Thumb Code   178  stm32f10x_i2c.o(.text)
    I2C_StructInit                           0x080034a5   Thumb Code    28  stm32f10x_i2c.o(.text)
    I2C_Cmd                                  0x080034c1   Thumb Code    20  stm32f10x_i2c.o(.text)
    I2C_DMACmd                               0x080034d5   Thumb Code    20  stm32f10x_i2c.o(.text)
    I2C_DMALastTransferCmd                   0x080034e9   Thumb Code    20  stm32f10x_i2c.o(.text)
    I2C_GenerateSTART                        0x080034fd   Thumb Code    20  stm32f10x_i2c.o(.text)
    I2C_GenerateSTOP                         0x08003511   Thumb Code    20  stm32f10x_i2c.o(.text)
    I2C_AcknowledgeConfig                    0x08003525   Thumb Code    20  stm32f10x_i2c.o(.text)
    I2C_OwnAddress2Config                    0x08003539   Thumb Code    16  stm32f10x_i2c.o(.text)
    I2C_DualAddressCmd                       0x08003549   Thumb Code    20  stm32f10x_i2c.o(.text)
    I2C_GeneralCallCmd                       0x0800355d   Thumb Code    20  stm32f10x_i2c.o(.text)
    I2C_ITConfig                             0x08003571   Thumb Code    16  stm32f10x_i2c.o(.text)
    I2C_SendData                             0x08003581   Thumb Code     4  stm32f10x_i2c.o(.text)
    I2C_ReceiveData                          0x08003585   Thumb Code     6  stm32f10x_i2c.o(.text)
    I2C_Send7bitAddress                      0x0800358b   Thumb Code    16  stm32f10x_i2c.o(.text)
    I2C_ReadRegister                         0x0800359b   Thumb Code    10  stm32f10x_i2c.o(.text)
    I2C_SoftwareResetCmd                     0x080035a5   Thumb Code    20  stm32f10x_i2c.o(.text)
    I2C_NACKPositionConfig                   0x080035b9   Thumb Code    22  stm32f10x_i2c.o(.text)
    I2C_SMBusAlertConfig                     0x080035cf   Thumb Code    22  stm32f10x_i2c.o(.text)
    I2C_TransmitPEC                          0x080035e5   Thumb Code    20  stm32f10x_i2c.o(.text)
    I2C_PECPositionConfig                    0x080035f9   Thumb Code    22  stm32f10x_i2c.o(.text)
    I2C_CalculatePEC                         0x0800360f   Thumb Code    20  stm32f10x_i2c.o(.text)
    I2C_GetPEC                               0x08003623   Thumb Code     6  stm32f10x_i2c.o(.text)
    I2C_ARPCmd                               0x08003629   Thumb Code    20  stm32f10x_i2c.o(.text)
    I2C_StretchClockCmd                      0x0800363d   Thumb Code    20  stm32f10x_i2c.o(.text)
    I2C_FastModeDutyCycleConfig              0x08003651   Thumb Code    22  stm32f10x_i2c.o(.text)
    I2C_CheckEvent                           0x08003667   Thumb Code    24  stm32f10x_i2c.o(.text)
    I2C_GetLastEvent                         0x0800367f   Thumb Code    14  stm32f10x_i2c.o(.text)
    I2C_GetFlagStatus                        0x0800368d   Thumb Code    42  stm32f10x_i2c.o(.text)
    I2C_ClearFlag                            0x080036b7   Thumb Code     6  stm32f10x_i2c.o(.text)
    I2C_GetITStatus                          0x080036bd   Thumb Code    36  stm32f10x_i2c.o(.text)
    I2C_ClearITPendingBit                    0x080036e1   Thumb Code     6  stm32f10x_i2c.o(.text)
    TIM_DeInit                               0x080036f5   Thumb Code   304  stm32f10x_tim.o(.text)
    TIM_TimeBaseInit                         0x08003825   Thumb Code   114  stm32f10x_tim.o(.text)
    TIM_OC1Init                              0x08003897   Thumb Code   106  stm32f10x_tim.o(.text)
    TIM_OC2Init                              0x08003901   Thumb Code   120  stm32f10x_tim.o(.text)
    TIM_OC3Init                              0x08003979   Thumb Code   116  stm32f10x_tim.o(.text)
    TIM_OC4Init                              0x080039ed   Thumb Code    90  stm32f10x_tim.o(.text)
    TIM_SetIC4Prescaler                      0x08003a47   Thumb Code    24  stm32f10x_tim.o(.text)
    TIM_SetIC3Prescaler                      0x08003a5f   Thumb Code    16  stm32f10x_tim.o(.text)
    TIM_SetIC2Prescaler                      0x08003a6f   Thumb Code    24  stm32f10x_tim.o(.text)
    TIM_SetIC1Prescaler                      0x08003b2d   Thumb Code    16  stm32f10x_tim.o(.text)
    TIM_ICInit                               0x08003b95   Thumb Code   270  stm32f10x_tim.o(.text)
    TIM_PWMIConfig                           0x08003ca3   Thumb Code   104  stm32f10x_tim.o(.text)
    TIM_BDTRConfig                           0x08003d0b   Thumb Code    34  stm32f10x_tim.o(.text)
    TIM_TimeBaseStructInit                   0x08003d2d   Thumb Code    18  stm32f10x_tim.o(.text)
    TIM_OCStructInit                         0x08003d3f   Thumb Code    20  stm32f10x_tim.o(.text)
    TIM_ICStructInit                         0x08003d53   Thumb Code    16  stm32f10x_tim.o(.text)
    TIM_BDTRStructInit                       0x08003d63   Thumb Code    18  stm32f10x_tim.o(.text)
    TIM_Cmd                                  0x08003d75   Thumb Code    20  stm32f10x_tim.o(.text)
    TIM_CtrlPWMOutputs                       0x08003d89   Thumb Code    22  stm32f10x_tim.o(.text)
    TIM_ITConfig                             0x08003d9f   Thumb Code    16  stm32f10x_tim.o(.text)
    TIM_GenerateEvent                        0x08003daf   Thumb Code     4  stm32f10x_tim.o(.text)
    TIM_DMAConfig                            0x08003db3   Thumb Code     8  stm32f10x_tim.o(.text)
    TIM_DMACmd                               0x08003dbb   Thumb Code    16  stm32f10x_tim.o(.text)
    TIM_InternalClockConfig                  0x08003dcb   Thumb Code    10  stm32f10x_tim.o(.text)
    TIM_SelectInputTrigger                   0x08003dd5   Thumb Code    12  stm32f10x_tim.o(.text)
    TIM_ITRxExternalClockConfig              0x08003de1   Thumb Code    18  stm32f10x_tim.o(.text)
    TIM_TIxExternalClockConfig               0x08003df3   Thumb Code    46  stm32f10x_tim.o(.text)
    TIM_ETRConfig                            0x08003e21   Thumb Code    24  stm32f10x_tim.o(.text)
    TIM_ETRClockMode1Config                  0x08003e39   Thumb Code    18  stm32f10x_tim.o(.text)
    TIM_ETRClockMode2Config                  0x08003e4b   Thumb Code    18  stm32f10x_tim.o(.text)
    TIM_PrescalerConfig                      0x08003e5d   Thumb Code     6  stm32f10x_tim.o(.text)
    TIM_CounterModeConfig                    0x08003e63   Thumb Code    12  stm32f10x_tim.o(.text)
    TIM_EncoderInterfaceConfig               0x08003e6f   Thumb Code    50  stm32f10x_tim.o(.text)
    TIM_ForcedOC1Config                      0x08003ea1   Thumb Code    12  stm32f10x_tim.o(.text)
    TIM_ForcedOC2Config                      0x08003ead   Thumb Code    20  stm32f10x_tim.o(.text)
    TIM_ForcedOC3Config                      0x08003ec1   Thumb Code    12  stm32f10x_tim.o(.text)
    TIM_ForcedOC4Config                      0x08003ecd   Thumb Code    20  stm32f10x_tim.o(.text)
    TIM_ARRPreloadConfig                     0x08003ee1   Thumb Code    20  stm32f10x_tim.o(.text)
    TIM_SelectCOM                            0x08003ef5   Thumb Code    20  stm32f10x_tim.o(.text)
    TIM_SelectCCDMA                          0x08003f09   Thumb Code    20  stm32f10x_tim.o(.text)
    TIM_CCPreloadControl                     0x08003f1d   Thumb Code    20  stm32f10x_tim.o(.text)
    TIM_OC1PreloadConfig                     0x08003f31   Thumb Code    32  stm32f10x_tim.o(.text)
    TIM_OC2PreloadConfig                     0x08003f51   Thumb Code    20  stm32f10x_tim.o(.text)
    TIM_OC3PreloadConfig                     0x08003f65   Thumb Code    12  stm32f10x_tim.o(.text)
    TIM_OC4PreloadConfig                     0x08003f71   Thumb Code    20  stm32f10x_tim.o(.text)
    TIM_OC1FastConfig                        0x08003f85   Thumb Code    12  stm32f10x_tim.o(.text)
    TIM_OC2FastConfig                        0x08003f91   Thumb Code    20  stm32f10x_tim.o(.text)
    TIM_OC3FastConfig                        0x08003fa5   Thumb Code    12  stm32f10x_tim.o(.text)
    TIM_OC4FastConfig                        0x08003fb1   Thumb Code    20  stm32f10x_tim.o(.text)
    TIM_ClearOC1Ref                          0x08003fc5   Thumb Code    12  stm32f10x_tim.o(.text)
    TIM_ClearOC2Ref                          0x08003fd1   Thumb Code    20  stm32f10x_tim.o(.text)
    TIM_ClearOC3Ref                          0x08003fe5   Thumb Code    12  stm32f10x_tim.o(.text)
    TIM_ClearOC4Ref                          0x08003ff1   Thumb Code    20  stm32f10x_tim.o(.text)
    TIM_OC1PolarityConfig                    0x08004005   Thumb Code    12  stm32f10x_tim.o(.text)
    TIM_OC1NPolarityConfig                   0x08004011   Thumb Code    12  stm32f10x_tim.o(.text)
    TIM_OC2PolarityConfig                    0x0800401d   Thumb Code    20  stm32f10x_tim.o(.text)
    TIM_OC2NPolarityConfig                   0x08004031   Thumb Code    20  stm32f10x_tim.o(.text)
    TIM_OC3PolarityConfig                    0x08004045   Thumb Code    20  stm32f10x_tim.o(.text)
    TIM_OC3NPolarityConfig                   0x08004059   Thumb Code    20  stm32f10x_tim.o(.text)
    TIM_OC4PolarityConfig                    0x0800406d   Thumb Code    20  stm32f10x_tim.o(.text)
    TIM_CCxCmd                               0x08004081   Thumb Code    22  stm32f10x_tim.o(.text)
    TIM_CCxNCmd                              0x08004097   Thumb Code    22  stm32f10x_tim.o(.text)
    TIM_SelectOCxM                           0x080040ad   Thumb Code    70  stm32f10x_tim.o(.text)
    TIM_UpdateDisableConfig                  0x080040f3   Thumb Code    20  stm32f10x_tim.o(.text)
    TIM_UpdateRequestConfig                  0x08004107   Thumb Code    20  stm32f10x_tim.o(.text)
    TIM_SelectHallSensor                     0x0800411b   Thumb Code    20  stm32f10x_tim.o(.text)
    TIM_SelectOnePulseMode                   0x0800412f   Thumb Code    16  stm32f10x_tim.o(.text)
    TIM_SelectOutputTrigger                  0x0800413f   Thumb Code    16  stm32f10x_tim.o(.text)
    TIM_SelectSlaveMode                      0x0800414f   Thumb Code    16  stm32f10x_tim.o(.text)
    TIM_SelectMasterSlaveMode                0x0800415f   Thumb Code    16  stm32f10x_tim.o(.text)
    TIM_SetCounter                           0x0800416f   Thumb Code     4  stm32f10x_tim.o(.text)
    TIM_SetAutoreload                        0x08004173   Thumb Code     4  stm32f10x_tim.o(.text)
    TIM_SetCompare1                          0x08004177   Thumb Code     4  stm32f10x_tim.o(.text)
    TIM_SetCompare2                          0x0800417b   Thumb Code     4  stm32f10x_tim.o(.text)
    TIM_SetCompare3                          0x0800417f   Thumb Code     4  stm32f10x_tim.o(.text)
    TIM_SetCompare4                          0x08004183   Thumb Code     6  stm32f10x_tim.o(.text)
    TIM_SetClockDivision                     0x08004189   Thumb Code    16  stm32f10x_tim.o(.text)
    TIM_GetCapture1                          0x08004199   Thumb Code     4  stm32f10x_tim.o(.text)
    TIM_GetCapture2                          0x0800419d   Thumb Code     4  stm32f10x_tim.o(.text)
    TIM_GetCapture3                          0x080041a1   Thumb Code     4  stm32f10x_tim.o(.text)
    TIM_GetCapture4                          0x080041a5   Thumb Code     6  stm32f10x_tim.o(.text)
    TIM_GetCounter                           0x080041ab   Thumb Code     4  stm32f10x_tim.o(.text)
    TIM_GetPrescaler                         0x080041af   Thumb Code     4  stm32f10x_tim.o(.text)
    TIM_GetFlagStatus                        0x080041b3   Thumb Code    14  stm32f10x_tim.o(.text)
    TIM_ClearFlag                            0x080041c1   Thumb Code     6  stm32f10x_tim.o(.text)
    TIM_GetITStatus                          0x080041c7   Thumb Code    24  stm32f10x_tim.o(.text)
    TIM_ClearITPendingBit                    0x080041df   Thumb Code     6  stm32f10x_tim.o(.text)
    vsprintf                                 0x080041e5   Thumb Code    32  vsprintf.o(.text)
    __2sprintf                               0x08004209   Thumb Code    38  __2sprintf.o(.text)
    __2snprintf                              0x08004235   Thumb Code    50  __2snprintf.o(.text)
    _printf_str                              0x0800426d   Thumb Code    82  _printf_str.o(.text)
    _printf_int_dec                          0x080042c1   Thumb Code   104  _printf_dec.o(.text)
    __printf                                 0x08004339   Thumb Code   388  __printf_flags_ss_wp.o(.text)
    atoi                                     0x080044c1   Thumb Code    26  atoi.o(.text)
    strcmp                                   0x080044dd   Thumb Code   128  strcmpv7m.o(.text)
    __use_two_region_memory                  0x0800455d   Thumb Code     2  heapauxi.o(.text)
    __rt_heap_escrow$2region                 0x0800455f   Thumb Code     2  heapauxi.o(.text)
    __rt_heap_expand$2region                 0x08004561   Thumb Code     2  heapauxi.o(.text)
    __aeabi_errno_addr                       0x08004565   Thumb Code     8  rt_errno_addr_intlibspace.o(.text)
    __errno$intlibspace                      0x08004565   Thumb Code     0  rt_errno_addr_intlibspace.o(.text)
    __rt_errno_addr$intlibspace              0x08004565   Thumb Code     0  rt_errno_addr_intlibspace.o(.text)
    _printf_pre_padding                      0x0800456d   Thumb Code    44  _printf_pad.o(.text)
    _printf_post_padding                     0x08004599   Thumb Code    34  _printf_pad.o(.text)
    _printf_truncate_signed                  0x080045bb   Thumb Code    18  _printf_truncate.o(.text)
    _printf_truncate_unsigned                0x080045cd   Thumb Code    18  _printf_truncate.o(.text)
    _printf_int_common                       0x080045df   Thumb Code   178  _printf_intcommon.o(.text)
    _printf_charcount                        0x08004691   Thumb Code    40  _printf_charcount.o(.text)
    _printf_char_common                      0x080046c3   Thumb Code    32  _printf_char_common.o(.text)
    _sputc                                   0x080046e9   Thumb Code    10  _sputc.o(.text)
    _snputc                                  0x080046f3   Thumb Code    16  _snputc.o(.text)
    _printf_cs_common                        0x08004703   Thumb Code    20  _printf_char.o(.text)
    _printf_char                             0x08004717   Thumb Code    16  _printf_char.o(.text)
    _printf_string                           0x08004727   Thumb Code     8  _printf_char.o(.text)
    _printf_wctomb                           0x08004731   Thumb Code   182  _printf_wctomb.o(.text)
    _printf_longlong_dec                     0x080047ed   Thumb Code   108  _printf_longlong_dec.o(.text)
    _printf_longlong_oct                     0x08004869   Thumb Code    68  _printf_oct_int_ll.o(.text)
    _printf_int_oct                          0x080048ad   Thumb Code    24  _printf_oct_int_ll.o(.text)
    _printf_ll_oct                           0x080048c5   Thumb Code    12  _printf_oct_int_ll.o(.text)
    _printf_longlong_hex                     0x080048d9   Thumb Code    86  _printf_hex_int_ll_ptr.o(.text)
    _printf_int_hex                          0x0800492f   Thumb Code    28  _printf_hex_int_ll_ptr.o(.text)
    _printf_ll_hex                           0x0800494b   Thumb Code    12  _printf_hex_int_ll_ptr.o(.text)
    _printf_hex_ptr                          0x08004957   Thumb Code    18  _printf_hex_int_ll_ptr.o(.text)
    strtol                                   0x0800496d   Thumb Code   112  strtol.o(.text)
    __user_libspace                          0x080049dd   Thumb Code     8  libspace.o(.text)
    __user_perproc_libspace                  0x080049dd   Thumb Code     0  libspace.o(.text)
    __user_perthread_libspace                0x080049dd   Thumb Code     0  libspace.o(.text)
    __rt_ctype_table                         0x080049e5   Thumb Code    16  rt_ctype_table.o(.text)
    _ll_udiv10                               0x080049f5   Thumb Code   138  lludiv10.o(.text)
    __lib_sel_fp_printf                      0x08004a7f   Thumb Code     2  _printf_fp_dec.o(.text)
    _printf_fp_dec_real                      0x08004c2d   Thumb Code   620  _printf_fp_dec.o(.text)
    _printf_fp_hex_real                      0x08004e99   Thumb Code   754  _printf_fp_hex.o(.text)
    _printf_lcs_common                       0x08005195   Thumb Code    20  _printf_wchar.o(.text)
    _printf_wchar                            0x080051a9   Thumb Code    16  _printf_wchar.o(.text)
    _printf_wstring                          0x080051b9   Thumb Code     8  _printf_wchar.o(.text)
    _strtoul                                 0x080051c1   Thumb Code   158  _strtoul.o(.text)
    _wcrtomb                                 0x0800525f   Thumb Code    64  _wcrtomb.o(.text)
    __user_setup_stackheap                   0x0800529f   Thumb Code    74  sys_stackheap_outer.o(.text)
    __rt_locale                              0x080052e9   Thumb Code     8  rt_locale_intlibspace.o(.text)
    _printf_fp_infnan                        0x080052f1   Thumb Code   112  _printf_fp_infnan.o(.text)
    _chval                                   0x08005371   Thumb Code    28  _chval.o(.text)
    _btod_etento                             0x0800538d   Thumb Code   216  bigflt0.o(.text)
    exit                                     0x08005469   Thumb Code    12  exit.o(.text)
    _sys_exit                                0x08005475   Thumb Code     8  sys_exit.o(.text)
    __I$use$semihosting                      0x08005481   Thumb Code     0  use_no_semi.o(.text)
    __use_no_semihosting_swi                 0x08005481   Thumb Code     2  use_no_semi.o(.text)
    __semihosting_library_function           0x08005483   Thumb Code     0  indicate_semi.o(.text)
    _btod_d2e                                0x08005483   Thumb Code    62  btod.o(CL$$btod_d2e)
    _d2e_denorm_low                          0x080054c1   Thumb Code    70  btod.o(CL$$btod_d2e_denorm_low)
    _d2e_norm_op1                            0x08005507   Thumb Code    96  btod.o(CL$$btod_d2e_norm_op1)
    __btod_div_common                        0x08005567   Thumb Code   696  btod.o(CL$$btod_div_common)
    _e2e                                     0x0800589f   Thumb Code   198  btod.o(CL$$btod_e2e)
    _btod_ediv                               0x08005965   Thumb Code    40  btod.o(CL$$btod_ediv)
    _btod_emul                               0x0800598d   Thumb Code    40  btod.o(CL$$btod_emul)
    __btod_mult_common                       0x080059b5   Thumb Code   580  btod.o(CL$$btod_mult_common)
    __ARM_fpclassify                         0x08005bf9   Thumb Code    40  fpclassify.o(i.__ARM_fpclassify)
    __kernel_poly                            0x08005c21   Thumb Code   170  poly.o(i.__kernel_poly)
    __mathlib_dbl_infnan                     0x08005ccb   Thumb Code     6  dunder.o(i.__mathlib_dbl_infnan)
    __mathlib_dbl_infnan2                    0x08005cd1   Thumb Code     4  dunder.o(i.__mathlib_dbl_infnan2)
    __mathlib_dbl_underflow                  0x08005cd5   Thumb Code    10  dunder.o(i.__mathlib_dbl_underflow)
    _is_digit                                0x08005ce5   Thumb Code    14  __printf_wp.o(i._is_digit)
    atan                                     0x08005cf5   Thumb Code   474  atan.o(i.atan)
    atan2                                    0x08005f15   Thumb Code   346  atan2.o(i.atan2)
    round                                    0x08006095   Thumb Code   136  round.o(i.round)
    _get_lc_ctype                            0x08006129   Thumb Code    44  lc_ctype_c.o(locale$$code)
    _get_lc_numeric                          0x08006155   Thumb Code    44  lc_numeric_c.o(locale$$code)
    __aeabi_d2f                              0x08006181   Thumb Code     0  d2f.o(x$fpl$d2f)
    _d2f                                     0x08006181   Thumb Code    98  d2f.o(x$fpl$d2f)
    __aeabi_dadd                             0x080061e5   Thumb Code     0  daddsub_clz.o(x$fpl$dadd)
    _dadd                                    0x080061e5   Thumb Code   332  daddsub_clz.o(x$fpl$dadd)
    __fpl_dcheck_NaN1                        0x08006335   Thumb Code    10  dcheck1.o(x$fpl$dcheck1)
    __fpl_dcmp_Inf                           0x08006345   Thumb Code    24  dcmpi.o(x$fpl$dcmpinf)
    __aeabi_ddiv                             0x0800635d   Thumb Code     0  ddiv.o(x$fpl$ddiv)
    _ddiv                                    0x0800635d   Thumb Code   552  ddiv.o(x$fpl$ddiv)
    __aeabi_d2iz                             0x0800660d   Thumb Code     0  dfix.o(x$fpl$dfix)
    _dfix                                    0x0800660d   Thumb Code    94  dfix.o(x$fpl$dfix)
    __aeabi_d2uiz                            0x0800666d   Thumb Code     0  dfixu.o(x$fpl$dfixu)
    _dfixu                                   0x0800666d   Thumb Code    90  dfixu.o(x$fpl$dfixu)
    __aeabi_i2d                              0x080066c7   Thumb Code     0  dflt_clz.o(x$fpl$dflt)
    _dflt                                    0x080066c7   Thumb Code    46  dflt_clz.o(x$fpl$dflt)
    __aeabi_ui2d                             0x080066f5   Thumb Code     0  dflt_clz.o(x$fpl$dfltu)
    _dfltu                                   0x080066f5   Thumb Code    38  dflt_clz.o(x$fpl$dfltu)
    __aeabi_cdcmple                          0x0800671d   Thumb Code     0  dleqf.o(x$fpl$dleqf)
    _dcmple                                  0x0800671d   Thumb Code   120  dleqf.o(x$fpl$dleqf)
    __fpl_dcmple_InfNaN                      0x0800677f   Thumb Code     0  dleqf.o(x$fpl$dleqf)
    __aeabi_dmul                             0x08006795   Thumb Code     0  dmul.o(x$fpl$dmul)
    _dmul                                    0x08006795   Thumb Code   332  dmul.o(x$fpl$dmul)
    __fpl_dnaninf                            0x080068e9   Thumb Code   156  dnaninf.o(x$fpl$dnaninf)
    __fpl_dretinf                            0x08006985   Thumb Code    12  dretinf.o(x$fpl$dretinf)
    __aeabi_cdrcmple                         0x08006991   Thumb Code     0  drleqf.o(x$fpl$drleqf)
    _drcmple                                 0x08006991   Thumb Code   108  drleqf.o(x$fpl$drleqf)
    _drnd                                    0x080069fd   Thumb Code   180  drnd.o(x$fpl$drnd)
    __aeabi_drsub                            0x08006ab1   Thumb Code     0  daddsub_clz.o(x$fpl$drsb)
    _drsb                                    0x08006ab1   Thumb Code    22  daddsub_clz.o(x$fpl$drsb)
    __aeabi_dsub                             0x08006ac9   Thumb Code     0  daddsub_clz.o(x$fpl$dsub)
    _dsub                                    0x08006ac9   Thumb Code   464  daddsub_clz.o(x$fpl$dsub)
    __aeabi_f2d                              0x08006c9d   Thumb Code     0  f2d.o(x$fpl$f2d)
    _f2d                                     0x08006c9d   Thumb Code    86  f2d.o(x$fpl$f2d)
    __aeabi_fadd                             0x08006cf5   Thumb Code     0  faddsub_clz.o(x$fpl$fadd)
    _fadd                                    0x08006cf5   Thumb Code   196  faddsub_clz.o(x$fpl$fadd)
    __fpl_fcheck_NaN1                        0x08006db9   Thumb Code     6  fcheck1.o(x$fpl$fcheck1)
    __aeabi_fdiv                             0x08006dc5   Thumb Code     0  fdiv.o(x$fpl$fdiv)
    _fdiv                                    0x08006dc5   Thumb Code   384  fdiv.o(x$fpl$fdiv)
    __aeabi_f2uiz                            0x08006f49   Thumb Code     0  ffixu.o(x$fpl$ffixu)
    _ffixu                                   0x08006f49   Thumb Code    62  ffixu.o(x$fpl$ffixu)
    __aeabi_i2f                              0x08006f89   Thumb Code     0  fflt_clz.o(x$fpl$fflt)
    _fflt                                    0x08006f89   Thumb Code    48  fflt_clz.o(x$fpl$fflt)
    __fpl_fnaninf                            0x08006fb9   Thumb Code   140  fnaninf.o(x$fpl$fnaninf)
    __fpl_fretinf                            0x08007045   Thumb Code    10  fretinf.o(x$fpl$fretinf)
    __aeabi_fsub                             0x08007051   Thumb Code     0  faddsub_clz.o(x$fpl$fsub)
    _fsub                                    0x08007051   Thumb Code   234  faddsub_clz.o(x$fpl$fsub)
    _printf_fp_dec                           0x0800713b   Thumb Code     4  printf1.o(x$fpl$printf1)
    _printf_fp_hex                           0x0800713f   Thumb Code     4  printf2.o(x$fpl$printf2)
    __fpl_return_NaN                         0x08007143   Thumb Code   100  retnan.o(x$fpl$retnan)
    __ARM_scalbn                             0x080071a7   Thumb Code    92  scalbn.o(x$fpl$scalbn)
    __ARM_scalbnf                            0x08007203   Thumb Code    76  scalbnf.o(x$fpl$scalbnf)
    __fpl_cmpreturn                          0x0800724f   Thumb Code    48  trapv.o(x$fpl$trapveneer)
    OLED_F8x16                               0x0800727e   Data        1520  oled_data.o(.constdata)
    __I$use$fp                               0x0800727e   Number         0  usenofp.o(x$fpl$usenofp)
    OLED_F6x8                                0x0800786e   Data         570  oled_data.o(.constdata)
    OLED_CF16x16                             0x08007aa8   Data         648  oled_data.o(.constdata)
    __mathlib_zero                           0x08007e50   Data           8  qnan.o(.constdata)
    Region$$Table$$Base                      0x08007f14   Number         0  anon$$obj.o(Region$$Table)
    Region$$Table$$Limit                     0x08007f34   Number         0  anon$$obj.o(Region$$Table)
    __ctype                                  0x08007f41   Data           0  lc_ctype_c.o(locale$$data)
    CardA_UID                                0x20000000   Data           4  main.o(.data)
    SystemCoreClock                          0x20000004   Data           4  system_stm32f10x.o(.data)
    AHBPrescTable                            0x20000008   Data          16  system_stm32f10x.o(.data)
    Key_Num                                  0x20000020   Data           1  button4_4.o(.data)
    key_row_num                              0x20000021   Data           1  button4_4.o(.data)
    OLED_DisplayBuf                          0x2000005c   Data        1024  oled.o(.bss)
    __libspace_start                         0x200004c0   Data          96  libspace.o(.bss)
    __temporary_stack_top$libspace           0x20000520   Data           0  libspace.o(.bss)



==============================================================================

Memory Map of the image

  Image Entry point : 0x080000ed

  Load Region LR_IROM1 (Base: 0x08000000, Size: 0x000080bc, Max: 0x00010000, ABSOLUTE)

    Execution Region ER_IROM1 (Base: 0x08000000, Size: 0x00008060, Max: 0x00010000, ABSOLUTE)

    Base Addr    Size         Type   Attr      Idx    E Section Name        Object

    0x08000000   0x000000ec   Data   RO          390    RESET               startup_stm32f10x_md.o
    0x080000ec   0x00000008   Code   RO          723  * !!!main             c_w.l(__main.o)
    0x080000f4   0x00000034   Code   RO         1142    !!!scatter          c_w.l(__scatter.o)
    0x08000128   0x0000001a   Code   RO         1144    !!handler_copy      c_w.l(__scatter_copy.o)
    0x08000142   0x00000002   PAD
    0x08000144   0x0000001c   Code   RO         1146    !!handler_zi        c_w.l(__scatter_zi.o)
    0x08000160   0x00000000   Code   RO          716    .ARM.Collect$$_printf_percent$$00000000  c_w.l(_printf_percent.o)
    0x08000160   0x00000006   Code   RO          848    .ARM.Collect$$_printf_percent$$00000001  c_w.l(_printf_n.o)
    0x08000166   0x00000006   Code   RO          850    .ARM.Collect$$_printf_percent$$00000002  c_w.l(_printf_p.o)
    0x0800016c   0x00000006   Code   RO          854    .ARM.Collect$$_printf_percent$$00000003  c_w.l(_printf_f.o)
    0x08000172   0x00000006   Code   RO          855    .ARM.Collect$$_printf_percent$$00000004  c_w.l(_printf_e.o)
    0x08000178   0x00000006   Code   RO          856    .ARM.Collect$$_printf_percent$$00000005  c_w.l(_printf_g.o)
    0x0800017e   0x00000006   Code   RO          857    .ARM.Collect$$_printf_percent$$00000006  c_w.l(_printf_a.o)
    0x08000184   0x0000000a   Code   RO          862    .ARM.Collect$$_printf_percent$$00000007  c_w.l(_printf_ll.o)
    0x0800018e   0x00000006   Code   RO          852    .ARM.Collect$$_printf_percent$$00000008  c_w.l(_printf_i.o)
    0x08000194   0x00000006   Code   RO          715    .ARM.Collect$$_printf_percent$$00000009  c_w.l(_printf_d.o)
    0x0800019a   0x00000006   Code   RO          853    .ARM.Collect$$_printf_percent$$0000000A  c_w.l(_printf_u.o)
    0x080001a0   0x00000006   Code   RO          851    .ARM.Collect$$_printf_percent$$0000000B  c_w.l(_printf_o.o)
    0x080001a6   0x00000006   Code   RO          849    .ARM.Collect$$_printf_percent$$0000000C  c_w.l(_printf_x.o)
    0x080001ac   0x00000006   Code   RO          859    .ARM.Collect$$_printf_percent$$0000000D  c_w.l(_printf_lli.o)
    0x080001b2   0x00000006   Code   RO          860    .ARM.Collect$$_printf_percent$$0000000E  c_w.l(_printf_lld.o)
    0x080001b8   0x00000006   Code   RO          861    .ARM.Collect$$_printf_percent$$0000000F  c_w.l(_printf_llu.o)
    0x080001be   0x00000006   Code   RO          866    .ARM.Collect$$_printf_percent$$00000010  c_w.l(_printf_llo.o)
    0x080001c4   0x00000006   Code   RO          867    .ARM.Collect$$_printf_percent$$00000011  c_w.l(_printf_llx.o)
    0x080001ca   0x0000000a   Code   RO          863    .ARM.Collect$$_printf_percent$$00000012  c_w.l(_printf_l.o)
    0x080001d4   0x00000006   Code   RO          714    .ARM.Collect$$_printf_percent$$00000013  c_w.l(_printf_c.o)
    0x080001da   0x00000006   Code   RO          847    .ARM.Collect$$_printf_percent$$00000014  c_w.l(_printf_s.o)
    0x080001e0   0x00000006   Code   RO          864    .ARM.Collect$$_printf_percent$$00000015  c_w.l(_printf_lc.o)
    0x080001e6   0x00000006   Code   RO          865    .ARM.Collect$$_printf_percent$$00000016  c_w.l(_printf_ls.o)
    0x080001ec   0x00000004   Code   RO          858    .ARM.Collect$$_printf_percent$$00000017  c_w.l(_printf_percent_end.o)
    0x080001f0   0x00000002   Code   RO         1010    .ARM.Collect$$libinit$$00000000  c_w.l(libinit.o)
    0x080001f2   0x00000000   Code   RO         1020    .ARM.Collect$$libinit$$00000002  c_w.l(libinit2.o)
    0x080001f2   0x00000000   Code   RO         1022    .ARM.Collect$$libinit$$00000004  c_w.l(libinit2.o)
    0x080001f2   0x00000000   Code   RO         1025    .ARM.Collect$$libinit$$0000000A  c_w.l(libinit2.o)
    0x080001f2   0x00000000   Code   RO         1027    .ARM.Collect$$libinit$$0000000C  c_w.l(libinit2.o)
    0x080001f2   0x00000000   Code   RO         1029    .ARM.Collect$$libinit$$0000000E  c_w.l(libinit2.o)
    0x080001f2   0x00000006   Code   RO         1030    .ARM.Collect$$libinit$$0000000F  c_w.l(libinit2.o)
    0x080001f8   0x00000000   Code   RO         1032    .ARM.Collect$$libinit$$00000011  c_w.l(libinit2.o)
    0x080001f8   0x0000000c   Code   RO         1033    .ARM.Collect$$libinit$$00000012  c_w.l(libinit2.o)
    0x08000204   0x00000000   Code   RO         1034    .ARM.Collect$$libinit$$00000013  c_w.l(libinit2.o)
    0x08000204   0x00000000   Code   RO         1036    .ARM.Collect$$libinit$$00000015  c_w.l(libinit2.o)
    0x08000204   0x0000000a   Code   RO         1037    .ARM.Collect$$libinit$$00000016  c_w.l(libinit2.o)
    0x0800020e   0x00000000   Code   RO         1038    .ARM.Collect$$libinit$$00000017  c_w.l(libinit2.o)
    0x0800020e   0x00000000   Code   RO         1040    .ARM.Collect$$libinit$$00000019  c_w.l(libinit2.o)
    0x0800020e   0x00000000   Code   RO         1042    .ARM.Collect$$libinit$$0000001B  c_w.l(libinit2.o)
    0x0800020e   0x00000000   Code   RO         1044    .ARM.Collect$$libinit$$0000001D  c_w.l(libinit2.o)
    0x0800020e   0x00000000   Code   RO         1046    .ARM.Collect$$libinit$$0000001F  c_w.l(libinit2.o)
    0x0800020e   0x00000000   Code   RO         1048    .ARM.Collect$$libinit$$00000021  c_w.l(libinit2.o)
    0x0800020e   0x00000000   Code   RO         1050    .ARM.Collect$$libinit$$00000023  c_w.l(libinit2.o)
    0x0800020e   0x00000000   Code   RO         1052    .ARM.Collect$$libinit$$00000025  c_w.l(libinit2.o)
    0x0800020e   0x00000000   Code   RO         1056    .ARM.Collect$$libinit$$0000002C  c_w.l(libinit2.o)
    0x0800020e   0x00000000   Code   RO         1058    .ARM.Collect$$libinit$$0000002E  c_w.l(libinit2.o)
    0x0800020e   0x00000000   Code   RO         1060    .ARM.Collect$$libinit$$00000030  c_w.l(libinit2.o)
    0x0800020e   0x00000000   Code   RO         1062    .ARM.Collect$$libinit$$00000032  c_w.l(libinit2.o)
    0x0800020e   0x00000002   Code   RO         1063    .ARM.Collect$$libinit$$00000033  c_w.l(libinit2.o)
    0x08000210   0x00000002   Code   RO         1083    .ARM.Collect$$libshutdown$$00000000  c_w.l(libshutdown.o)
    0x08000212   0x00000000   Code   RO         1097    .ARM.Collect$$libshutdown$$00000003  c_w.l(libshutdown2.o)
    0x08000212   0x00000000   Code   RO         1100    .ARM.Collect$$libshutdown$$00000006  c_w.l(libshutdown2.o)
    0x08000212   0x00000000   Code   RO         1103    .ARM.Collect$$libshutdown$$00000009  c_w.l(libshutdown2.o)
    0x08000212   0x00000000   Code   RO         1105    .ARM.Collect$$libshutdown$$0000000B  c_w.l(libshutdown2.o)
    0x08000212   0x00000000   Code   RO         1108    .ARM.Collect$$libshutdown$$0000000E  c_w.l(libshutdown2.o)
    0x08000212   0x00000002   Code   RO         1109    .ARM.Collect$$libshutdown$$0000000F  c_w.l(libshutdown2.o)
    0x08000214   0x00000000   Code   RO          791    .ARM.Collect$$rtentry$$00000000  c_w.l(__rtentry.o)
    0x08000214   0x00000000   Code   RO          922    .ARM.Collect$$rtentry$$00000002  c_w.l(__rtentry2.o)
    0x08000214   0x00000006   Code   RO          934    .ARM.Collect$$rtentry$$00000004  c_w.l(__rtentry4.o)
    0x0800021a   0x00000000   Code   RO          924    .ARM.Collect$$rtentry$$00000009  c_w.l(__rtentry2.o)
    0x0800021a   0x00000004   Code   RO          925    .ARM.Collect$$rtentry$$0000000A  c_w.l(__rtentry2.o)
    0x0800021e   0x00000000   Code   RO          927    .ARM.Collect$$rtentry$$0000000C  c_w.l(__rtentry2.o)
    0x0800021e   0x00000008   Code   RO          928    .ARM.Collect$$rtentry$$0000000D  c_w.l(__rtentry2.o)
    0x08000226   0x00000002   Code   RO         1017    .ARM.Collect$$rtexit$$00000000  c_w.l(rtexit.o)
    0x08000228   0x00000000   Code   RO         1065    .ARM.Collect$$rtexit$$00000002  c_w.l(rtexit2.o)
    0x08000228   0x00000004   Code   RO         1066    .ARM.Collect$$rtexit$$00000003  c_w.l(rtexit2.o)
    0x0800022c   0x00000006   Code   RO         1067    .ARM.Collect$$rtexit$$00000004  c_w.l(rtexit2.o)
    0x08000232   0x00000002   PAD
    0x08000234   0x00000078   Code   RO            1    .text               main.o
    0x080002ac   0x00000012   Code   RO          156    .text               stm32f10x_it.o
    0x080002be   0x00000002   PAD
    0x080002c0   0x00000158   Code   RO          171    .text               system_stm32f10x.o
    0x08000418   0x00000294   Code   RO          189    .text               timer_key.o
    0x080006ac   0x00000674   Code   RO          203    .text               rc522.o
    0x08000d20   0x00001096   Code   RO          251    .text               oled.o
    0x08001db6   0x00000002   PAD
    0x08001db8   0x00000214   Code   RO          274    .text               servo.o
    0x08001fcc   0x0000017c   Code   RO          286    .text               button4_4.o
    0x08002148   0x00000760   Code   RO          320    .text               user_logic.o
    0x080028a8   0x00000098   Code   RO          347    .text               delay.o
    0x08002940   0x00000040   Code   RO          391    .text               startup_stm32f10x_md.o
    0x08002980   0x000000b0   Code   RO          395    .text               misc.o
    0x08002a30   0x00000264   Code   RO          407    .text               stm32f10x_gpio.o
    0x08002c94   0x000002b8   Code   RO          419    .text               stm32f10x_rcc.o
    0x08002f4c   0x00000480   Code   RO          565    .text               stm32f10x_flash.o
    0x080033cc   0x00000328   Code   RO          578    .text               stm32f10x_i2c.o
    0x080036f4   0x00000af0   Code   RO          651    .text               stm32f10x_tim.o
    0x080041e4   0x00000024   Code   RO          678    .text               c_w.l(vsprintf.o)
    0x08004208   0x0000002c   Code   RO          680    .text               c_w.l(__2sprintf.o)
    0x08004234   0x00000038   Code   RO          682    .text               c_w.l(__2snprintf.o)
    0x0800426c   0x00000052   Code   RO          690    .text               c_w.l(_printf_str.o)
    0x080042be   0x00000002   PAD
    0x080042c0   0x00000078   Code   RO          692    .text               c_w.l(_printf_dec.o)
    0x08004338   0x00000188   Code   RO          711    .text               c_w.l(__printf_flags_ss_wp.o)
    0x080044c0   0x0000001a   Code   RO          717    .text               c_w.l(atoi.o)
    0x080044da   0x00000002   PAD
    0x080044dc   0x00000080   Code   RO          719    .text               c_w.l(strcmpv7m.o)
    0x0800455c   0x00000006   Code   RO          721    .text               c_w.l(heapauxi.o)
    0x08004562   0x00000002   PAD
    0x08004564   0x00000008   Code   RO          795    .text               c_w.l(rt_errno_addr_intlibspace.o)
    0x0800456c   0x0000004e   Code   RO          799    .text               c_w.l(_printf_pad.o)
    0x080045ba   0x00000024   Code   RO          801    .text               c_w.l(_printf_truncate.o)
    0x080045de   0x000000b2   Code   RO          803    .text               c_w.l(_printf_intcommon.o)
    0x08004690   0x00000028   Code   RO          805    .text               c_w.l(_printf_charcount.o)
    0x080046b8   0x00000030   Code   RO          807    .text               c_w.l(_printf_char_common.o)
    0x080046e8   0x0000000a   Code   RO          809    .text               c_w.l(_sputc.o)
    0x080046f2   0x00000010   Code   RO          811    .text               c_w.l(_snputc.o)
    0x08004702   0x0000002c   Code   RO          813    .text               c_w.l(_printf_char.o)
    0x0800472e   0x00000002   PAD
    0x08004730   0x000000bc   Code   RO          815    .text               c_w.l(_printf_wctomb.o)
    0x080047ec   0x0000007c   Code   RO          818    .text               c_w.l(_printf_longlong_dec.o)
    0x08004868   0x00000070   Code   RO          824    .text               c_w.l(_printf_oct_int_ll.o)
    0x080048d8   0x00000094   Code   RO          844    .text               c_w.l(_printf_hex_int_ll_ptr.o)
    0x0800496c   0x00000070   Code   RO          868    .text               c_w.l(strtol.o)
    0x080049dc   0x00000008   Code   RO          918    .text               c_w.l(libspace.o)
    0x080049e4   0x00000010   Code   RO          936    .text               c_w.l(rt_ctype_table.o)
    0x080049f4   0x0000008a   Code   RO          938    .text               c_w.l(lludiv10.o)
    0x08004a7e   0x0000041a   Code   RO          940    .text               c_w.l(_printf_fp_dec.o)
    0x08004e98   0x000002fc   Code   RO          942    .text               c_w.l(_printf_fp_hex.o)
    0x08005194   0x0000002c   Code   RO          947    .text               c_w.l(_printf_wchar.o)
    0x080051c0   0x0000009e   Code   RO          949    .text               c_w.l(_strtoul.o)
    0x0800525e   0x00000040   Code   RO          951    .text               c_w.l(_wcrtomb.o)
    0x0800529e   0x0000004a   Code   RO          961    .text               c_w.l(sys_stackheap_outer.o)
    0x080052e8   0x00000008   Code   RO          966    .text               c_w.l(rt_locale_intlibspace.o)
    0x080052f0   0x00000080   Code   RO          968    .text               c_w.l(_printf_fp_infnan.o)
    0x08005370   0x0000001c   Code   RO          970    .text               c_w.l(_chval.o)
    0x0800538c   0x000000dc   Code   RO          972    .text               c_w.l(bigflt0.o)
    0x08005468   0x0000000c   Code   RO         1003    .text               c_w.l(exit.o)
    0x08005474   0x0000000c   Code   RO         1075    .text               c_w.l(sys_exit.o)
    0x08005480   0x00000002   Code   RO         1086    .text               c_w.l(use_no_semi.o)
    0x08005482   0x00000000   Code   RO         1088    .text               c_w.l(indicate_semi.o)
    0x08005482   0x0000003e   Code   RO          975    CL$$btod_d2e        c_w.l(btod.o)
    0x080054c0   0x00000046   Code   RO          977    CL$$btod_d2e_denorm_low  c_w.l(btod.o)
    0x08005506   0x00000060   Code   RO          976    CL$$btod_d2e_norm_op1  c_w.l(btod.o)
    0x08005566   0x00000338   Code   RO          985    CL$$btod_div_common  c_w.l(btod.o)
    0x0800589e   0x000000c6   Code   RO          982    CL$$btod_e2e        c_w.l(btod.o)
    0x08005964   0x00000028   Code   RO          979    CL$$btod_ediv       c_w.l(btod.o)
    0x0800598c   0x00000028   Code   RO          978    CL$$btod_emul       c_w.l(btod.o)
    0x080059b4   0x00000244   Code   RO          984    CL$$btod_mult_common  c_w.l(btod.o)
    0x08005bf8   0x00000028   Code   RO          957    i.__ARM_fpclassify  m_ws.l(fpclassify.o)
    0x08005c20   0x000000aa   Code   RO          959    i.__kernel_poly     m_ws.l(poly.o)
    0x08005cca   0x00000006   Code   RO          904    i.__mathlib_dbl_infnan  m_ws.l(dunder.o)
    0x08005cd0   0x00000004   Code   RO          905    i.__mathlib_dbl_infnan2  m_ws.l(dunder.o)
    0x08005cd4   0x00000010   Code   RO          909    i.__mathlib_dbl_underflow  m_ws.l(dunder.o)
    0x08005ce4   0x0000000e   Code   RO          704    i._is_digit         c_w.l(__printf_wp.o)
    0x08005cf2   0x00000002   PAD
    0x08005cf4   0x00000220   Code   RO          894    i.atan              m_ws.l(atan.o)
    0x08005f14   0x00000180   Code   RO          782    i.atan2             m_ws.l(atan2.o)
    0x08006094   0x00000094   Code   RO          789    i.round             m_ws.l(round.o)
    0x08006128   0x0000002c   Code   RO          998    locale$$code        c_w.l(lc_ctype_c.o)
    0x08006154   0x0000002c   Code   RO         1001    locale$$code        c_w.l(lc_numeric_c.o)
    0x08006180   0x00000062   Code   RO          725    x$fpl$d2f           fz_ws.l(d2f.o)
    0x080061e2   0x00000002   PAD
    0x080061e4   0x00000150   Code   RO          727    x$fpl$dadd          fz_ws.l(daddsub_clz.o)
    0x08006334   0x00000010   Code   RO         1011    x$fpl$dcheck1       fz_ws.l(dcheck1.o)
    0x08006344   0x00000018   Code   RO          870    x$fpl$dcmpinf       fz_ws.l(dcmpi.o)
    0x0800635c   0x000002b0   Code   RO          734    x$fpl$ddiv          fz_ws.l(ddiv.o)
    0x0800660c   0x0000005e   Code   RO          737    x$fpl$dfix          fz_ws.l(dfix.o)
    0x0800666a   0x00000002   PAD
    0x0800666c   0x0000005a   Code   RO          741    x$fpl$dfixu         fz_ws.l(dfixu.o)
    0x080066c6   0x0000002e   Code   RO          746    x$fpl$dflt          fz_ws.l(dflt_clz.o)
    0x080066f4   0x00000026   Code   RO          745    x$fpl$dfltu         fz_ws.l(dflt_clz.o)
    0x0800671a   0x00000002   PAD
    0x0800671c   0x00000078   Code   RO          751    x$fpl$dleqf         fz_ws.l(dleqf.o)
    0x08006794   0x00000154   Code   RO          753    x$fpl$dmul          fz_ws.l(dmul.o)
    0x080068e8   0x0000009c   Code   RO          872    x$fpl$dnaninf       fz_ws.l(dnaninf.o)
    0x08006984   0x0000000c   Code   RO          874    x$fpl$dretinf       fz_ws.l(dretinf.o)
    0x08006990   0x0000006c   Code   RO          755    x$fpl$drleqf        fz_ws.l(drleqf.o)
    0x080069fc   0x000000b4   Code   RO          876    x$fpl$drnd          fz_ws.l(drnd.o)
    0x08006ab0   0x00000016   Code   RO          728    x$fpl$drsb          fz_ws.l(daddsub_clz.o)
    0x08006ac6   0x00000002   PAD
    0x08006ac8   0x000001d4   Code   RO          729    x$fpl$dsub          fz_ws.l(daddsub_clz.o)
    0x08006c9c   0x00000056   Code   RO          757    x$fpl$f2d           fz_ws.l(f2d.o)
    0x08006cf2   0x00000002   PAD
    0x08006cf4   0x000000c4   Code   RO          759    x$fpl$fadd          fz_ws.l(faddsub_clz.o)
    0x08006db8   0x0000000c   Code   RO          878    x$fpl$fcheck1       fz_ws.l(fcheck1.o)
    0x08006dc4   0x00000184   Code   RO          766    x$fpl$fdiv          fz_ws.l(fdiv.o)
    0x08006f48   0x0000003e   Code   RO          769    x$fpl$ffixu         fz_ws.l(ffixu.o)
    0x08006f86   0x00000002   PAD
    0x08006f88   0x00000030   Code   RO          774    x$fpl$fflt          fz_ws.l(fflt_clz.o)
    0x08006fb8   0x0000008c   Code   RO          880    x$fpl$fnaninf       fz_ws.l(fnaninf.o)
    0x08007044   0x0000000a   Code   RO          882    x$fpl$fretinf       fz_ws.l(fretinf.o)
    0x0800704e   0x00000002   PAD
    0x08007050   0x000000ea   Code   RO          761    x$fpl$fsub          fz_ws.l(faddsub_clz.o)
    0x0800713a   0x00000004   Code   RO          884    x$fpl$printf1       fz_ws.l(printf1.o)
    0x0800713e   0x00000004   Code   RO          886    x$fpl$printf2       fz_ws.l(printf2.o)
    0x08007142   0x00000064   Code   RO          953    x$fpl$retnan        fz_ws.l(retnan.o)
    0x080071a6   0x0000005c   Code   RO          955    x$fpl$scalbn        fz_ws.l(scalbn.o)
    0x08007202   0x0000004c   Code   RO          779    x$fpl$scalbnf       fz_ws.l(scalbnf.o)
    0x0800724e   0x00000030   Code   RO         1015    x$fpl$trapveneer    fz_ws.l(trapv.o)
    0x0800727e   0x00000000   Code   RO          892    x$fpl$usenofp       fz_ws.l(usenofp.o)
    0x0800727e   0x000005f0   Data   RO          305    .constdata          oled_data.o
    0x0800786e   0x0000023a   Data   RO          306    .constdata          oled_data.o
    0x08007aa8   0x00000288   Data   RO          307    .constdata          oled_data.o
    0x08007d30   0x00000044   Data   RO          322    .constdata          user_logic.o
    0x08007d74   0x00000011   Data   RO          712    .constdata          c_w.l(__printf_flags_ss_wp.o)
    0x08007d85   0x00000003   PAD
    0x08007d88   0x00000008   Data   RO          816    .constdata          c_w.l(_printf_wctomb.o)
    0x08007d90   0x00000028   Data   RO          845    .constdata          c_w.l(_printf_hex_int_ll_ptr.o)
    0x08007db8   0x00000098   Data   RO          895    .constdata          m_ws.l(atan.o)
    0x08007e50   0x00000008   Data   RO          917    .constdata          m_ws.l(qnan.o)
    0x08007e58   0x00000026   Data   RO          943    .constdata          c_w.l(_printf_fp_hex.o)
    0x08007e7e   0x00000002   PAD
    0x08007e80   0x00000094   Data   RO          973    .constdata          c_w.l(bigflt0.o)
    0x08007f14   0x00000020   Data   RO         1140    Region$$Table       anon$$obj.o
    0x08007f34   0x00000110   Data   RO          997    locale$$data        c_w.l(lc_ctype_c.o)
    0x08008044   0x0000001c   Data   RO         1000    locale$$data        c_w.l(lc_numeric_c.o)


    Execution Region RW_IRAM1 (Base: 0x20000000, Size: 0x00000b20, Max: 0x00005000, ABSOLUTE)

    Base Addr    Size         Type   Attr      Idx    E Section Name        Object

    0x20000000   0x00000004   Data   RW            4    .data               main.o
    0x20000004   0x00000014   Data   RW          172    .data               system_stm32f10x.o
    0x20000018   0x00000008   Data   RW          190    .data               timer_key.o
    0x20000020   0x00000002   Data   RW          287    .data               button4_4.o
    0x20000022   0x00000002   PAD
    0x20000024   0x00000020   Data   RW          323    .data               user_logic.o
    0x20000044   0x00000004   Data   RW          348    .data               delay.o
    0x20000048   0x00000014   Data   RW          420    .data               stm32f10x_rcc.o
    0x2000005c   0x00000400   Zero   RW          252    .bss                oled.o
    0x2000045c   0x00000061   Zero   RW          321    .bss                user_logic.o
    0x200004bd   0x00000003   PAD
    0x200004c0   0x00000060   Zero   RW          919    .bss                c_w.l(libspace.o)
    0x20000520   0x00000200   Zero   RW          389    HEAP                startup_stm32f10x_md.o
    0x20000720   0x00000400   Zero   RW          388    STACK               startup_stm32f10x_md.o


==============================================================================

Image component sizes


      Code (inc. data)   RO Data    RW Data    ZI Data      Debug   Object Name

       380         10          0          2          0       1318   button4_4.o
       152         14          0          4          0        991   delay.o
       120          8          0          4          0     261434   main.o
       176         14          0          0          0       1673   misc.o
      4246         46          0          0       1024      12174   oled.o
         0          0       2738          0          0       1026   oled_data.o
      1652         12          0          0          0     209585   rc522.o
       532         42          0          0          0       1739   servo.o
        64         26        236          0       1536        788   startup_stm32f10x_md.o
      1152         22          0          0          0       7988   stm32f10x_flash.o
       612         36          0          0          0       4949   stm32f10x_gpio.o
       808         14          0          0          0       8039   stm32f10x_i2c.o
        18          0          0          0          0       1158   stm32f10x_it.o
       696         32          0         20          0       8060   stm32f10x_rcc.o
      2800         84          0          0          0      18170   stm32f10x_tim.o
         0          0          0          0          0         32   sys.o
       344         34          0         20          0       1727   system_stm32f10x.o
       660         12          0          8          0       2408   timer_key.o
      1888        160         68         32         97       6509   user_logic.o

    ----------------------------------------------------------------------
     16304        566       3074         92       2660     549768   Object Totals
         0          0         32          0          0          0   (incl. Generated)
         4          0          0          2          3          0   (incl. Padding)

    ----------------------------------------------------------------------

      Code (inc. data)   RO Data    RW Data    ZI Data      Debug   Library Member Name

        56          6          0          0          0         88   __2snprintf.o
        44          6          0          0          0         84   __2sprintf.o
         8          0          0          0          0         68   __main.o
       392          4         17          0          0         92   __printf_flags_ss_wp.o
        14          0          0          0          0         68   __printf_wp.o
         0          0          0          0          0          0   __rtentry.o
        12          0          0          0          0          0   __rtentry2.o
         6          0          0          0          0          0   __rtentry4.o
        52          8          0          0          0          0   __scatter.o
        26          0          0          0          0          0   __scatter_copy.o
        28          0          0          0          0          0   __scatter_zi.o
        28          0          0          0          0         68   _chval.o
         6          0          0          0          0          0   _printf_a.o
         6          0          0          0          0          0   _printf_c.o
        44          0          0          0          0        108   _printf_char.o
        48          6          0          0          0         96   _printf_char_common.o
        40          0          0          0          0         68   _printf_charcount.o
         6          0          0          0          0          0   _printf_d.o
       120         16          0          0          0         92   _printf_dec.o
         6          0          0          0          0          0   _printf_e.o
         6          0          0          0          0          0   _printf_f.o
      1050          0          0          0          0        216   _printf_fp_dec.o
       764         10         38          0          0        100   _printf_fp_hex.o
       128         16          0          0          0         84   _printf_fp_infnan.o
         6          0          0          0          0          0   _printf_g.o
       148          4         40          0          0        160   _printf_hex_int_ll_ptr.o
         6          0          0          0          0          0   _printf_i.o
       178          0          0          0          0         88   _printf_intcommon.o
        10          0          0          0          0          0   _printf_l.o
         6          0          0          0          0          0   _printf_lc.o
        10          0          0          0          0          0   _printf_ll.o
         6          0          0          0          0          0   _printf_lld.o
         6          0          0          0          0          0   _printf_lli.o
         6          0          0          0          0          0   _printf_llo.o
         6          0          0          0          0          0   _printf_llu.o
         6          0          0          0          0          0   _printf_llx.o
       124         16          0          0          0         92   _printf_longlong_dec.o
         6          0          0          0          0          0   _printf_ls.o
         6          0          0          0          0          0   _printf_n.o
         6          0          0          0          0          0   _printf_o.o
       112          8          0          0          0        124   _printf_oct_int_ll.o
         6          0          0          0          0          0   _printf_p.o
        78          0          0          0          0        108   _printf_pad.o
         0          0          0          0          0          0   _printf_percent.o
         4          0          0          0          0          0   _printf_percent_end.o
         6          0          0          0          0          0   _printf_s.o
        82          0          0          0          0         80   _printf_str.o
        36          0          0          0          0         84   _printf_truncate.o
         6          0          0          0          0          0   _printf_u.o
        44          0          0          0          0        108   _printf_wchar.o
       188          6          8          0          0         92   _printf_wctomb.o
         6          0          0          0          0          0   _printf_x.o
        16          0          0          0          0         68   _snputc.o
        10          0          0          0          0         68   _sputc.o
       158          0          0          0          0         92   _strtoul.o
        64          0          0          0          0         92   _wcrtomb.o
        26          0          0          0          0         80   atoi.o
       220          4        148          0          0         96   bigflt0.o
      1910        128          0          0          0        672   btod.o
        12          0          0          0          0         72   exit.o
         6          0          0          0          0        152   heapauxi.o
         0          0          0          0          0          0   indicate_semi.o
        44         10        272          0          0         76   lc_ctype_c.o
        44         10         28          0          0         76   lc_numeric_c.o
         2          0          0          0          0          0   libinit.o
        30          0          0          0          0          0   libinit2.o
         2          0          0          0          0          0   libshutdown.o
         2          0          0          0          0          0   libshutdown2.o
         8          4          0          0         96         68   libspace.o
       138          0          0          0          0         80   lludiv10.o
        16          4          0          0          0         76   rt_ctype_table.o
         8          4          0          0          0         68   rt_errno_addr_intlibspace.o
         8          4          0          0          0         68   rt_locale_intlibspace.o
         2          0          0          0          0          0   rtexit.o
        10          0          0          0          0          0   rtexit2.o
       128          0          0          0          0         68   strcmpv7m.o
       112          0          0          0          0         88   strtol.o
        12          4          0          0          0         68   sys_exit.o
        74          0          0          0          0         80   sys_stackheap_outer.o
         2          0          0          0          0         68   use_no_semi.o
        36          4          0          0          0         76   vsprintf.o
        98          4          0          0          0         92   d2f.o
       826         16          0          0          0        348   daddsub_clz.o
        16          4          0          0          0         68   dcheck1.o
        24          0          0          0          0         68   dcmpi.o
       688        140          0          0          0        208   ddiv.o
        94          4          0          0          0         92   dfix.o
        90          4          0          0          0         92   dfixu.o
        84          0          0          0          0        136   dflt_clz.o
       120          4          0          0          0         92   dleqf.o
       340         12          0          0          0        104   dmul.o
       156          4          0          0          0         92   dnaninf.o
        12          0          0          0          0         68   dretinf.o
       108          0          0          0          0         80   drleqf.o
       180          4          0          0          0         80   drnd.o
        86          4          0          0          0         84   f2d.o
       430          8          0          0          0        168   faddsub_clz.o
        12          4          0          0          0         68   fcheck1.o
       388         76          0          0          0         96   fdiv.o
        62          4          0          0          0         84   ffixu.o
        48          0          0          0          0         68   fflt_clz.o
       140          4          0          0          0         84   fnaninf.o
        10          0          0          0          0         68   fretinf.o
         4          0          0          0          0         68   printf1.o
         4          0          0          0          0         68   printf2.o
       100          0          0          0          0         68   retnan.o
        92          0          0          0          0         68   scalbn.o
        76          0          0          0          0         68   scalbnf.o
        48          0          0          0          0         68   trapv.o
         0          0          0          0          0          0   usenofp.o
       544         70        152          0          0        124   atan.o
       384         38          0          0          0        144   atan2.o
        26          6          0          0          0        204   dunder.o
        40          0          0          0          0         68   fpclassify.o
       170          0          0          0          0         96   poly.o
         0          0          8          0          0          0   qnan.o
       148         12          0          0          0         88   round.o

    ----------------------------------------------------------------------
     12770        704        716          0         96       7992   Library Totals
        28          0          5          0          0          0   (incl. Padding)

    ----------------------------------------------------------------------

      Code (inc. data)   RO Data    RW Data    ZI Data      Debug   Library Name

      7094        282        551          0         96       4520   c_w.l
      4336        296          0          0          0       2748   fz_ws.l
      1312        126        160          0          0        724   m_ws.l

    ----------------------------------------------------------------------
     12770        704        716          0         96       7992   Library Totals

    ----------------------------------------------------------------------

==============================================================================


      Code (inc. data)   RO Data    RW Data    ZI Data      Debug   

     29074       1270       3790         92       2756     551204   Grand Totals
     29074       1270       3790         92       2756     551204   ELF Image Totals
     29074       1270       3790         92          0          0   ROM Totals

==============================================================================

    Total RO  Size (Code + RO Data)                32864 (  32.09kB)
    Total RW  Size (RW Data + ZI Data)              2848 (   2.78kB)
    Total ROM Size (Code + RO Data + RW Data)      32956 (  32.18kB)

==============================================================================

